66.249.64.144 - - [22/Feb/2017:02:33:33 +0100] "GET /books/part/15695 HTTP/1.1" 200 10531 "-" "Mozilla/5.0 (Linux; Android 6.0.1; Nexus 5X Build/MMB29P) AppleWebKit/537.36 (KHTML, like Gecko) Chrome/41.0.2272.96 Mobile Safari/537.36 (compatible; Googlebot/2.1; +http://www.google.com/bot.html)"
54.204.220.238 - - [22/Feb/2017:02:33:34 +0100] "GET /books/part/19433 HTTP/1.0" 200 10963 "-" "CCBot/2.0 (http://commoncrawl.org/faq/)"
54.204.220.238 - - [22/Feb/2017:02:33:39 +0100] "GET /books/part/21561 HTTP/1.0" 200 16646 "-" "CCBot/2.0 (http://commoncrawl.org/faq/)"
54.204.220.238 - - [22/Feb/2017:02:33:42 +0100] "GET /books/part/20382 HTTP/1.0" 200 29770 "-" "CCBot/2.0 (http://commoncrawl.org/faq/)"
54.204.220.238 - - [22/Feb/2017:02:33:46 +0100] "GET /books/part/21716 HTTP/1.0" 200 32407 "-" "CCBot/2.0 (http://commoncrawl.org/faq/)"
54.204.220.238 - - [22/Feb/2017:02:33:49 +0100] "GET /books/part/21785 HTTP/1.0" 200 26264 "-" "CCBot/2.0 (http://commoncrawl.org/faq/)"
54.204.220.238 - - [22/Feb/2017:02:33:53 +0100] "GET /books/part/21039 HTTP/1.0" 200 19765 "-" "CCBot/2.0 (http://commoncrawl.org/faq/)"
54.204.220.238 - - [22/Feb/2017:02:33:56 +0100] "GET /books/view/119 HTTP/1.0" 200 25977 "-" "CCBot/2.0 (http://commoncrawl.org/faq/)"
54.204.220.238 - - [22/Feb/2017:02:34:00 +0100] "GET /books/part/176 HTTP/1.0" 200 19449 "-" "CCBot/2.0 (http://commoncrawl.org/faq/)"
54.204.220.238 - - [22/Feb/2017:02:34:04 +0100] "GET /books/part/20437 HTTP/1.0" 200 23872 "-" "CCBot/2.0 (http://commoncrawl.org/faq/)"
37.29.88.247 - - [22/Feb/2017:02:34:04 +0100] "GET /css/s.css HTTP/1.1" 200 228 "https://www.google.ru/search?q=%D1%81%D1%82%D0%B0%D1%82%D0%B8%D1%81%D1%82%D0%B8%D1%87%D0%B5%D1%81%D0%BA%D0%B8%D0%B5+%D0%BF%D0%BE%D0%BA%D0%B0%D0%B7%D0%B0%D1%82%D0%B5%D0%BB%D0%B8+%D1%83%D1%80%D0%BE%D0%B2%D0%BD%D1%8F+%D0%BF%D1%80%D0%BE%D0%B8%D0%B7%D0%B2%D0%BE%D0%B4%D1%81%D1%82%D0%B2%D0%B5%D0%BD%D0%BD%D0%BE%D0%B3%D0%BE+%D1%82%D1%80%D0%B0%D0%B2%D0%BC%D0%B0%D1%82%D0%B8%D0%B7%D0%BC%D0%B0&oq=%D1%81%D1%82%D0%B0%D1%82%D0%B8%D1%81%D1%82%D0%B8%D1%87%D0%B5%D1%81%D0%BA%D0%B8%D0%B5+%D0%BF%D0%BE%D0%BA%D0%B0%D0%B7%D0%B0%D1%82%D0%B5%D0%BB%D0%B8+%D1%83%D1%80%D0%BE%D0%B2%D0%BD%D1%8F+%D0%BF%D1%80%D0%BE%D0%B8%D0%B7%D0%B2%D0%BE%D0%B4%D1%81%D1%82%D0%B2%D0%B5%D0%BD%D0%BD%D0%BE%D0%B3%D0%BE+%D1%82%D1%80%D0%B0%D0%B2%D0%BC%D0%B0%D1%82%D0%B8%D0%B7%D0%BC%D0%B0&aqs=chrome..69i57j0.88008j0j4&client=ms-ms-android-samsung-ss&sourceid=chrome-mobile&ie=UTF-8" "Mozilla/5.0 (Linux; Android 5.1.1; SM-J320F Build/LMY47V) AppleWebKit/537.36 (KHTML, like Gecko) Chrome/56.0.2924.87 Mobile Safari/537.36"
37.29.88.247 - - [22/Feb/2017:02:34:04 +0100] "GET /js/md5-min.js HTTP/1.1" 200 5275 "https://www.google.ru/search?q=%D1%81%D1%82%D0%B0%D1%82%D0%B8%D1%81%D1%82%D0%B8%D1%87%D0%B5%D1%81%D0%BA%D0%B8%D0%B5+%D0%BF%D0%BE%D0%BA%D0%B0%D0%B7%D0%B0%D1%82%D0%B5%D0%BB%D0%B8+%D1%83%D1%80%D0%BE%D0%B2%D0%BD%D1%8F+%D0%BF%D1%80%D0%BE%D0%B8%D0%B7%D0%B2%D0%BE%D0%B4%D1%81%D1%82%D0%B2%D0%B5%D0%BD%D0%BD%D0%BE%D0%B3%D0%BE+%D1%82%D1%80%D0%B0%D0%B2%D0%BC%D0%B0%D1%82%D0%B8%D0%B7%D0%BC%D0%B0&oq=%D1%81%D1%82%D0%B0%D1%82%D0%B8%D1%81%D1%82%D0%B8%D1%87%D0%B5%D1%81%D0%BA%D0%B8%D0%B5+%D0%BF%D0%BE%D0%BA%D0%B0%D0%B7%D0%B0%D1%82%D0%B5%D0%BB%D0%B8+%D1%83%D1%80%D0%BE%D0%B2%D0%BD%D1%8F+%D0%BF%D1%80%D0%BE%D0%B8%D0%B7%D0%B2%D0%BE%D0%B4%D1%81%D1%82%D0%B2%D0%B5%D0%BD%D0%BD%D0%BE%D0%B3%D0%BE+%D1%82%D1%80%D0%B0%D0%B2%D0%BC%D0%B0%D1%82%D0%B8%D0%B7%D0%BC%D0%B0&aqs=chrome..69i57j0.88008j0j4&client=ms-ms-android-samsung-ss&sourceid=chrome-mobile&ie=UTF-8" "Mozilla/5.0 (Linux; Android 5.1.1; SM-J320F Build/LMY47V) AppleWebKit/537.36 (KHTML, like Gecko) Chrome/56.0.2924.87 Mobile Safari/537.36"
37.29.88.247 - - [22/Feb/2017:02:34:04 +0100] "GET /books/part/17360 HTTP/1.1" 200 27605 "https://www.google.ru/" "Mozilla/5.0 (Linux; Android 5.1.1; SM-J320F Build/LMY47V) AppleWebKit/537.36 (KHTML, like Gecko) Chrome/56.0.2924.87 Mobile Safari/537.36"
37.29.88.247 - - [22/Feb/2017:02:34:04 +0100] "GET /css/bootstrap-responsive.css HTTP/1.1" 200 22111 "https://www.google.ru/search?q=%D1%81%D1%82%D0%B0%D1%82%D0%B8%D1%81%D1%82%D0%B8%D1%87%D0%B5%D1%81%D0%BA%D0%B8%D0%B5+%D0%BF%D0%BE%D0%BA%D0%B0%D0%B7%D0%B0%D1%82%D0%B5%D0%BB%D0%B8+%D1%83%D1%80%D0%BE%D0%B2%D0%BD%D1%8F+%D0%BF%D1%80%D0%BE%D0%B8%D0%B7%D0%B2%D0%BE%D0%B4%D1%81%D1%82%D0%B2%D0%B5%D0%BD%D0%BD%D0%BE%D0%B3%D0%BE+%D1%82%D1%80%D0%B0%D0%B2%D0%BC%D0%B0%D1%82%D0%B8%D0%B7%D0%BC%D0%B0&oq=%D1%81%D1%82%D0%B0%D1%82%D0%B8%D1%81%D1%82%D0%B8%D1%87%D0%B5%D1%81%D0%BA%D0%B8%D0%B5+%D0%BF%D0%BE%D0%BA%D0%B0%D0%B7%D0%B0%D1%82%D0%B5%D0%BB%D0%B8+%D1%83%D1%80%D0%BE%D0%B2%D0%BD%D1%8F+%D0%BF%D1%80%D0%BE%D0%B8%D0%B7%D0%B2%D0%BE%D0%B4%D1%81%D1%82%D0%B2%D0%B5%D0%BD%D0%BD%D0%BE%D0%B3%D0%BE+%D1%82%D1%80%D0%B0%D0%B2%D0%BC%D0%B0%D1%82%D0%B8%D0%B7%D0%BC%D0%B0&aqs=chrome..69i57j0.88008j0j4&client=ms-ms-android-samsung-ss&sourceid=chrome-mobile&ie=UTF-8" "Mozilla/5.0 (Linux; Android 5.1.1; SM-J320F Build/LMY47V) AppleWebKit/537.36 (KHTML, like Gecko) Chrome/56.0.2924.87 Mobile Safari/537.36"
37.29.88.247 - - [22/Feb/2017:02:34:05 +0100] "GET /js/jquery.js HTTP/1.1" 200 92635 "http://econbooks.ru/books/part/17360" "Mozilla/5.0 (Linux; Android 5.1.1; SM-J320F Build/LMY47V) AppleWebKit/537.36 (KHTML, like Gecko) Chrome/56.0.2924.87 Mobile Safari/537.36"
37.29.88.247 - - [22/Feb/2017:02:34:04 +0100] "GET /css/bootstrap.css HTTP/1.1" 200 146970 "https://www.google.ru/search?q=%D1%81%D1%82%D0%B0%D1%82%D0%B8%D1%81%D1%82%D0%B8%D1%87%D0%B5%D1%81%D0%BA%D0%B8%D0%B5+%D0%BF%D0%BE%D0%BA%D0%B0%D0%B7%D0%B0%D1%82%D0%B5%D0%BB%D0%B8+%D1%83%D1%80%D0%BE%D0%B2%D0%BD%D1%8F+%D0%BF%D1%80%D0%BE%D0%B8%D0%B7%D0%B2%D0%BE%D0%B4%D1%81%D1%82%D0%B2%D0%B5%D0%BD%D0%BD%D0%BE%D0%B3%D0%BE+%D1%82%D1%80%D0%B0%D0%B2%D0%BC%D0%B0%D1%82%D0%B8%D0%B7%D0%BC%D0%B0&oq=%D1%81%D1%82%D0%B0%D1%82%D0%B8%D1%81%D1%82%D0%B8%D1%87%D0%B5%D1%81%D0%BA%D0%B8%D0%B5+%D0%BF%D0%BE%D0%BA%D0%B0%D0%B7%D0%B0%D1%82%D0%B5%D0%BB%D0%B8+%D1%83%D1%80%D0%BE%D0%B2%D0%BD%D1%8F+%D0%BF%D1%80%D0%BE%D0%B8%D0%B7%D0%B2%D0%BE%D0%B4%D1%81%D1%82%D0%B2%D0%B5%D0%BD%D0%BD%D0%BE%D0%B3%D0%BE+%D1%82%D1%80%D0%B0%D0%B2%D0%BC%D0%B0%D1%82%D0%B8%D0%B7%D0%BC%D0%B0&aqs=chrome..69i57j0.88008j0j4&client=ms-ms-android-samsung-ss&sourceid=chrome-mobile&ie=UTF-8" "Mozilla/5.0 (Linux; Android 5.1.1; SM-J320F Build/LMY47V) AppleWebKit/537.36 (KHTML, like Gecko) Chrome/56.0.2924.87 Mobile Safari/537.36"
37.29.88.247 - - [22/Feb/2017:02:34:05 +0100] "GET /js/bootstrap.min.js HTTP/1.1" 200 28538 "http://econbooks.ru/books/part/17360" "Mozilla/5.0 (Linux; Android 5.1.1; SM-J320F Build/LMY47V) AppleWebKit/537.36 (KHTML, like Gecko) Chrome/56.0.2924.87 Mobile Safari/537.36"
37.29.88.247 - - [22/Feb/2017:02:34:06 +0100] "GET /img/logo.png HTTP/1.1" 200 2870 "http://econbooks.ru/css/s.css" "Mozilla/5.0 (Linux; Android 5.1.1; SM-J320F Build/LMY47V) AppleWebKit/537.36 (KHTML, like Gecko) Chrome/56.0.2924.87 Mobile Safari/537.36"
37.29.88.247 - - [22/Feb/2017:02:34:06 +0100] "GET /img/glyphicons-halflings.png HTTP/1.1" 200 12799 "http://econbooks.ru/css/bootstrap.css" "Mozilla/5.0 (Linux; Android 5.1.1; SM-J320F Build/LMY47V) AppleWebKit/537.36 (KHTML, like Gecko) Chrome/56.0.2924.87 Mobile Safari/537.36"
54.204.220.238 - - [22/Feb/2017:02:34:08 +0100] "GET /books/part/21754 HTTP/1.0" 200 10365 "-" "CCBot/2.0 (http://commoncrawl.org/faq/)"
37.29.88.247 - - [22/Feb/2017:02:34:09 +0100] "GET /favicon.ico HTTP/1.1" 404 9141 "http://econbooks.ru/books/part/17360" "Mozilla/5.0 (Linux; Android 5.1.1; SM-J320F Build/LMY47V) AppleWebKit/537.36 (KHTML, like Gecko) Chrome/56.0.2924.87 Mobile Safari/537.36"
54.204.220.238 - - [22/Feb/2017:02:34:12 +0100] "GET /books/part/1232 HTTP/1.0" 200 39476 "-" "CCBot/2.0 (http://commoncrawl.org/faq/)"
54.204.220.238 - - [22/Feb/2017:02:34:16 +0100] "GET /books/part/17437 HTTP/1.0" 200 20917 "-" "CCBot/2.0 (http://commoncrawl.org/faq/)"
185.57.72.112 - - [22/Feb/2017:02:34:19 +0100] "GET /books/part/21620 HTTP/1.1" 200 43315 "-" "Mozilla/5.0 (Linux; Android 6.0.1; SM-J710F Build/MMB29K) AppleWebKit/537.36 (KHTML, like Gecko) Chrome/56.0.2924.87 Mobile Safari/537.36"
185.57.72.112 - - [22/Feb/2017:02:34:19 +0100] "GET /css/s.css HTTP/1.1" 200 228 "http://econbooks.ru/books/part/21620" "Mozilla/5.0 (Linux; Android 6.0.1; SM-J710F Build/MMB29K) AppleWebKit/537.36 (KHTML, like Gecko) Chrome/56.0.2924.87 Mobile Safari/537.36"
185.57.72.112 - - [22/Feb/2017:02:34:19 +0100] "GET /js/md5-min.js HTTP/1.1" 200 5275 "http://econbooks.ru/books/part/21620" "Mozilla/5.0 (Linux; Android 6.0.1; SM-J710F Build/MMB29K) AppleWebKit/537.36 (KHTML, like Gecko) Chrome/56.0.2924.87 Mobile Safari/537.36"
185.57.72.112 - - [22/Feb/2017:02:34:19 +0100] "GET /css/bootstrap-responsive.css HTTP/1.1" 200 22111 "http://econbooks.ru/books/part/21620" "Mozilla/5.0 (Linux; Android 6.0.1; SM-J710F Build/MMB29K) AppleWebKit/537.36 (KHTML, like Gecko) Chrome/56.0.2924.87 Mobile Safari/537.36"
185.57.72.112 - - [22/Feb/2017:02:34:19 +0100] "GET /css/bootstrap.css HTTP/1.1" 200 146970 "http://econbooks.ru/books/part/21620" "Mozilla/5.0 (Linux; Android 6.0.1; SM-J710F Build/MMB29K) AppleWebKit/537.36 (KHTML, like Gecko) Chrome/56.0.2924.87 Mobile Safari/537.36"
185.57.72.112 - - [22/Feb/2017:02:34:19 +0100] "GET /js/bootstrap.min.js HTTP/1.1" 200 28538 "http://econbooks.ru/books/part/21620" "Mozilla/5.0 (Linux; Android 6.0.1; SM-J710F Build/MMB29K) AppleWebKit/537.36 (KHTML, like Gecko) Chrome/56.0.2924.87 Mobile Safari/537.36"
185.57.72.112 - - [22/Feb/2017:02:34:19 +0100] "GET /js/jquery.js HTTP/1.1" 200 92635 "http://econbooks.ru/books/part/21620" "Mozilla/5.0 (Linux; Android 6.0.1; SM-J710F Build/MMB29K) AppleWebKit/537.36 (KHTML, like Gecko) Chrome/56.0.2924.87 Mobile Safari/537.36"
185.57.72.112 - - [22/Feb/2017:02:34:20 +0100] "GET /img/glyphicons-halflings.png HTTP/1.1" 200 12799 "http://econbooks.ru/css/bootstrap.css" "Mozilla/5.0 (Linux; Android 6.0.1; SM-J710F Build/MMB29K) AppleWebKit/537.36 (KHTML, like Gecko) Chrome/56.0.2924.87 Mobile Safari/537.36"
54.204.220.238 - - [22/Feb/2017:02:34:20 +0100] "GET /books/part/17927 HTTP/1.0" 200 14936 "-" "CCBot/2.0 (http://commoncrawl.org/faq/)"
185.57.72.112 - - [22/Feb/2017:02:34:20 +0100] "GET /img/logo.png HTTP/1.1" 200 2870 "http://econbooks.ru/css/s.css" "Mozilla/5.0 (Linux; Android 6.0.1; SM-J710F Build/MMB29K) AppleWebKit/537.36 (KHTML, like Gecko) Chrome/56.0.2924.87 Mobile Safari/537.36"
66.249.89.72 - - [22/Feb/2017:02:34:22 +0100] "GET /books/part/21620 HTTP/1.1" 200 43315 "-" "Mediapartners-Google"
54.204.220.238 - - [22/Feb/2017:02:34:23 +0100] "GET /books/part/1862 HTTP/1.0" 200 24347 "-" "CCBot/2.0 (http://commoncrawl.org/faq/)"
185.57.72.112 - - [22/Feb/2017:02:34:26 +0100] "GET /favicon.ico HTTP/1.1" 404 9141 "http://econbooks.ru/books/part/21620" "Mozilla/5.0 (Linux; Android 6.0.1; SM-J710F Build/MMB29K) AppleWebKit/537.36 (KHTML, like Gecko) Chrome/56.0.2924.87 Mobile Safari/537.36"
54.204.220.238 - - [22/Feb/2017:02:34:27 +0100] "GET /books/part/20648 HTTP/1.0" 200 12823 "-" "CCBot/2.0 (http://commoncrawl.org/faq/)"
54.204.220.238 - - [22/Feb/2017:02:34:30 +0100] "GET /books/part/15124 HTTP/1.0" 200 15260 "-" "CCBot/2.0 (http://commoncrawl.org/faq/)"
54.204.220.238 - - [22/Feb/2017:02:34:34 +0100] "GET /books/part/16088 HTTP/1.0" 200 32185 "-" "CCBot/2.0 (http://commoncrawl.org/faq/)"
54.204.220.238 - - [22/Feb/2017:02:34:37 +0100] "GET /books/part/18704 HTTP/1.0" 200 17924 "-" "CCBot/2.0 (http://commoncrawl.org/faq/)"
54.204.220.238 - - [22/Feb/2017:02:34:40 +0100] "GET /books/part/17870 HTTP/1.0" 200 23393 "-" "CCBot/2.0 (http://commoncrawl.org/faq/)"
66.249.64.134 - - [22/Feb/2017:02:34:43 +0100] "GET /books/part/15695 HTTP/1.1" 200 10531 "-" "Mozilla/5.0 (compatible; Googlebot/2.1; +http://www.google.com/bot.html)"
54.204.220.238 - - [22/Feb/2017:02:34:44 +0100] "GET /books/part/423 HTTP/1.0" 200 17473 "-" "CCBot/2.0 (http://commoncrawl.org/faq/)"
157.55.39.239 - - [22/Feb/2017:02:34:48 +0100] "GET /books/part/155 HTTP/1.1" 200 13423 "-" "Mozilla/5.0 (compatible; bingbot/2.0; +http://www.bing.com/bingbot.htm)"
54.204.220.238 - - [22/Feb/2017:02:34:48 +0100] "GET /books/part/16896 HTTP/1.0" 200 10365 "-" "CCBot/2.0 (http://commoncrawl.org/faq/)"
54.204.220.238 - - [22/Feb/2017:02:34:51 +0100] "GET /books/part/16478 HTTP/1.0" 200 22991 "-" "CCBot/2.0 (http://commoncrawl.org/faq/)"
54.204.220.238 - - [22/Feb/2017:02:34:54 +0100] "GET /books/part/21620 HTTP/1.0" 200 43315 "-" "CCBot/2.0 (http://commoncrawl.org/faq/)"
54.204.220.238 - - [22/Feb/2017:02:34:58 +0100] "GET /books/part/14753 HTTP/1.0" 200 10304 "-" "CCBot/2.0 (http://commoncrawl.org/faq/)"
54.204.220.238 - - [22/Feb/2017:02:35:01 +0100] "GET /books/part/12555 HTTP/1.0" 200 13491 "-" "CCBot/2.0 (http://commoncrawl.org/faq/)"
54.204.220.238 - - [22/Feb/2017:02:35:04 +0100] "GET /books/part/20934 HTTP/1.0" 200 17748 "-" "CCBot/2.0 (http://commoncrawl.org/faq/)"
54.204.220.238 - - [22/Feb/2017:02:35:08 +0100] "GET /books/part/19832 HTTP/1.0" 200 14159 "-" "CCBot/2.0 (http://commoncrawl.org/faq/)"
194.146.201.108 - - [22/Feb/2017:02:35:10 +0100] "GET /books/part/16695 HTTP/1.1" 200 21157 "https://www.google.ru/" "Mozilla/5.0 (iPad; CPU OS 10_1_1 like Mac OS X) AppleWebKit/602.1.50 (KHTML, like Gecko) CriOS/55.0.2883.79 Mobile/14B100 Safari/602.1"
194.146.201.108 - - [22/Feb/2017:02:35:11 +0100] "GET /css/s.css HTTP/1.1" 200 228 "http://econbooks.ru/books/part/16695" "Mozilla/5.0 (iPad; CPU OS 10_1_1 like Mac OS X) AppleWebKit/602.1.50 (KHTML, like Gecko) CriOS/55.0.2883.79 Mobile/14B100 Safari/602.1"
194.146.201.108 - - [22/Feb/2017:02:35:11 +0100] "GET /js/md5-min.js HTTP/1.1" 200 5275 "http://econbooks.ru/books/part/16695" "Mozilla/5.0 (iPad; CPU OS 10_1_1 like Mac OS X) AppleWebKit/602.1.50 (KHTML, like Gecko) CriOS/55.0.2883.79 Mobile/14B100 Safari/602.1"
54.204.220.238 - - [22/Feb/2017:02:35:11 +0100] "GET /books/part/17014 HTTP/1.0" 200 31510 "-" "CCBot/2.0 (http://commoncrawl.org/faq/)"
194.146.201.108 - - [22/Feb/2017:02:35:11 +0100] "GET /js/jquery.js HTTP/1.1" 200 92635 "http://econbooks.ru/books/part/16695" "Mozilla/5.0 (iPad; CPU OS 10_1_1 like Mac OS X) AppleWebKit/602.1.50 (KHTML, like Gecko) CriOS/55.0.2883.79 Mobile/14B100 Safari/602.1"
194.146.201.108 - - [22/Feb/2017:02:35:11 +0100] "GET /css/bootstrap.css HTTP/1.1" 200 146970 "http://econbooks.ru/books/part/16695" "Mozilla/5.0 (iPad; CPU OS 10_1_1 like Mac OS X) AppleWebKit/602.1.50 (KHTML, like Gecko) CriOS/55.0.2883.79 Mobile/14B100 Safari/602.1"
194.146.201.108 - - [22/Feb/2017:02:35:13 +0100] "GET /css/bootstrap-responsive.css HTTP/1.1" 200 22111 "http://econbooks.ru/books/part/16695" "Mozilla/5.0 (iPad; CPU OS 10_1_1 like Mac OS X) AppleWebKit/602.1.50 (KHTML, like Gecko) CriOS/55.0.2883.79 Mobile/14B100 Safari/602.1"
194.146.201.108 - - [22/Feb/2017:02:35:13 +0100] "GET /img/logo.png HTTP/1.1" 200 2870 "http://econbooks.ru/books/part/16695" "Mozilla/5.0 (iPad; CPU OS 10_1_1 like Mac OS X) AppleWebKit/602.1.50 (KHTML, like Gecko) CriOS/55.0.2883.79 Mobile/14B100 Safari/602.1"
194.146.201.108 - - [22/Feb/2017:02:35:13 +0100] "GET /js/bootstrap.min.js HTTP/1.1" 200 28538 "http://econbooks.ru/books/part/16695" "Mozilla/5.0 (iPad; CPU OS 10_1_1 like Mac OS X) AppleWebKit/602.1.50 (KHTML, like Gecko) CriOS/55.0.2883.79 Mobile/14B100 Safari/602.1"
54.204.220.238 - - [22/Feb/2017:02:35:14 +0100] "GET /books/part/19665 HTTP/1.0" 200 18402 "-" "CCBot/2.0 (http://commoncrawl.org/faq/)"
54.204.220.238 - - [22/Feb/2017:02:35:17 +0100] "GET /books/part/19476 HTTP/1.0" 200 20310 "-" "CCBot/2.0 (http://commoncrawl.org/faq/)"
54.204.220.238 - - [22/Feb/2017:02:35:20 +0100] "GET /books/part/19284 HTTP/1.0" 200 11244 "-" "CCBot/2.0 (http://commoncrawl.org/faq/)"
54.204.220.238 - - [22/Feb/2017:02:35:23 +0100] "GET /books/part/20232 HTTP/1.0" 200 11428 "-" "CCBot/2.0 (http://commoncrawl.org/faq/)"
54.204.220.238 - - [22/Feb/2017:02:35:26 +0100] "GET /books/part/17110 HTTP/1.0" 200 14601 "-" "CCBot/2.0 (http://commoncrawl.org/faq/)"
54.204.220.238 - - [22/Feb/2017:02:35:30 +0100] "GET /books/part/20469 HTTP/1.0" 200 35708 "-" "CCBot/2.0 (http://commoncrawl.org/faq/)"
54.204.220.238 - - [22/Feb/2017:02:35:33 +0100] "GET /books/part/20649 HTTP/1.0" 200 14557 "-" "CCBot/2.0 (http://commoncrawl.org/faq/)"
54.204.220.238 - - [22/Feb/2017:02:35:36 +0100] "GET /books/part/18214 HTTP/1.0" 200 41381 "-" "CCBot/2.0 (http://commoncrawl.org/faq/)"
54.204.220.238 - - [22/Feb/2017:02:35:39 +0100] "GET /books/part/18627 HTTP/1.0" 200 11196 "-" "CCBot/2.0 (http://commoncrawl.org/faq/)"
54.204.220.238 - - [22/Feb/2017:02:35:42 +0100] "GET /books/part/459 HTTP/1.0" 200 17636 "-" "CCBot/2.0 (http://commoncrawl.org/faq/)"
54.204.220.238 - - [22/Feb/2017:02:35:46 +0100] "GET /books/part/21257 HTTP/1.0" 200 36810 "-" "CCBot/2.0 (http://commoncrawl.org/faq/)"
54.204.220.238 - - [22/Feb/2017:02:35:50 +0100] "GET /books/part/19802 HTTP/1.0" 200 28585 "-" "CCBot/2.0 (http://commoncrawl.org/faq/)"
54.204.220.238 - - [22/Feb/2017:02:35:55 +0100] "GET /books/part/21863 HTTP/1.0" 200 10869 "-" "CCBot/2.0 (http://commoncrawl.org/faq/)"
54.204.220.238 - - [22/Feb/2017:02:36:00 +0100] "GET /books/part/260 HTTP/1.0" 200 27706 "-" "CCBot/2.0 (http://commoncrawl.org/faq/)"
54.204.220.238 - - [22/Feb/2017:02:36:05 +0100] "GET /books/part/17707 HTTP/1.0" 200 13861 "-" "CCBot/2.0 (http://commoncrawl.org/faq/)"
54.204.220.238 - - [22/Feb/2017:02:36:09 +0100] "GET /books/part/18458 HTTP/1.0" 200 22222 "-" "CCBot/2.0 (http://commoncrawl.org/faq/)"
54.204.220.238 - - [22/Feb/2017:02:36:13 +0100] "GET /books/part/15732 HTTP/1.0" 200 42141 "-" "CCBot/2.0 (http://commoncrawl.org/faq/)"
54.204.220.238 - - [22/Feb/2017:02:36:17 +0100] "GET /books/part/20904 HTTP/1.0" 200 17281 "-" "CCBot/2.0 (http://commoncrawl.org/faq/)"
54.204.220.238 - - [22/Feb/2017:02:36:21 +0100] "GET /books/part/5603 HTTP/1.0" 200 20183 "-" "CCBot/2.0 (http://commoncrawl.org/faq/)"
54.204.220.238 - - [22/Feb/2017:02:36:24 +0100] "GET /books/part/6237 HTTP/1.0" 200 19705 "-" "CCBot/2.0 (http://commoncrawl.org/faq/)"
54.204.220.238 - - [22/Feb/2017:02:36:28 +0100] "GET /books/part/1831 HTTP/1.0" 200 15602 "-" "CCBot/2.0 (http://commoncrawl.org/faq/)"
217.69.134.13 - - [22/Feb/2017:02:36:28 +0100] "GET /sitemap.xml HTTP/1.1" 304 0 "-" "Mozilla/5.0 (compatible; Linux x86_64; Mail.RU_Bot/Fast/2.0; +http://go.mail.ru/help/robots)"
40.77.167.128 - - [22/Feb/2017:02:36:28 +0100] "GET /books/part/17174 HTTP/1.1" 200 17425 "-" "Mozilla/5.0 (compatible; bingbot/2.0; +http://www.bing.com/bingbot.htm)"
40.77.167.90 - - [22/Feb/2017:02:37:07 +0100] "GET /books/part/16198 HTTP/1.1" 200 14476 "-" "Mozilla/5.0 (compatible; bingbot/2.0; +http://www.bing.com/bingbot.htm)"
163.172.66.90 - - [22/Feb/2017:02:37:37 +0100] "GET /books/part/20652 HTTP/1.1" 200 17533 "-" "Mozilla/5.0 (compatible; AhrefsBot/5.2; +http://ahrefs.com/robot/)"
193.19.119.36 - - [22/Feb/2017:02:37:38 +0100] "GET /books/part/17708 HTTP/1.1" 200 28680 "-" "Mozilla/5.0 (Windows NT 6.1; rv:29.0) Gecko/20100101 Firefox/29.0"
204.79.180.224 - - [22/Feb/2017:02:37:57 +0100] "GET /books/part/17764 HTTP/1.1" 200 11428 "-" "Mozilla/5.0 (compatible; MSIE 9.0; Windows NT 6.0; Trident/5.0;  Trident/5.0)"
204.79.180.187 - - [22/Feb/2017:02:37:57 +0100] "GET /css/s.css HTTP/1.1" 200 228 "http://econbooks.ru/books/part/17764" "Mozilla/5.0 (compatible; MSIE 9.0; Windows NT 6.0; Trident/5.0;  Trident/5.0)"
204.79.180.181 - - [22/Feb/2017:02:37:57 +0100] "GET /js/md5-min.js HTTP/1.1" 200 5275 "http://econbooks.ru/books/part/17764" "Mozilla/5.0 (compatible; MSIE 9.0; Windows NT 6.0; Trident/5.0;  Trident/5.0)"
204.79.180.77 - - [22/Feb/2017:02:37:57 +0100] "GET /js/jquery.js HTTP/1.1" 200 92635 "http://econbooks.ru/books/part/17764" "Mozilla/5.0 (compatible; MSIE 9.0; Windows NT 6.0; Trident/5.0;  Trident/5.0)"
204.79.180.105 - - [22/Feb/2017:02:37:58 +0100] "GET /css/bootstrap-responsive.css HTTP/1.1" 200 22111 "http://econbooks.ru/books/part/17764" "Mozilla/5.0 (compatible; MSIE 9.0; Windows NT 6.0; Trident/5.0;  Trident/5.0)"
204.79.180.173 - - [22/Feb/2017:02:37:58 +0100] "GET /js/bootstrap.min.js HTTP/1.1" 200 28538 "http://econbooks.ru/books/part/17764" "Mozilla/5.0 (compatible; MSIE 9.0; Windows NT 6.0; Trident/5.0;  Trident/5.0)"
40.77.167.128 - - [22/Feb/2017:02:38:14 +0100] "GET /books/part/17418 HTTP/1.1" 200 16762 "-" "Mozilla/5.0 (compatible; bingbot/2.0; +http://www.bing.com/bingbot.htm)"
204.79.180.197 - - [22/Feb/2017:02:38:19 +0100] "GET /css/bootstrap.css HTTP/1.1" 200 146970 "http://econbooks.ru/books/part/17764" "Mozilla/5.0 (compatible; MSIE 9.0; Windows NT 6.0; Trident/5.0;  Trident/5.0)"
46.119.68.57 - - [22/Feb/2017:02:38:22 +0100] "GET /books/part/17040 HTTP/1.1" 200 17772 "http://yandex.ua/clck/jsredir?from=yandex.ua%3Bsearch%2F%3Bweb%3B%3B&text=&etext=1339.AlFdoafqHd7Z6Y349VoZR5tIgs1yQFWPd2JETfqD6qx2Bi7x3YQX7EVC1CWbhPtaAKkIiPz7a3FRbl_KQHuHt8r452xNzY0t2-ZvZK9a-CJqJC3sGoOStQ_v3JB6G4vZxc_skMbe9RZbCHnmo8PfCdIuwRngpg13IMmTVqvsWq4.ae935403a782d36d44885e525b68b2514a9d52b9&uuid=&state=PEtFfuTeVD5kpHnK9lio9b04eb9KTsJpEk3AFOuLWkb2A2ZADgA4gA&data=UlNrNmk5WktYejR0eWJFYk1LdmtxaTQ0SWtiQ0JRWVZmeTVNTlpFaUV5Y1hTb2tFVWYzSDNUNjZWUmtQVTBmNUg0aHZENVdjZG5scXVmOURVUzJtNlVvU3ZlNl9ROUhqd09jUVp3N1MxeXV5R1E1dV8yVFNRR1BzQ2FCSTVGdGI&b64e=2&sign=17fc81ae20b3dfd0281931cdc99a2e85&keyno=0&cst=AiuY0DBWFJ5Hyx_fyvalFM0YQLBggDTnGKfbJwEpe9cehRJEGQbUFlIUQB5o9LMy4j8JhO0wYr3Q-bNOFsAcjeouNJTIhGNHP87aOecpzASGfOWyM2CRdqjMj-LOD9p274z8d_7-RLX1QluzIq-yE56CXo08bVL6f5z7IC04g-TamQBfI_HtVps8v_MpGE4_-VqLo380z2120rDIb9zo5-pzKkHTZCgxmOvB0PcEwOf8eHpXLA-8RSGYaACddoK7LNbAElldIqVKdXZiNl0UzwuT8Q6Nm42yXhpAlCjKnVhbFvrzhI2CpA84OuJnTmZJMC85ZSs0KpEBlSDmYFVrflOqPOoOPO5d&ref=orjY4mGPRjmt1xzYuZsDZSKx6sHOF1RVw0Whs22XqWOD0p7JgIYLQK8_ktNIUPoAFiG-0LBdoGg--iYyKZ1bBTWaiJiYmdLjYeNP9LI-vi41LUsR1DDb98YutlBv9LGG3rGwaJ-CpxS3JHleDJNgw3IETvMVUF0AEOs8EfbIAZRByy-3y5-r7QVHaOp2n5GJQb2I1SkpCh4RqafJNnlCKsYnaw2jdoLvxCvTSnXDWjqOhD6wVuGzGZebezCRuc0N3scC8T9PlaSTvpQVIBWJ0oR9cKTYT5F4ejtlbRCNan9L6bnVHKfJ8Z7Hj_8eIWUl7qNgx19SV9DWnKJVPhvF76uo_c_kryhi8RTfbC48IsITyU3cPbgKNyCz13bHQnIfvLFALl5zzVALnxc96llQ5OVL07-ZdhqQwZGUihfWxnn575Z_PnK1AZ1UOP4u0zfvf-dIWoAx1-YmJ5wsJINHtOZY5Jgk6Cy7drhFlXl7vdVCcXLp3UxpqJBmKTxn3n9RVfroYXVr3JF7g-1chIloBknfeGaDIzNbqRXG9Kk1zZySNCZiLg36YkQ6ihp1luFjUEXPh9CQ-C8wz4X5LqTazmkD3GiLchEMwCiSC-1Ur6jaJQa-eSHC1RMXTh1VOs9L1LCovDKRjXnwsb7hoI7MeuZFIFGtM0nlfwlcgEZY5hqYrVZ4ysC5pKBtJT79Ctt0CjmK8w_YWDpOpu7CxE8T6zoCiQyUhLFPNi9Xanf31z0Y1hB1ucCsumAKJPvUoUY0t3LfGO59eM94TcD3OYJ-7t6DW1JXGXS4Rbg-E8Pu9wYr1F1UNvAHt95eJToJcLbiqGdFpc6m327nSdeY9jN_2SYzQQeEpaendkwSo3VDq-tSdSPMqo6LmXLKuu6D4W2CQac07p9amVM9b8g9iYY0wwZAJxUkpKSwRIOUxNziH3ozNV1huzbPtdpCJL6ErW5L&l10n=ru&cts=1487727531147&mc=5.590696231424158" "Mozilla/5.0 (Windows NT 5.1) AppleWebKit/537.36 (KHTML, like Gecko) Chrome/49.0.2623.112 Safari/537.36"
46.119.68.57 - - [22/Feb/2017:02:38:22 +0100] "GET /js/md5-min.js HTTP/1.1" 200 5275 "http://econbooks.ru/books/part/17040" "Mozilla/5.0 (Windows NT 5.1) AppleWebKit/537.36 (KHTML, like Gecko) Chrome/49.0.2623.112 Safari/537.36"
46.119.68.57 - - [22/Feb/2017:02:38:22 +0100] "GET /css/s.css HTTP/1.1" 200 228 "http://econbooks.ru/books/part/17040" "Mozilla/5.0 (Windows NT 5.1) AppleWebKit/537.36 (KHTML, like Gecko) Chrome/49.0.2623.112 Safari/537.36"
46.119.68.57 - - [22/Feb/2017:02:38:22 +0100] "GET /css/bootstrap-responsive.css HTTP/1.1" 200 22111 "http://econbooks.ru/books/part/17040" "Mozilla/5.0 (Windows NT 5.1) AppleWebKit/537.36 (KHTML, like Gecko) Chrome/49.0.2623.112 Safari/537.36"
46.119.68.57 - - [22/Feb/2017:02:38:22 +0100] "GET /js/jquery.js HTTP/1.1" 200 92635 "http://econbooks.ru/books/part/17040" "Mozilla/5.0 (Windows NT 5.1) AppleWebKit/537.36 (KHTML, like Gecko) Chrome/49.0.2623.112 Safari/537.36"
46.119.68.57 - - [22/Feb/2017:02:38:22 +0100] "GET /css/bootstrap.css HTTP/1.1" 200 146970 "http://econbooks.ru/books/part/17040" "Mozilla/5.0 (Windows NT 5.1) AppleWebKit/537.36 (KHTML, like Gecko) Chrome/49.0.2623.112 Safari/537.36"
46.119.68.57 - - [22/Feb/2017:02:38:23 +0100] "GET /js/bootstrap.min.js HTTP/1.1" 200 28538 "http://econbooks.ru/books/part/17040" "Mozilla/5.0 (Windows NT 5.1) AppleWebKit/537.36 (KHTML, like Gecko) Chrome/49.0.2623.112 Safari/537.36"
46.119.68.57 - - [22/Feb/2017:02:38:23 +0100] "GET /img/logo.png HTTP/1.1" 200 2870 "http://econbooks.ru/css/s.css" "Mozilla/5.0 (Windows NT 5.1) AppleWebKit/537.36 (KHTML, like Gecko) Chrome/49.0.2623.112 Safari/537.36"
204.79.180.32 - - [22/Feb/2017:02:38:23 +0100] "GET /js/html5shiv.js HTTP/1.1" 404 9145 "http://econbooks.ru/books/part/17764" "Mozilla/5.0 (compatible; MSIE 9.0; Windows NT 6.0; Trident/5.0;  Trident/5.0)"
95.189.106.124 - - [22/Feb/2017:02:38:26 +0100] "GET /books/part/16997 HTTP/1.1" 200 26091 "https://www.google.ru/" "Mozilla/5.0 (Windows NT 6.1; WOW64) AppleWebKit/537.36 (KHTML, like Gecko) Chrome/56.0.2924.87 Safari/537.36"
46.119.68.57 - - [22/Feb/2017:02:38:28 +0100] "GET /favicon.ico HTTP/1.1" 404 9141 "http://econbooks.ru/books/part/17040" "Mozilla/5.0 (Windows NT 5.1) AppleWebKit/537.36 (KHTML, like Gecko) Chrome/49.0.2623.112 Safari/537.36"
141.8.142.73 - - [22/Feb/2017:02:38:32 +0100] "GET /books/part/17040 HTTP/1.1" 200 17772 "-" "Mozilla/5.0 (compatible; YandexBot/3.0; +http://yandex.com/bots)"
89.145.95.78 - - [22/Feb/2017:02:38:58 +0100] "GET /books/part/16997 HTTP/1.1" 200 26091 "-" "Mozilla/5.0 (compatible; GrapeshotCrawler/2.0; +http://www.grapeshot.co.uk/crawler.php)"
40.77.167.90 - - [22/Feb/2017:02:39:04 +0100] "GET /books/part/15910 HTTP/1.1" 200 31279 "-" "Mozilla/5.0 (compatible; bingbot/2.0; +http://www.bing.com/bingbot.htm)"
46.181.121.212 - - [22/Feb/2017:02:39:10 +0100] "GET /books/part/19424 HTTP/1.1" 200 44673 "https://www.google.ru/" "Mozilla/5.0 (Windows NT 6.1) AppleWebKit/537.36 (KHTML, like Gecko) Chrome/56.0.2924.87 Safari/537.36"
46.181.121.212 - - [22/Feb/2017:02:39:10 +0100] "GET /css/s.css HTTP/1.1" 200 228 "http://econbooks.ru/books/part/19424" "Mozilla/5.0 (Windows NT 6.1) AppleWebKit/537.36 (KHTML, like Gecko) Chrome/56.0.2924.87 Safari/537.36"
46.181.121.212 - - [22/Feb/2017:02:39:10 +0100] "GET /js/md5-min.js HTTP/1.1" 200 5275 "http://econbooks.ru/books/part/19424" "Mozilla/5.0 (Windows NT 6.1) AppleWebKit/537.36 (KHTML, like Gecko) Chrome/56.0.2924.87 Safari/537.36"
46.181.121.212 - - [22/Feb/2017:02:39:10 +0100] "GET /css/bootstrap-responsive.css HTTP/1.1" 200 22111 "http://econbooks.ru/books/part/19424" "Mozilla/5.0 (Windows NT 6.1) AppleWebKit/537.36 (KHTML, like Gecko) Chrome/56.0.2924.87 Safari/537.36"
46.181.121.212 - - [22/Feb/2017:02:39:10 +0100] "GET /js/bootstrap.min.js HTTP/1.1" 200 28538 "http://econbooks.ru/books/part/19424" "Mozilla/5.0 (Windows NT 6.1) AppleWebKit/537.36 (KHTML, like Gecko) Chrome/56.0.2924.87 Safari/537.36"
46.181.121.212 - - [22/Feb/2017:02:39:10 +0100] "GET /css/bootstrap.css HTTP/1.1" 200 146970 "http://econbooks.ru/books/part/19424" "Mozilla/5.0 (Windows NT 6.1) AppleWebKit/537.36 (KHTML, like Gecko) Chrome/56.0.2924.87 Safari/537.36"
46.181.121.212 - - [22/Feb/2017:02:39:10 +0100] "GET /js/jquery.js HTTP/1.1" 200 92635 "http://econbooks.ru/books/part/19424" "Mozilla/5.0 (Windows NT 6.1) AppleWebKit/537.36 (KHTML, like Gecko) Chrome/56.0.2924.87 Safari/537.36"
46.181.121.212 - - [22/Feb/2017:02:39:11 +0100] "GET /img/logo.png HTTP/1.1" 200 2870 "http://econbooks.ru/css/s.css" "Mozilla/5.0 (Windows NT 6.1) AppleWebKit/537.36 (KHTML, like Gecko) Chrome/56.0.2924.87 Safari/537.36"
46.181.121.212 - - [22/Feb/2017:02:39:11 +0100] "GET /favicon.ico HTTP/1.1" 404 9141 "http://econbooks.ru/books/part/19424" "Mozilla/5.0 (Windows NT 6.1) AppleWebKit/537.36 (KHTML, like Gecko) Chrome/56.0.2924.87 Safari/537.36"
213.180.206.196 - - [22/Feb/2017:02:39:27 +0100] "GET / HTTP/1.1" 200 27625 "-" "Mozilla/5.0 (compatible; YandexMetrika/2.0; +http://yandex.com/bots mtmon01g.yandex.ru)"
40.77.167.45 - - [22/Feb/2017:02:39:44 +0100] "GET /books/part/17201 HTTP/1.1" 200 11405 "-" "Mozilla/5.0 (compatible; bingbot/2.0; +http://www.bing.com/bingbot.htm)"
85.93.91.84 - - [22/Feb/2017:02:39:54 +0100] "GET /books/part/18405 HTTP/1.0" 200 19185 "-" "Mozilla/5.0 (compatible; DeuSu/5.0.2; +https://deusu.de/robot.html)"
40.77.167.90 - - [22/Feb/2017:02:40:50 +0100] "GET /books/part/17052 HTTP/1.1" 200 10497 "-" "Mozilla/5.0 (compatible; bingbot/2.0; +http://www.bing.com/bingbot.htm)"
66.249.64.144 - - [22/Feb/2017:02:42:04 +0100] "GET /books/part/17365 HTTP/1.1" 200 21367 "-" "Mozilla/5.0 (compatible; Googlebot/2.1; +http://www.google.com/bot.html)"
157.55.39.239 - - [22/Feb/2017:02:42:13 +0100] "GET /books/part/17953 HTTP/1.1" 200 23075 "-" "Mozilla/5.0 (compatible; bingbot/2.0; +http://www.bing.com/bingbot.htm)"
40.77.167.90 - - [22/Feb/2017:02:44:12 +0100] "GET /books/part/20246 HTTP/1.1" 200 35203 "-" "Mozilla/5.0 (compatible; bingbot/2.0; +http://www.bing.com/bingbot.htm)"
68.180.230.235 - - [22/Feb/2017:02:44:28 +0100] "GET /books/part/556 HTTP/1.1" 200 14313 "-" "Mozilla/5.0 (compatible; Yahoo! Slurp; http://help.yahoo.com/help/us/ysearch/slurp)"
136.243.95.154 - - [22/Feb/2017:02:46:23 +0100] "GET /books/part/18623 HTTP/1.1" 200 42614 "-" "Mozilla/5.0 (Windows NT 6.1; WOW64; rv:38.0) Gecko/20100101 Firefox/38.0"
204.79.180.234 - - [22/Feb/2017:02:46:25 +0100] "GET /books/part/6268 HTTP/1.1" 200 12895 "-" "Mozilla/5.0 (compatible; MSIE 9.0; Windows NT 6.1; Trident/5.0;  Trident/5.0)"
204.79.180.97 - - [22/Feb/2017:02:46:27 +0100] "GET /css/s.css HTTP/1.1" 200 228 "http://econbooks.ru/books/part/6268" "Mozilla/5.0 (compatible; MSIE 9.0; Windows NT 6.1; Trident/5.0;  Trident/5.0)"
204.79.180.203 - - [22/Feb/2017:02:46:27 +0100] "GET /js/md5-min.js HTTP/1.1" 200 5275 "http://econbooks.ru/books/part/6268" "Mozilla/5.0 (compatible; MSIE 9.0; Windows NT 6.1; Trident/5.0;  Trident/5.0)"
204.79.180.94 - - [22/Feb/2017:02:46:27 +0100] "GET /css/bootstrap-responsive.css HTTP/1.1" 200 22111 "http://econbooks.ru/books/part/6268" "Mozilla/5.0 (compatible; MSIE 9.0; Windows NT 6.1; Trident/5.0;  Trident/5.0)"
204.79.180.81 - - [22/Feb/2017:02:46:27 +0100] "GET /js/jquery.js HTTP/1.1" 200 92635 "http://econbooks.ru/books/part/6268" "Mozilla/5.0 (compatible; MSIE 9.0; Windows NT 6.1; Trident/5.0;  Trident/5.0)"
204.79.180.169 - - [22/Feb/2017:02:46:27 +0100] "GET /css/bootstrap.css HTTP/1.1" 200 146970 "http://econbooks.ru/books/part/6268" "Mozilla/5.0 (compatible; MSIE 9.0; Windows NT 6.1; Trident/5.0;  Trident/5.0)"
204.79.180.47 - - [22/Feb/2017:02:46:28 +0100] "GET /js/bootstrap.min.js HTTP/1.1" 200 28538 "http://econbooks.ru/books/part/6268" "Mozilla/5.0 (compatible; MSIE 9.0; Windows NT 6.1; Trident/5.0;  Trident/5.0)"
204.79.180.230 - - [22/Feb/2017:02:46:29 +0100] "GET /js/html5shiv.js HTTP/1.1" 404 9145 "http://econbooks.ru/books/part/6268" "Mozilla/5.0 (compatible; MSIE 9.0; Windows NT 6.1; Trident/5.0;  Trident/5.0)"
51.255.65.93 - - [22/Feb/2017:02:46:54 +0100] "GET /books/part/19210 HTTP/1.1" 200 11239 "-" "Mozilla/5.0 (compatible; AhrefsBot/5.2; +http://ahrefs.com/robot/)"
89.145.95.81 - - [22/Feb/2017:02:47:04 +0100] "GET /books/part/15844 HTTP/1.1" 200 25045 "-" "Mozilla/5.0 (compatible; GrapeshotCrawler/2.0; +http://www.grapeshot.co.uk/crawler.php)"
176.195.125.109 - - [22/Feb/2017:02:47:05 +0100] "GET /books/part/21804 HTTP/1.1" 200 30095 "http://yandex.ru/clck/jsredir?from=yandex.ru%3Bsearch%3Bweb%3B%3B&text=&etext=1339.QueJrJ39Ufaf7viwD9jZEWSDj7dSuFRvdD_KQAKtynOBfZvwURUBybueZC0mr8m3.353fe86959bd665e217c2db68635688c477f626a&uuid=&state=_BLhILn4SxNIvvL0W45KSic66uCIg23qh8iRG98qeIXmeppkgUc0YKCJkrjchpDstTwxTkjwGrA&data=UlNrNmk5WktYejR0eWJFYk1LdmtxaTQ0SWtiQ0JRWVZmeTVNTlpFaUV5Y1hTb2tFVWYzSDNTOXg1SExaZllQS0VtTjNxTDYtQ1I2dkxLLWM1SlV4UzFIMWR4ZWp6ZW1udlJIVHRoRlp2ZXBRVzkyVVNnUi1rV1NYLUI2ejdGc0U&b64e=2&sign=a4b2e397ba83e9bdc3aaf559d76ed142&keyno=0&cst=AiuY0DBWFJ7IXge4WdYJQXbYQp9t5VF6pp9CUDs21o4cQc8n9cCqfoi4XIPXGuGZx7iwFKRAkh-hz1sQ8jKA65-rOOzm1-P_WILx0hyZSFgXrif3WS05Z7XXPGwZ9_xbL6VUDlVGOmcskhTiJix69B29PVPkYAPl&ref=orjY4mGPRjk5boDnW0uvlrrd71vZw9kp5uQozpMtKCVwjJVQHb9Cs8KsNNeg_mdczpT_CHkyTCTHiV-2-fVS_Gib2GKyC15AUQEeWqugxdSuhnZlms5qIQ&l10n=ru&cts=1487727183493&mc=2.45214769191" "Mozilla/5.0 (Windows NT 5.1; rv:25.0) Gecko/20100101 Firefox/25.0"
40.77.167.90 - - [22/Feb/2017:02:47:09 +0100] "GET /books/part/21150 HTTP/1.1" 200 41414 "-" "Mozilla/5.0 (compatible; bingbot/2.0; +http://www.bing.com/bingbot.htm)"
176.195.125.109 - - [22/Feb/2017:02:47:11 +0100] "GET /js/md5-min.js HTTP/1.1" 200 5275 "http://econbooks.ru/books/part/21804" "Mozilla/5.0 (Windows NT 5.1; rv:25.0) Gecko/20100101 Firefox/25.0"
176.195.125.109 - - [22/Feb/2017:02:47:11 +0100] "GET /css/s.css HTTP/1.1" 200 228 "http://econbooks.ru/books/part/21804" "Mozilla/5.0 (Windows NT 5.1; rv:25.0) Gecko/20100101 Firefox/25.0"
176.195.125.109 - - [22/Feb/2017:02:47:11 +0100] "GET /js/bootstrap.min.js HTTP/1.1" 200 28538 "http://econbooks.ru/books/part/21804" "Mozilla/5.0 (Windows NT 5.1; rv:25.0) Gecko/20100101 Firefox/25.0"
176.195.125.109 - - [22/Feb/2017:02:47:12 +0100] "GET /css/bootstrap-responsive.css HTTP/1.1" 200 22111 "http://econbooks.ru/books/part/21804" "Mozilla/5.0 (Windows NT 5.1; rv:25.0) Gecko/20100101 Firefox/25.0"
68.180.230.235 - - [22/Feb/2017:02:47:14 +0100] "GET /books/part/31 HTTP/1.1" 200 17534 "-" "Mozilla/5.0 (compatible; Yahoo! Slurp; http://help.yahoo.com/help/us/ysearch/slurp)"
176.195.125.109 - - [22/Feb/2017:02:47:11 +0100] "GET /js/jquery.js HTTP/1.1" 200 92635 "http://econbooks.ru/books/part/21804" "Mozilla/5.0 (Windows NT 5.1; rv:25.0) Gecko/20100101 Firefox/25.0"
176.195.125.109 - - [22/Feb/2017:02:47:13 +0100] "GET /css/bootstrap.css HTTP/1.1" 200 146970 "http://econbooks.ru/books/part/21804" "Mozilla/5.0 (Windows NT 5.1; rv:25.0) Gecko/20100101 Firefox/25.0"
176.195.125.109 - - [22/Feb/2017:02:47:31 +0100] "GET /img/logo.png HTTP/1.1" 200 2870 "http://econbooks.ru/books/part/21804" "Mozilla/5.0 (Windows NT 5.1; rv:25.0) Gecko/20100101 Firefox/25.0"
91.185.226.123 - - [22/Feb/2017:02:47:46 +0100] "GET /books/part/20872 HTTP/1.1" 200 21882 "https://www.google.ru/" "Mozilla/5.0 (Windows NT 6.1) AppleWebKit/537.36 (KHTML, like Gecko) Chrome/53.0.2785.116 Safari/537.36"
91.185.226.123 - - [22/Feb/2017:02:47:51 +0100] "GET /favicon.ico HTTP/1.1" 404 9141 "http://econbooks.ru/books/part/20872" "Mozilla/5.0 (Windows NT 6.1) AppleWebKit/537.36 (KHTML, like Gecko) Chrome/53.0.2785.116 Safari/537.36"
176.195.125.109 - - [22/Feb/2017:02:48:06 +0100] "GET /img/glyphicons-halflings.png HTTP/1.1" 200 12799 "http://econbooks.ru/books/part/21804" "Mozilla/5.0 (Windows NT 5.1; rv:25.0) Gecko/20100101 Firefox/25.0"
178.91.17.213 - - [22/Feb/2017:02:48:07 +0100] "GET /books/part/2490 HTTP/1.1" 200 20185 "http://yandex.kz/clck/jsredir?from=yandex.kz%3Bsearch%2F%3Bweb%3B%3B&text=&etext=1339.k6Y62bE7vEHHad1_T9z60jVlQ03b0-Q18_9TjgaABE3in6FXkdu1BppUT39sOx4UFrEYzq08EIxFc_vAAZtAPtYAi31vlC8ViYC0yIT_1FIZNm3iTjdyD2YW3dgKKXBaZ5ljf2usWmPHLITjTqVxIc-gCNRFlU6M_ZoJLMDJqno.f1ef3ca31d7c32169eca9a0d185b4a199e901f2e&uuid=&state=PEtFfuTeVD5kpHnK9lio9XRXFZbT4Ua2FWo80joDQ0PY982vMS6LPA&data=UlNrNmk5WktYejR0eWJFYk1LdmtxaTQ0SWtiQ0JRWVZmeTVNTlpFaUV5Y1hTb2tFVWYzSDNTOXg1SExaZllQS3FMVjJUU1RCMHRKX1RvQi1Eb2htZmlQcFVUOE9qWFk0b0EzRFpoZzdMUEVyZ3REYXB0Vnl1ZHYzb0UtN0tTcTQ&b64e=2&sign=585ee4d4b7db37db6ebe5dd36e74be5d&keyno=0&cst=AiuY0DBWFJ5Hyx_fyvalFPz6J5n1zSqlLVXCWEkWWo9jJbustMHqt4kBdmhA7RZWSbZPqET5kV5i81pwJnnsVcBPsD_jya91qkA5wjxVufzSeboiDxT-OoKztP47hK-zYVhW5R_FqEs59OU3fX7LavmFzFKIyfrr88N7NMKZZtx3igvzVfem-7VuLXggebpaVbEmWZyp47ObfQ3gqz6Xy48suUS5KNpYZ5b3Ou-nwz7sEDsvVQ_j3tZAzBGm9NaXps1mR_AC5ftrx_wai1VTOVIMK4CDlajFpkO4yNrJEC3ECJIA4xQatokfrvzV3215o5u5zIhBT3VilE_8x3dhaY8coK8UUBdxLCKJ7VUnZFmMiSldgMBa9fzcQutf9KWZ7fVzBQGN_Diovv9faX0mgDQ63YHhW9g7&ref=orjY4mGPRjkm1GYumWD8VpzF_kJ2sVs5SN5U_WP76IUHQFRw1vVGjnhONh0gXFLjWxiXbhGUvJK2ndTQNWVGHETvtr_b3ht0btr6-WkFGJoTDRr69L3odk9ljsvLTOViRofvwu4RVAy4aQDlf6mIQp-k-gijFiTtDVRAB9OgcLv2LyEBVB3PeEA__F9VTa27FpIbnlFLXr86kNDCGGjgbi8UZ3o3U5L1C17xroFY1ZamqZi6-Ng5c3WtmJhJBx8x5_Kmoj2Y7om0PVHCImBNOSUr-hwIBi8XthlXmdEVyD0tQDoLtTOoFyMQz43rXDk0zJnnmcb1L0tuhD3RrwCLkzJlLxJAoFDlcNYrHm6NZndFsEdsZRW4nww0Lu927XJIqLI9jsxQnS1W_4yJsEXkWhB5LjLsjUfjt5OvUgCmsSSpZFPD4rLrGjj8bJVbwpBceFr5ahLmVx1OiZm19CndPBg9PnTPACdbumzPJmVRSkTBtItQB8xoyrCsqDktSNMAKiBR9HVZ955gnq4alnNDgDnIZC9otBbc&l10n=ru&cts=1487686390678&mc=4.793150069657034" "Mozilla/5.0 (Windows NT 6.1; WOW64) AppleWebKit/537.36 (KHTML, like Gecko) Chrome/55.0.2883.95 YaBrowser/17.1.0.2034 Safari/537.36"
40.77.167.128 - - [22/Feb/2017:02:48:35 +0100] "GET /books/part/18106 HTTP/1.1" 200 10465 "-" "Mozilla/5.0 (compatible; bingbot/2.0; +http://www.bing.com/bingbot.htm)"
178.91.17.213 - - [22/Feb/2017:02:48:58 +0100] "GET /favicon.ico HTTP/1.1" 404 9141 "http://econbooks.ru/books/part/2490" "Mozilla/5.0 (Windows NT 6.1; WOW64) AppleWebKit/537.36 (KHTML, like Gecko) Chrome/55.0.2883.95 YaBrowser/17.1.0.2034 Safari/537.36"
46.188.107.78 - - [22/Feb/2017:02:49:05 +0100] "GET /books/part/1241 HTTP/1.1" 200 25512 "http://yandex.ru/clck/jsredir?from=yandex.ru%3Bsearch%3Bweb%3B%3B&text=&etext=1339.bJFASe0mawIF8CKUQovjQcO5D5hz3APGW3mc1jxhbk6W8wISNGKSumxQirlot6Vs.bc125d1bf5aa7fa66b591e770b20960f62d4c679&uuid=&state=_BLhILn4SxNIvvL0W45KSic66uCIg23qh8iRG98qeIXmeppkgUc0YGHEttDsYq_w3pSJtejupWg&data=UlNrNmk5WktYejR0eWJFYk1LdmtxaTQ0SWtiQ0JRWVZmeTVNTlpFaUV5Y1hTb2tFVWYzSDNUNjZWUmtQVTBmNU1UTmFfTnhSSEg5SzFjWjlYVzQ1U2dXZGFXQlBIa2dNOUlLVTNwZFBGdGtYeVZiUF9fa2xIbjlwd2F3djBoX3Y&b64e=2&sign=9042e6362cd076685d9da4fc28490d79&keyno=0&cst=AiuY0DBWFJ7IXge4WdYJQULnoVAFacUfcEvR-TGWoVIBObV0ZaGugKjrCSZuUXZ6wQ0ppmB74EDLbwqWhqsLR5vbMfWbQX6DZ-iLSy5RFLygoC1nT_X8_zH9ZmbFSW2QOx2QXVHmgL6rBgxedRsXA-9W-tAVFtDe&ref=orjY4mGPRjk5boDnW0uvlrrd71vZw9kp5uQozpMtKCW8s5kfnNkNj7qEJ_9gdU_ELmBEqegR3Wsq73oRBhPim61Mqt5g1zBcgzt4xW2kbb_6C9fYDvmL9w&l10n=ru&cts=1487727835523&mc=2.84640952837" "Mozilla/5.0 (Windows NT 5.1) AppleWebKit/537.36 (KHTML, like Gecko) Chrome/31.0.1650.63 Safari/537.36"
46.188.107.78 - - [22/Feb/2017:02:49:05 +0100] "GET /css/s.css HTTP/1.1" 200 228 "http://econbooks.ru/books/part/1241" "Mozilla/5.0 (Windows NT 5.1) AppleWebKit/537.36 (KHTML, like Gecko) Chrome/31.0.1650.63 Safari/537.36"
46.188.107.78 - - [22/Feb/2017:02:49:05 +0100] "GET /js/md5-min.js HTTP/1.1" 200 5275 "http://econbooks.ru/books/part/1241" "Mozilla/5.0 (Windows NT 5.1) AppleWebKit/537.36 (KHTML, like Gecko) Chrome/31.0.1650.63 Safari/537.36"
46.188.107.78 - - [22/Feb/2017:02:49:05 +0100] "GET /css/bootstrap-responsive.css HTTP/1.1" 200 22111 "http://econbooks.ru/books/part/1241" "Mozilla/5.0 (Windows NT 5.1) AppleWebKit/537.36 (KHTML, like Gecko) Chrome/31.0.1650.63 Safari/537.36"
46.188.107.78 - - [22/Feb/2017:02:49:05 +0100] "GET /js/bootstrap.min.js HTTP/1.1" 200 28538 "http://econbooks.ru/books/part/1241" "Mozilla/5.0 (Windows NT 5.1) AppleWebKit/537.36 (KHTML, like Gecko) Chrome/31.0.1650.63 Safari/537.36"
46.188.107.78 - - [22/Feb/2017:02:49:05 +0100] "GET /js/jquery.js HTTP/1.1" 200 92635 "http://econbooks.ru/books/part/1241" "Mozilla/5.0 (Windows NT 5.1) AppleWebKit/537.36 (KHTML, like Gecko) Chrome/31.0.1650.63 Safari/537.36"
46.188.107.78 - - [22/Feb/2017:02:49:05 +0100] "GET /css/bootstrap.css HTTP/1.1" 200 146970 "http://econbooks.ru/books/part/1241" "Mozilla/5.0 (Windows NT 5.1) AppleWebKit/537.36 (KHTML, like Gecko) Chrome/31.0.1650.63 Safari/537.36"
46.188.107.78 - - [22/Feb/2017:02:49:06 +0100] "GET /img/logo.png HTTP/1.1" 200 2870 "http://econbooks.ru/books/part/1241" "Mozilla/5.0 (Windows NT 5.1) AppleWebKit/537.36 (KHTML, like Gecko) Chrome/31.0.1650.63 Safari/537.36"
46.188.107.78 - - [22/Feb/2017:02:49:16 +0100] "GET /img/glyphicons-halflings.png HTTP/1.1" 200 12799 "http://econbooks.ru/books/part/1241" "Mozilla/5.0 (Windows NT 5.1) AppleWebKit/537.36 (KHTML, like Gecko) Chrome/31.0.1650.63 Safari/537.36"
136.243.75.15 - - [22/Feb/2017:02:50:25 +0100] "GET /books/part/1241 HTTP/1.1" 200 25512 "-" "GetIntent Crawler (http://getintent.com/bot.html)"
163.172.66.96 - - [22/Feb/2017:02:50:29 +0100] "GET /books/part/6267 HTTP/1.1" 200 16297 "-" "Mozilla/5.0 (compatible; AhrefsBot/5.2; +http://ahrefs.com/robot/)"
85.93.91.84 - - [22/Feb/2017:02:50:31 +0100] "GET /books/part/18872 HTTP/1.0" 200 19617 "-" "Mozilla/5.0 (compatible; DeuSu/5.0.2; +https://deusu.de/robot.html)"
37.29.88.235 - - [22/Feb/2017:02:50:32 +0100] "GET /books/part/21081 HTTP/1.1" 200 18097 "https://www.google.ru/" "Mozilla/5.0 (iPhone; CPU iPhone OS 9_3_5 like Mac OS X) AppleWebKit/601.1.46 (KHTML, like Gecko) Version/9.0 Mobile/13G36 Safari/601.1"
37.29.88.235 - - [22/Feb/2017:02:50:33 +0100] "GET /css/s.css HTTP/1.1" 200 228 "http://econbooks.ru/books/part/21081" "Mozilla/5.0 (iPhone; CPU iPhone OS 9_3_5 like Mac OS X) AppleWebKit/601.1.46 (KHTML, like Gecko) Version/9.0 Mobile/13G36 Safari/601.1"
37.29.88.235 - - [22/Feb/2017:02:50:33 +0100] "GET /js/md5-min.js HTTP/1.1" 200 5275 "http://econbooks.ru/books/part/21081" "Mozilla/5.0 (iPhone; CPU iPhone OS 9_3_5 like Mac OS X) AppleWebKit/601.1.46 (KHTML, like Gecko) Version/9.0 Mobile/13G36 Safari/601.1"
37.29.88.235 - - [22/Feb/2017:02:50:33 +0100] "GET /css/bootstrap-responsive.css HTTP/1.1" 200 22111 "http://econbooks.ru/books/part/21081" "Mozilla/5.0 (iPhone; CPU iPhone OS 9_3_5 like Mac OS X) AppleWebKit/601.1.46 (KHTML, like Gecko) Version/9.0 Mobile/13G36 Safari/601.1"
37.29.88.235 - - [22/Feb/2017:02:50:32 +0100] "GET /js/jquery.js HTTP/1.1" 200 92635 "http://econbooks.ru/books/part/21081" "Mozilla/5.0 (iPhone; CPU iPhone OS 9_3_5 like Mac OS X) AppleWebKit/601.1.46 (KHTML, like Gecko) Version/9.0 Mobile/13G36 Safari/601.1"
37.29.88.235 - - [22/Feb/2017:02:50:33 +0100] "GET /css/bootstrap.css HTTP/1.1" 200 146970 "http://econbooks.ru/books/part/21081" "Mozilla/5.0 (iPhone; CPU iPhone OS 9_3_5 like Mac OS X) AppleWebKit/601.1.46 (KHTML, like Gecko) Version/9.0 Mobile/13G36 Safari/601.1"
37.29.88.235 - - [22/Feb/2017:02:50:34 +0100] "GET /js/bootstrap.min.js HTTP/1.1" 200 28538 "http://econbooks.ru/books/part/21081" "Mozilla/5.0 (iPhone; CPU iPhone OS 9_3_5 like Mac OS X) AppleWebKit/601.1.46 (KHTML, like Gecko) Version/9.0 Mobile/13G36 Safari/601.1"
37.29.88.235 - - [22/Feb/2017:02:50:35 +0100] "GET /img/glyphicons-halflings.png HTTP/1.1" 200 12799 "http://econbooks.ru/books/part/21081" "Mozilla/5.0 (iPhone; CPU iPhone OS 9_3_5 like Mac OS X) AppleWebKit/601.1.46 (KHTML, like Gecko) Version/9.0 Mobile/13G36 Safari/601.1"
37.29.88.235 - - [22/Feb/2017:02:50:35 +0100] "GET /img/logo.png HTTP/1.1" 200 2870 "http://econbooks.ru/books/part/21081" "Mozilla/5.0 (iPhone; CPU iPhone OS 9_3_5 like Mac OS X) AppleWebKit/601.1.46 (KHTML, like Gecko) Version/9.0 Mobile/13G36 Safari/601.1"
66.249.89.70 - - [22/Feb/2017:02:50:37 +0100] "GET /books/part/21081 HTTP/1.1" 200 18097 "-" "Mediapartners-Google"
40.77.167.45 - - [22/Feb/2017:02:50:39 +0100] "GET /books/part/16971 HTTP/1.1" 200 10397 "-" "Mozilla/5.0 (compatible; bingbot/2.0; +http://www.bing.com/bingbot.htm)"
130.193.51.64 - - [22/Feb/2017:02:50:45 +0100] "GET /books/part/19333 HTTP/1.1" 200 32197 "-" "Mozilla/5.0 (iPhone; CPU iPhone OS 8_1 like Mac OS X) AppleWebKit/600.1.4 (KHTML, like Gecko) Version/8.0 Mobile/12B411 Safari/600.1.4 (compatible; YandexMobileBot/3.0; +http://yandex.com/bots)"
40.77.167.90 - - [22/Feb/2017:02:51:15 +0100] "GET /books/part/17159 HTTP/1.1" 200 15759 "-" "Mozilla/5.0 (compatible; bingbot/2.0; +http://www.bing.com/bingbot.htm)"
95.108.129.196 - - [22/Feb/2017:02:51:48 +0100] "GET / HTTP/1.1" 200 27625 "-" "Mozilla/5.0 (compatible; YandexMetrika/2.0; +http://yandex.com/bots mtmon01e.yandex.ru)"
217.69.134.12 - - [22/Feb/2017:02:52:02 +0100] "GET /sitemap.xml HTTP/1.1" 304 0 "-" "Mozilla/5.0 (compatible; Linux x86_64; Mail.RU_Bot/Fast/2.0; +http://go.mail.ru/help/robots)"
37.9.118.28 - - [22/Feb/2017:02:52:07 +0100] "GET / HTTP/1.1" 200 27625 "-" "Mozilla/5.0 (compatible; YandexMetrika/2.0; +http://yandex.com/bots mtmon01i.yandex.ru)"
94.231.22.6 - - [22/Feb/2017:02:53:18 +0100] "GET /books/part/22369 HTTP/1.1" 200 20606 "-" "Mozilla/5.0 (Windows NT 10.0; Win64; x64) AppleWebKit/537.36 (KHTML, like Gecko) Chrome/56.0.2924.87 Safari/537.36"
94.231.22.6 - - [22/Feb/2017:02:53:20 +0100] "GET /favicon.ico HTTP/1.1" 404 9141 "http://econbooks.ru/books/part/22369" "Mozilla/5.0 (Windows NT 10.0; Win64; x64) AppleWebKit/537.36 (KHTML, like Gecko) Chrome/56.0.2924.87 Safari/537.36"
40.77.167.90 - - [22/Feb/2017:02:53:25 +0100] "GET /books/part/47 HTTP/1.1" 200 10703 "-" "Mozilla/5.0 (compatible; bingbot/2.0; +http://www.bing.com/bingbot.htm)"
176.59.147.214 - - [22/Feb/2017:02:54:07 +0100] "GET /books/part/15899 HTTP/1.1" 200 22268 "https://www.google.ru/" "Mozilla/5.0 (Linux; Android 4.4.2; Zera F Build/KOT49H) AppleWebKit/537.36 (KHTML, like Gecko) Chrome/44.0.2403.133 Mobile Safari/537.36"
176.59.147.214 - - [22/Feb/2017:02:54:08 +0100] "GET /css/s.css HTTP/1.1" 200 228 "http://econbooks.ru/books/part/15899" "Mozilla/5.0 (Linux; Android 4.4.2; Zera F Build/KOT49H) AppleWebKit/537.36 (KHTML, like Gecko) Chrome/44.0.2403.133 Mobile Safari/537.36"
176.59.147.214 - - [22/Feb/2017:02:54:08 +0100] "GET /js/md5-min.js HTTP/1.1" 200 5275 "http://econbooks.ru/books/part/15899" "Mozilla/5.0 (Linux; Android 4.4.2; Zera F Build/KOT49H) AppleWebKit/537.36 (KHTML, like Gecko) Chrome/44.0.2403.133 Mobile Safari/537.36"
176.59.147.214 - - [22/Feb/2017:02:54:08 +0100] "GET /css/bootstrap-responsive.css HTTP/1.1" 200 22111 "http://econbooks.ru/books/part/15899" "Mozilla/5.0 (Linux; Android 4.4.2; Zera F Build/KOT49H) AppleWebKit/537.36 (KHTML, like Gecko) Chrome/44.0.2403.133 Mobile Safari/537.36"
176.59.147.214 - - [22/Feb/2017:02:54:08 +0100] "GET /js/bootstrap.min.js HTTP/1.1" 200 28538 "http://econbooks.ru/books/part/15899" "Mozilla/5.0 (Linux; Android 4.4.2; Zera F Build/KOT49H) AppleWebKit/537.36 (KHTML, like Gecko) Chrome/44.0.2403.133 Mobile Safari/537.36"
176.59.147.214 - - [22/Feb/2017:02:54:08 +0100] "GET /js/jquery.js HTTP/1.1" 200 92635 "http://econbooks.ru/books/part/15899" "Mozilla/5.0 (Linux; Android 4.4.2; Zera F Build/KOT49H) AppleWebKit/537.36 (KHTML, like Gecko) Chrome/44.0.2403.133 Mobile Safari/537.36"
176.59.147.214 - - [22/Feb/2017:02:54:07 +0100] "GET /css/bootstrap.css HTTP/1.1" 200 146970 "http://econbooks.ru/books/part/15899" "Mozilla/5.0 (Linux; Android 4.4.2; Zera F Build/KOT49H) AppleWebKit/537.36 (KHTML, like Gecko) Chrome/44.0.2403.133 Mobile Safari/537.36"
176.59.147.214 - - [22/Feb/2017:02:54:09 +0100] "GET /img/glyphicons-halflings.png HTTP/1.1" 200 12799 "http://econbooks.ru/css/bootstrap.css" "Mozilla/5.0 (Linux; Android 4.4.2; Zera F Build/KOT49H) AppleWebKit/537.36 (KHTML, like Gecko) Chrome/44.0.2403.133 Mobile Safari/537.36"
176.59.147.214 - - [22/Feb/2017:02:54:09 +0100] "GET /img/logo.png HTTP/1.1" 200 2870 "http://econbooks.ru/css/s.css" "Mozilla/5.0 (Linux; Android 4.4.2; Zera F Build/KOT49H) AppleWebKit/537.36 (KHTML, like Gecko) Chrome/44.0.2403.133 Mobile Safari/537.36"
66.249.89.70 - - [22/Feb/2017:02:54:11 +0100] "GET /books/part/15899 HTTP/1.1" 200 22268 "-" "Mediapartners-Google"
89.145.95.67 - - [22/Feb/2017:02:54:12 +0100] "GET /books/part/17556 HTTP/1.1" 200 36020 "-" "Mozilla/5.0 (compatible; GrapeshotCrawler/2.0; +http://www.grapeshot.co.uk/crawler.php)"
176.59.147.214 - - [22/Feb/2017:02:54:15 +0100] "GET /favicon.ico HTTP/1.1" 404 9141 "http://econbooks.ru/books/part/15899" "Mozilla/5.0 (Linux; Android 4.4.2; Zera F Build/KOT49H) AppleWebKit/537.36 (KHTML, like Gecko) Chrome/44.0.2403.133 Mobile Safari/537.36"
40.77.167.90 - - [22/Feb/2017:02:54:34 +0100] "GET /books/part/20597 HTTP/1.1" 200 17256 "-" "Mozilla/5.0 (compatible; bingbot/2.0; +http://www.bing.com/bingbot.htm)"
80.83.239.104 - - [22/Feb/2017:02:54:49 +0100] "GET /books/part/18717 HTTP/1.1" 200 29399 "https://www.google.ru/" "Mozilla/5.0 (iPhone; CPU iPhone OS 10_2_1 like Mac OS X) AppleWebKit/602.1.50 (KHTML, like Gecko) CriOS/56.0.2924.79 Mobile/14D27 Safari/602.1"
80.83.239.104 - - [22/Feb/2017:02:54:50 +0100] "GET /css/s.css HTTP/1.1" 200 228 "http://econbooks.ru/books/part/18717" "Mozilla/5.0 (iPhone; CPU iPhone OS 10_2_1 like Mac OS X) AppleWebKit/602.1.50 (KHTML, like Gecko) CriOS/56.0.2924.79 Mobile/14D27 Safari/602.1"
80.83.239.104 - - [22/Feb/2017:02:54:50 +0100] "GET /js/md5-min.js HTTP/1.1" 200 5275 "http://econbooks.ru/books/part/18717" "Mozilla/5.0 (iPhone; CPU iPhone OS 10_2_1 like Mac OS X) AppleWebKit/602.1.50 (KHTML, like Gecko) CriOS/56.0.2924.79 Mobile/14D27 Safari/602.1"
80.83.239.104 - - [22/Feb/2017:02:54:50 +0100] "GET /css/bootstrap-responsive.css HTTP/1.1" 200 22111 "http://econbooks.ru/books/part/18717" "Mozilla/5.0 (iPhone; CPU iPhone OS 10_2_1 like Mac OS X) AppleWebKit/602.1.50 (KHTML, like Gecko) CriOS/56.0.2924.79 Mobile/14D27 Safari/602.1"
80.83.239.104 - - [22/Feb/2017:02:54:50 +0100] "GET /css/bootstrap.css HTTP/1.1" 200 146970 "http://econbooks.ru/books/part/18717" "Mozilla/5.0 (iPhone; CPU iPhone OS 10_2_1 like Mac OS X) AppleWebKit/602.1.50 (KHTML, like Gecko) CriOS/56.0.2924.79 Mobile/14D27 Safari/602.1"
80.83.239.104 - - [22/Feb/2017:02:54:50 +0100] "GET /js/jquery.js HTTP/1.1" 200 92635 "http://econbooks.ru/books/part/18717" "Mozilla/5.0 (iPhone; CPU iPhone OS 10_2_1 like Mac OS X) AppleWebKit/602.1.50 (KHTML, like Gecko) CriOS/56.0.2924.79 Mobile/14D27 Safari/602.1"
80.83.239.104 - - [22/Feb/2017:02:54:50 +0100] "GET /js/bootstrap.min.js HTTP/1.1" 200 28538 "http://econbooks.ru/books/part/18717" "Mozilla/5.0 (iPhone; CPU iPhone OS 10_2_1 like Mac OS X) AppleWebKit/602.1.50 (KHTML, like Gecko) CriOS/56.0.2924.79 Mobile/14D27 Safari/602.1"
80.83.239.104 - - [22/Feb/2017:02:54:51 +0100] "GET /img/glyphicons-halflings.png HTTP/1.1" 200 12799 "http://econbooks.ru/books/part/18717" "Mozilla/5.0 (iPhone; CPU iPhone OS 10_2_1 like Mac OS X) AppleWebKit/602.1.50 (KHTML, like Gecko) CriOS/56.0.2924.79 Mobile/14D27 Safari/602.1"
80.83.239.104 - - [22/Feb/2017:02:54:51 +0100] "GET /img/logo.png HTTP/1.1" 200 2870 "http://econbooks.ru/books/part/18717" "Mozilla/5.0 (iPhone; CPU iPhone OS 10_2_1 like Mac OS X) AppleWebKit/602.1.50 (KHTML, like Gecko) CriOS/56.0.2924.79 Mobile/14D27 Safari/602.1"
