78.46.24.99 - - [22/Feb/2017:00:00:10 +0100] "GET /books/part/18623 HTTP/1.1" 200 42614 "-" "Mozilla/5.0 (Windows NT 6.1; WOW64; rv:38.0) Gecko/20100101 Firefox/38.0"
130.253.21.123 - - [22/Feb/2017:00:00:18 +0100] "GET / HTTP/1.1" 200 27625 "-" "Mozilla/5.0 (X11; Ubuntu; Linux x86_64; rv:15.0) Gecko/20100101 Firefox/15.0"
68.180.230.235 - - [22/Feb/2017:00:00:35 +0100] "GET /books/part/20697 HTTP/1.1" 200 12040 "-" "Mozilla/5.0 (compatible; Yahoo! Slurp; http://help.yahoo.com/help/us/ysearch/slurp)"
89.151.166.241 - - [22/Feb/2017:00:01:02 +0100] "GET /css/s.css HTTP/1.1" 200 228 "http://econbooks.ru/books/part/21310" "Mozilla/5.0 (Windows NT 10.0; Win64; x64) AppleWebKit/537.36 (KHTML, like Gecko) Chrome/51.0.2704.79 Safari/537.36 Edge/14.14393"
89.151.166.241 - - [22/Feb/2017:00:01:02 +0100] "GET /js/md5-min.js HTTP/1.1" 200 5275 "http://econbooks.ru/books/part/21310" "Mozilla/5.0 (Windows NT 10.0; Win64; x64) AppleWebKit/537.36 (KHTML, like Gecko) Chrome/51.0.2704.79 Safari/537.36 Edge/14.14393"
89.151.166.241 - - [22/Feb/2017:00:01:02 +0100] "GET /books/part/21310 HTTP/1.1" 200 20711 "https://www.google.ru/" "Mozilla/5.0 (Windows NT 10.0; Win64; x64) AppleWebKit/537.36 (KHTML, like Gecko) Chrome/51.0.2704.79 Safari/537.36 Edge/14.14393"
89.151.166.241 - - [22/Feb/2017:00:01:02 +0100] "GET /css/bootstrap-responsive.css HTTP/1.1" 200 22111 "http://econbooks.ru/books/part/21310" "Mozilla/5.0 (Windows NT 10.0; Win64; x64) AppleWebKit/537.36 (KHTML, like Gecko) Chrome/51.0.2704.79 Safari/537.36 Edge/14.14393"
89.151.166.241 - - [22/Feb/2017:00:01:02 +0100] "GET /js/bootstrap.min.js HTTP/1.1" 200 28538 "http://econbooks.ru/books/part/21310" "Mozilla/5.0 (Windows NT 10.0; Win64; x64) AppleWebKit/537.36 (KHTML, like Gecko) Chrome/51.0.2704.79 Safari/537.36 Edge/14.14393"
89.151.166.241 - - [22/Feb/2017:00:01:02 +0100] "GET /js/jquery.js HTTP/1.1" 200 92635 "http://econbooks.ru/books/part/21310" "Mozilla/5.0 (Windows NT 10.0; Win64; x64) AppleWebKit/537.36 (KHTML, like Gecko) Chrome/51.0.2704.79 Safari/537.36 Edge/14.14393"
89.151.166.241 - - [22/Feb/2017:00:01:02 +0100] "GET /css/bootstrap.css HTTP/1.1" 200 146970 "http://econbooks.ru/books/part/21310" "Mozilla/5.0 (Windows NT 10.0; Win64; x64) AppleWebKit/537.36 (KHTML, like Gecko) Chrome/51.0.2704.79 Safari/537.36 Edge/14.14393"
89.151.166.241 - - [22/Feb/2017:00:01:02 +0100] "GET /img/logo.png HTTP/1.1" 200 2870 "http://econbooks.ru/books/part/21310" "Mozilla/5.0 (Windows NT 10.0; Win64; x64) AppleWebKit/537.36 (KHTML, like Gecko) Chrome/51.0.2704.79 Safari/537.36 Edge/14.14393"
89.151.166.241 - - [22/Feb/2017:00:01:03 +0100] "GET /favicon.ico HTTP/1.1" 404 9141 "-" "Mozilla/5.0 (Windows NT 10.0; Win64; x64) AppleWebKit/537.36 (KHTML, like Gecko) Chrome/51.0.2704.79 Safari/537.36 Edge/14.14393"
136.243.95.154 - - [22/Feb/2017:00:01:21 +0100] "GET /books/part/18623 HTTP/1.1" 200 42614 "-" "Mozilla/5.0 (Windows NT 6.1; WOW64; rv:38.0) Gecko/20100101 Firefox/38.0"
54.85.115.242 - - [22/Feb/2017:00:01:34 +0100] "GET /books/part/16462 HTTP/1.1" 200 22319 "-" "Mozilla/5.0 (compatible; linkdexbot/2.2; +http://www.linkdex.com/bots/)"
91.108.28.59 - - [22/Feb/2017:00:01:34 +0100] "GET /books/part/6626 HTTP/1.1" 200 24971 "-" "Mozilla/5.0 (Windows NT 6.1; WOW64; rv:38.0) Gecko/20100101 Firefox/38.0"
31.173.80.74 - - [22/Feb/2017:00:01:38 +0100] "GET /books/part/16618 HTTP/1.1" 200 17098 "http://yandex.ru/clck/jsredir?from=yandex.ru%3Bsearch%3Bweb%3B%3B&text=&etext=1339.0-A0VGE-Ad1YZ5xn0uWjY9x6a8JJi5Osza3D6d8XVXOKssDL5TSsVvCTvtsnSZ4y.01c35d30bc32b81e78161717e2e97d86f195cdea&uuid=&state=_BLhILn4SxNIvvL0W45KSic66uCIg23qh8iRG98qeIXmeppkgUc0YMkOSpatjLUqgxH-XWLwn-g&data=UlNrNmk5WktYejR0eWJFYk1LdmtxaTQ0SWtiQ0JRWVZmeTVNTlpFaUV5Y1hTb2tFVWYzSDNUNjZWUmtQVTBmNVZ1TDYyNDNrc0V2QVVDeTdtUnpaUmNObWdaY3JlQmFabjU0V3MyX3FLNklqS2JYNWFiSVVxX1BORGdtVHcxRHo&b64e=2&sign=14979de1bbc5ba9e484120249b438d2d&keyno=0&cst=AiuY0DBWFJ7IXge4WdYJQe3IrxbPWIv4R5Tub2uOy0BRpzHq7WQpPlZ-wz6GRL6WF07hTjXmHgXM7-TzLRLvw4W1xvmYuGs_ocv3DgZjES0YbbeTQcbfI-j8feA9tsLgxRxdatJMDIienjb_yFP1CA&ref=orjY4mGPRjk5boDnW0uvlrrd71vZw9kp5uQozpMtKCXEfKO1imoOE4DBoJJ7zgvArMoYAN0Ljx1CxvCpM9iXJIfgDz7ZiEv4xf1LgGvhgjJ5JW1SQkRBdg&l10n=ru&cts=1487717967945&mc=4.54659460716" "Opera/9.80 (J2ME/MIDP; Opera Mini/5.0.18741/28.2647; U; ru) Presto/2.8.119 Version/11.10"
31.173.80.74 - - [22/Feb/2017:00:01:39 +0100] "GET /css/s.css HTTP/1.1" 200 228 "http://econbooks.ru/books/part/16618" "Opera/9.80 (J2ME/MIDP; Opera Mini/5.0.18741/28.2647; U; ru) Presto/2.8.119 Version/11.10"
31.173.80.74 - - [22/Feb/2017:00:01:39 +0100] "GET /js/md5-min.js HTTP/1.1" 200 5275 "http://econbooks.ru/books/part/16618" "Opera/9.80 (J2ME/MIDP; Opera Mini/5.0.18741/28.2647; U; ru) Presto/2.8.119 Version/11.10"
31.173.80.74 - - [22/Feb/2017:00:01:39 +0100] "GET /css/bootstrap-responsive.css HTTP/1.1" 200 22111 "http://econbooks.ru/books/part/16618" "Opera/9.80 (J2ME/MIDP; Opera Mini/5.0.18741/28.2647; U; ru) Presto/2.8.119 Version/11.10"
31.173.80.74 - - [22/Feb/2017:00:01:39 +0100] "GET /js/bootstrap.min.js HTTP/1.1" 200 28538 "http://econbooks.ru/books/part/16618" "Opera/9.80 (J2ME/MIDP; Opera Mini/5.0.18741/28.2647; U; ru) Presto/2.8.119 Version/11.10"
31.173.80.74 - - [22/Feb/2017:00:01:39 +0100] "GET /js/jquery.js HTTP/1.1" 200 92635 "http://econbooks.ru/books/part/16618" "Opera/9.80 (J2ME/MIDP; Opera Mini/5.0.18741/28.2647; U; ru) Presto/2.8.119 Version/11.10"
31.173.80.74 - - [22/Feb/2017:00:01:39 +0100] "GET /css/bootstrap.css HTTP/1.1" 200 146970 "http://econbooks.ru/books/part/16618" "Opera/9.80 (J2ME/MIDP; Opera Mini/5.0.18741/28.2647; U; ru) Presto/2.8.119 Version/11.10"
66.249.89.67 - - [22/Feb/2017:00:01:51 +0100] "GET /books/part/16618 HTTP/1.1" 200 17098 "-" "Mediapartners-Google"
95.221.196.127 - - [22/Feb/2017:00:03:59 +0100] "GET /books/part/22007 HTTP/1.1" 200 10336 "http://yandex.ru/clck/jsredir?from=yandex.ru%3Bsearch%3Bweb%3B%3B&text=&etext=1339.FBeiQWwaSHpT1vcf-xooLUdaxGcP3AhYzzny6AiYsfLS08_GnfgL9XanyeZqCKmy.00c67f57458ab782ea41ec940076cdfcdae66837&uuid=&state=_BLhILn4SxNIvvL0W45KSic66uCIg23qh8iRG98qeIXmeppkgUc0YFUVNhHyyhJgRFg5yeLMIWU&data=UlNrNmk5WktYejR0eWJFYk1LdmtxaTQ0SWtiQ0JRWVZmeTVNTlpFaUV5Y1hTb2tFVWYzSDNTOXg1SExaZllQSy1iX2tSLUc3MTlLTDZXUkJheHhLbGtVU0JNYlZfU2k3Mk5Ba0ZLM3ZrUjNESWNCTFJCNklEcjlBNEg5QXRqeFY&b64e=2&sign=3a6bfb5fdeabcc2c23662cc5a5f69152&keyno=0&cst=AiuY0DBWFJ7IXge4WdYJQULnoVAFacUfJnaoP2DqhOjC3BHvcP-UA49vBzMn90X-2IjNc_9dMByuB_jbbdXnwg-jR3c2zZ87Hp_V9_MK29B9sE-w1-eXDXS4_NFGens8VbY3KAgGSvV6uXmMgAPLKA&ref=orjY4mGPRjk5boDnW0uvlrrd71vZw9kp5uQozpMtKCWSYRYQUk8Yr55cZf3Crc1KjBAl6P7OFm661QnSTL90W-yW9QWFJnY6Nh5OiLTa6YEeuZliaPy6ew&l10n=ru&cts=1487718126595&mc=5.87097336997" "Mozilla/5.0 (Windows NT 6.1; WOW64) AppleWebKit/537.36 (KHTML, like Gecko) Chrome/31.0.1650.57 Safari/537.36"
95.221.196.127 - - [22/Feb/2017:00:04:01 +0100] "GET /css/s.css HTTP/1.1" 200 228 "http://econbooks.ru/books/part/22007" "Mozilla/5.0 (Windows NT 6.1; WOW64) AppleWebKit/537.36 (KHTML, like Gecko) Chrome/31.0.1650.57 Safari/537.36"
95.221.196.127 - - [22/Feb/2017:00:04:01 +0100] "GET /js/md5-min.js HTTP/1.1" 200 5275 "http://econbooks.ru/books/part/22007" "Mozilla/5.0 (Windows NT 6.1; WOW64) AppleWebKit/537.36 (KHTML, like Gecko) Chrome/31.0.1650.57 Safari/537.36"
95.221.196.127 - - [22/Feb/2017:00:04:01 +0100] "GET /css/bootstrap-responsive.css HTTP/1.1" 200 22111 "http://econbooks.ru/books/part/22007" "Mozilla/5.0 (Windows NT 6.1; WOW64) AppleWebKit/537.36 (KHTML, like Gecko) Chrome/31.0.1650.57 Safari/537.36"
95.221.196.127 - - [22/Feb/2017:00:04:01 +0100] "GET /js/bootstrap.min.js HTTP/1.1" 200 28538 "http://econbooks.ru/books/part/22007" "Mozilla/5.0 (Windows NT 6.1; WOW64) AppleWebKit/537.36 (KHTML, like Gecko) Chrome/31.0.1650.57 Safari/537.36"
95.221.196.127 - - [22/Feb/2017:00:04:01 +0100] "GET /css/bootstrap.css HTTP/1.1" 200 146970 "http://econbooks.ru/books/part/22007" "Mozilla/5.0 (Windows NT 6.1; WOW64) AppleWebKit/537.36 (KHTML, like Gecko) Chrome/31.0.1650.57 Safari/537.36"
95.221.196.127 - - [22/Feb/2017:00:04:01 +0100] "GET /js/jquery.js HTTP/1.1" 200 92635 "http://econbooks.ru/books/part/22007" "Mozilla/5.0 (Windows NT 6.1; WOW64) AppleWebKit/537.36 (KHTML, like Gecko) Chrome/31.0.1650.57 Safari/537.36"
95.221.196.127 - - [22/Feb/2017:00:04:01 +0100] "GET /img/logo.png HTTP/1.1" 200 2870 "http://econbooks.ru/books/part/22007" "Mozilla/5.0 (Windows NT 6.1; WOW64) AppleWebKit/537.36 (KHTML, like Gecko) Chrome/31.0.1650.57 Safari/537.36"
95.221.196.127 - - [22/Feb/2017:00:04:15 +0100] "GET /img/glyphicons-halflings.png HTTP/1.1" 200 12799 "http://econbooks.ru/books/part/22007" "Mozilla/5.0 (Windows NT 6.1; WOW64) AppleWebKit/537.36 (KHTML, like Gecko) Chrome/31.0.1650.57 Safari/537.36"
78.25.122.225 - - [22/Feb/2017:00:04:20 +0100] "GET /books/part/18634 HTTP/1.1" 200 21019 "-" "Mozilla/5.0 (iPhone; CPU iPhone OS 10_0_2 like Mac OS X) AppleWebKit/602.1.50 (KHTML, like Gecko) Version/10.0 Mobile/14A456 Safari/602.1"
78.25.122.225 - - [22/Feb/2017:00:04:20 +0100] "GET /css/s.css HTTP/1.1" 200 228 "http://econbooks.ru/books/part/18634" "Mozilla/5.0 (iPhone; CPU iPhone OS 10_0_2 like Mac OS X) AppleWebKit/602.1.50 (KHTML, like Gecko) Version/10.0 Mobile/14A456 Safari/602.1"
78.25.122.225 - - [22/Feb/2017:00:04:20 +0100] "GET /js/md5-min.js HTTP/1.1" 200 5275 "http://econbooks.ru/books/part/18634" "Mozilla/5.0 (iPhone; CPU iPhone OS 10_0_2 like Mac OS X) AppleWebKit/602.1.50 (KHTML, like Gecko) Version/10.0 Mobile/14A456 Safari/602.1"
78.25.122.225 - - [22/Feb/2017:00:04:20 +0100] "GET /js/jquery.js HTTP/1.1" 200 92635 "http://econbooks.ru/books/part/18634" "Mozilla/5.0 (iPhone; CPU iPhone OS 10_0_2 like Mac OS X) AppleWebKit/602.1.50 (KHTML, like Gecko) Version/10.0 Mobile/14A456 Safari/602.1"
78.25.122.225 - - [22/Feb/2017:00:04:20 +0100] "GET /css/bootstrap-responsive.css HTTP/1.1" 200 22111 "http://econbooks.ru/books/part/18634" "Mozilla/5.0 (iPhone; CPU iPhone OS 10_0_2 like Mac OS X) AppleWebKit/602.1.50 (KHTML, like Gecko) Version/10.0 Mobile/14A456 Safari/602.1"
78.25.122.225 - - [22/Feb/2017:00:04:20 +0100] "GET /js/bootstrap.min.js HTTP/1.1" 200 28538 "http://econbooks.ru/books/part/18634" "Mozilla/5.0 (iPhone; CPU iPhone OS 10_0_2 like Mac OS X) AppleWebKit/602.1.50 (KHTML, like Gecko) Version/10.0 Mobile/14A456 Safari/602.1"
78.25.122.225 - - [22/Feb/2017:00:04:20 +0100] "GET /css/bootstrap.css HTTP/1.1" 200 146970 "http://econbooks.ru/books/part/18634" "Mozilla/5.0 (iPhone; CPU iPhone OS 10_0_2 like Mac OS X) AppleWebKit/602.1.50 (KHTML, like Gecko) Version/10.0 Mobile/14A456 Safari/602.1"
78.25.122.225 - - [22/Feb/2017:00:04:21 +0100] "GET /img/glyphicons-halflings.png HTTP/1.1" 200 12799 "http://econbooks.ru/books/part/18634" "Mozilla/5.0 (iPhone; CPU iPhone OS 10_0_2 like Mac OS X) AppleWebKit/602.1.50 (KHTML, like Gecko) Version/10.0 Mobile/14A456 Safari/602.1"
78.25.122.225 - - [22/Feb/2017:00:04:21 +0100] "GET /img/logo.png HTTP/1.1" 200 2870 "http://econbooks.ru/books/part/18634" "Mozilla/5.0 (iPhone; CPU iPhone OS 10_0_2 like Mac OS X) AppleWebKit/602.1.50 (KHTML, like Gecko) Version/10.0 Mobile/14A456 Safari/602.1"
157.55.39.239 - - [22/Feb/2017:00:04:51 +0100] "GET /books/part/15609 HTTP/1.1" 200 10370 "-" "Mozilla/5.0 (compatible; bingbot/2.0; +http://www.bing.com/bingbot.htm)"
93.158.152.22 - - [22/Feb/2017:00:05:14 +0100] "GET /books/part/18677 HTTP/1.1" 200 33345 "-" "Mozilla/5.0 (iPhone; CPU iPhone OS 8_1 like Mac OS X) AppleWebKit/600.1.4 (KHTML, like Gecko) Version/8.0 Mobile/12B411 Safari/600.1.4 (compatible; YandexMobileBot/3.0; +http://yandex.com/bots)"
163.172.65.123 - - [22/Feb/2017:00:05:15 +0100] "GET /books/part/18464 HTTP/1.1" 200 10508 "-" "Mozilla/5.0 (compatible; AhrefsBot/5.2; +http://ahrefs.com/robot/)"
141.8.132.14 - - [22/Feb/2017:00:05:27 +0100] "GET /books/part/2224 HTTP/1.1" 200 20070 "-" "Mozilla/5.0 (iPhone; CPU iPhone OS 8_1 like Mac OS X) AppleWebKit/600.1.4 (KHTML, like Gecko) Version/8.0 Mobile/12B411 Safari/600.1.4 (compatible; YandexMobileBot/3.0; +http://yandex.com/bots)"
40.77.167.45 - - [22/Feb/2017:00:05:57 +0100] "GET /books/part/18107 HTTP/1.1" 200 13003 "-" "Mozilla/5.0 (compatible; bingbot/2.0; +http://www.bing.com/bingbot.htm)"
217.69.134.14 - - [22/Feb/2017:00:06:21 +0100] "GET /sitemap.xml HTTP/1.1" 304 0 "-" "Mozilla/5.0 (compatible; Linux x86_64; Mail.RU_Bot/Fast/2.0; +http://go.mail.ru/help/robots)"
207.46.13.57 - - [22/Feb/2017:00:07:04 +0100] "GET /books/part/18930 HTTP/1.1" 200 10840 "-" "Mozilla/5.0 (compatible; bingbot/2.0; +http://www.bing.com/bingbot.htm)"
94.143.246.123 - - [22/Feb/2017:00:07:14 +0100] "GET /books/part/21074 HTTP/1.1" 200 42133 "-" "Mozilla/5.0 (Windows NT 6.1; WOW64; rv:38.0) Gecko/20100101 Firefox/38.0"
107.174.139.208 - - [22/Feb/2017:00:07:18 +0100] "GET / HTTP/1.1" 301 310 "-" "Mozilla/5.0 (X11; Linux x86_64) AppleWebKit/537.36 (KHTML, like Gecko) Chrome/28.0.1500.71 Safari/537.36"
107.174.139.208 - - [22/Feb/2017:00:07:19 +0100] "GET / HTTP/1.1" 200 27625 "http://www.econbooks.ru/" "Mozilla/5.0 (X11; Linux x86_64) AppleWebKit/537.36 (KHTML, like Gecko) Chrome/28.0.1500.71 Safari/537.36"
107.174.139.208 - - [22/Feb/2017:00:07:23 +0100] "HEAD /sitemap.xml HTTP/1.1" 200 0 "-" "-"
89.42.237.49 - - [22/Feb/2017:00:07:23 +0100] "HEAD /test-for-404-page HTTP/1.1" 404 0 "-" "-"
217.107.194.145 - - [22/Feb/2017:00:07:24 +0100] "GET /css/s.css HTTP/1.1" 200 228 "http://econbooks.ru/books/part/4741" "Mozilla/5.0 (Windows NT 6.1; WOW64) AppleWebKit/537.36 (KHTML, like Gecko) Chrome/56.0.2924.87 Safari/537.36"
217.107.194.145 - - [22/Feb/2017:00:07:24 +0100] "GET /books/part/4741 HTTP/1.1" 200 38909 "https://www.google.ru/" "Mozilla/5.0 (Windows NT 6.1; WOW64) AppleWebKit/537.36 (KHTML, like Gecko) Chrome/56.0.2924.87 Safari/537.36"
217.107.194.145 - - [22/Feb/2017:00:07:24 +0100] "GET /js/md5-min.js HTTP/1.1" 200 5275 "http://econbooks.ru/books/part/4741" "Mozilla/5.0 (Windows NT 6.1; WOW64) AppleWebKit/537.36 (KHTML, like Gecko) Chrome/56.0.2924.87 Safari/537.36"
217.107.194.145 - - [22/Feb/2017:00:07:24 +0100] "GET /css/bootstrap-responsive.css HTTP/1.1" 200 22111 "http://econbooks.ru/books/part/4741" "Mozilla/5.0 (Windows NT 6.1; WOW64) AppleWebKit/537.36 (KHTML, like Gecko) Chrome/56.0.2924.87 Safari/537.36"
217.107.194.145 - - [22/Feb/2017:00:07:24 +0100] "GET /js/jquery.js HTTP/1.1" 200 92635 "http://econbooks.ru/books/part/4741" "Mozilla/5.0 (Windows NT 6.1; WOW64) AppleWebKit/537.36 (KHTML, like Gecko) Chrome/56.0.2924.87 Safari/537.36"
217.107.194.145 - - [22/Feb/2017:00:07:24 +0100] "GET /css/bootstrap.css HTTP/1.1" 200 146970 "http://econbooks.ru/books/part/4741" "Mozilla/5.0 (Windows NT 6.1; WOW64) AppleWebKit/537.36 (KHTML, like Gecko) Chrome/56.0.2924.87 Safari/537.36"
217.107.194.145 - - [22/Feb/2017:00:07:24 +0100] "GET /js/bootstrap.min.js HTTP/1.1" 200 28538 "http://econbooks.ru/books/part/4741" "Mozilla/5.0 (Windows NT 6.1; WOW64) AppleWebKit/537.36 (KHTML, like Gecko) Chrome/56.0.2924.87 Safari/537.36"
217.107.194.145 - - [22/Feb/2017:00:07:24 +0100] "GET /img/logo.png HTTP/1.1" 200 2870 "http://econbooks.ru/css/s.css" "Mozilla/5.0 (Windows NT 6.1; WOW64) AppleWebKit/537.36 (KHTML, like Gecko) Chrome/56.0.2924.87 Safari/537.36"
217.107.194.145 - - [22/Feb/2017:00:07:25 +0100] "GET /favicon.ico HTTP/1.1" 404 9141 "http://econbooks.ru/books/part/4741" "Mozilla/5.0 (Windows NT 6.1; WOW64) AppleWebKit/537.36 (KHTML, like Gecko) Chrome/56.0.2924.87 Safari/537.36"
141.8.142.73 - - [22/Feb/2017:00:08:28 +0100] "GET /books/part/20871 HTTP/1.1" 200 25797 "-" "Mozilla/5.0 (iPhone; CPU iPhone OS 8_1 like Mac OS X) AppleWebKit/600.1.4 (KHTML, like Gecko) Version/8.0 Mobile/12B411 Safari/600.1.4 (compatible; YandexMobileBot/3.0; +http://yandex.com/bots)"
40.77.167.128 - - [22/Feb/2017:00:08:46 +0100] "GET /books/part/17164 HTTP/1.1" 200 14210 "-" "Mozilla/5.0 (compatible; bingbot/2.0; +http://www.bing.com/bingbot.htm)"
40.77.167.45 - - [22/Feb/2017:00:09:07 +0100] "GET /books/part/17280 HTTP/1.1" 200 33519 "-" "Mozilla/5.0 (compatible; bingbot/2.0; +http://www.bing.com/bingbot.htm)"
207.46.13.57 - - [22/Feb/2017:00:09:59 +0100] "GET /books/part/17314 HTTP/1.1" 200 21203 "-" "Mozilla/5.0 (compatible; bingbot/2.0; +http://www.bing.com/bingbot.htm)"
157.55.39.239 - - [22/Feb/2017:00:10:15 +0100] "GET /books/part/20250 HTTP/1.1" 200 10521 "-" "Mozilla/5.0 (compatible; bingbot/2.0; +http://www.bing.com/bingbot.htm)"
207.46.13.57 - - [22/Feb/2017:00:10:25 +0100] "GET /books/part/17152 HTTP/1.1" 200 30526 "-" "Mozilla/5.0 (compatible; bingbot/2.0; +http://www.bing.com/bingbot.htm)"
207.46.13.57 - - [22/Feb/2017:00:10:26 +0100] "GET /books/part/17845 HTTP/1.1" 200 43014 "-" "Mozilla/5.0 (compatible; bingbot/2.0; +http://www.bing.com/bingbot.htm)"
157.55.39.239 - - [22/Feb/2017:00:10:36 +0100] "GET /books/part/20476 HTTP/1.1" 200 21364 "-" "Mozilla/5.0 (compatible; bingbot/2.0; +http://www.bing.com/bingbot.htm)"
40.77.167.45 - - [22/Feb/2017:00:10:52 +0100] "GET /books/category/Statistika HTTP/1.1" 200 9225 "-" "Mozilla/5.0 (compatible; bingbot/2.0; +http://www.bing.com/bingbot.htm)"
78.25.123.28 - - [22/Feb/2017:00:11:10 +0100] "GET /books/part/17762 HTTP/1.1" 200 28282 "-" "Mozilla/5.0 (iPhone; CPU iPhone OS 10_1_1 like Mac OS X) AppleWebKit/602.2.14 (KHTML, like Gecko) Version/10.0 Mobile/14B100 Safari/602.1"
78.25.123.28 - - [22/Feb/2017:00:11:10 +0100] "GET /apple-touch-icon-120x120-precomposed.png HTTP/1.1" 404 9170 "-" "MobileSafari/602.1 CFNetwork/808.1.4 Darwin/16.1.0"
78.25.123.28 - - [22/Feb/2017:00:11:11 +0100] "GET /apple-touch-icon-120x120.png HTTP/1.1" 404 9158 "-" "MobileSafari/602.1 CFNetwork/808.1.4 Darwin/16.1.0"
78.25.123.28 - - [22/Feb/2017:00:11:11 +0100] "GET /apple-touch-icon-precomposed.png HTTP/1.1" 404 9162 "-" "MobileSafari/602.1 CFNetwork/808.1.4 Darwin/16.1.0"
78.25.123.28 - - [22/Feb/2017:00:11:11 +0100] "GET /apple-touch-icon.png HTTP/1.1" 404 9150 "-" "MobileSafari/602.1 CFNetwork/808.1.4 Darwin/16.1.0"
78.25.123.28 - - [22/Feb/2017:00:11:11 +0100] "GET /favicon.ico HTTP/1.1" 404 9141 "-" "MobileSafari/602.1 CFNetwork/808.1.4 Darwin/16.1.0"
78.25.123.28 - - [22/Feb/2017:00:11:11 +0100] "GET /apple-touch-icon-120x120-precomposed.png HTTP/1.1" 404 9170 "-" "MobileSafari/602.1 CFNetwork/808.1.4 Darwin/16.1.0"
78.25.123.28 - - [22/Feb/2017:00:11:12 +0100] "GET /apple-touch-icon-120x120.png HTTP/1.1" 404 9158 "-" "MobileSafari/602.1 CFNetwork/808.1.4 Darwin/16.1.0"
78.25.123.28 - - [22/Feb/2017:00:11:12 +0100] "GET /apple-touch-icon-precomposed.png HTTP/1.1" 404 9162 "-" "MobileSafari/602.1 CFNetwork/808.1.4 Darwin/16.1.0"
78.25.123.28 - - [22/Feb/2017:00:11:12 +0100] "GET /apple-touch-icon.png HTTP/1.1" 404 9150 "-" "MobileSafari/602.1 CFNetwork/808.1.4 Darwin/16.1.0"
78.25.123.28 - - [22/Feb/2017:00:11:12 +0100] "GET /favicon.ico HTTP/1.1" 404 9141 "-" "MobileSafari/602.1 CFNetwork/808.1.4 Darwin/16.1.0"
40.77.167.45 - - [22/Feb/2017:00:12:03 +0100] "GET /books/part/17600 HTTP/1.1" 200 24304 "-" "Mozilla/5.0 (compatible; bingbot/2.0; +http://www.bing.com/bingbot.htm)"
204.79.180.232 - - [22/Feb/2017:00:13:06 +0100] "GET /books/part/17790 HTTP/1.1" 200 12154 "-" "Mozilla/5.0 (compatible; MSIE 9.0; Windows NT 6.0; Trident/5.0;  Trident/5.0)"
204.79.180.189 - - [22/Feb/2017:00:13:07 +0100] "GET /css/s.css HTTP/1.1" 200 228 "http://econbooks.ru/books/part/17790" "Mozilla/5.0 (compatible; MSIE 9.0; Windows NT 6.0; Trident/5.0;  Trident/5.0)"
204.79.180.34 - - [22/Feb/2017:00:13:07 +0100] "GET /js/md5-min.js HTTP/1.1" 200 5275 "http://econbooks.ru/books/part/17790" "Mozilla/5.0 (compatible; MSIE 9.0; Windows NT 6.0; Trident/5.0;  Trident/5.0)"
204.79.180.121 - - [22/Feb/2017:00:13:07 +0100] "GET /js/jquery.js HTTP/1.1" 200 92635 "http://econbooks.ru/books/part/17790" "Mozilla/5.0 (compatible; MSIE 9.0; Windows NT 6.0; Trident/5.0;  Trident/5.0)"
204.79.180.130 - - [22/Feb/2017:00:13:07 +0100] "GET /css/bootstrap.css HTTP/1.1" 200 146970 "http://econbooks.ru/books/part/17790" "Mozilla/5.0 (compatible; MSIE 9.0; Windows NT 6.0; Trident/5.0;  Trident/5.0)"
204.79.180.84 - - [22/Feb/2017:00:13:07 +0100] "GET /css/bootstrap-responsive.css HTTP/1.1" 200 22111 "http://econbooks.ru/books/part/17790" "Mozilla/5.0 (compatible; MSIE 9.0; Windows NT 6.0; Trident/5.0;  Trident/5.0)"
204.79.180.7 - - [22/Feb/2017:00:13:07 +0100] "GET /js/bootstrap.min.js HTTP/1.1" 200 28538 "http://econbooks.ru/books/part/17790" "Mozilla/5.0 (compatible; MSIE 9.0; Windows NT 6.0; Trident/5.0;  Trident/5.0)"
204.79.180.249 - - [22/Feb/2017:00:13:08 +0100] "GET /js/html5shiv.js HTTP/1.1" 404 9145 "http://econbooks.ru/books/part/17790" "Mozilla/5.0 (compatible; MSIE 9.0; Windows NT 6.0; Trident/5.0;  Trident/5.0)"
66.249.64.144 - - [22/Feb/2017:00:13:20 +0100] "GET /books/part/22240 HTTP/1.1" 200 10375 "-" "Mozilla/5.0 (compatible; Googlebot/2.1; +http://www.google.com/bot.html)"
163.172.66.72 - - [22/Feb/2017:00:13:24 +0100] "GET /books/part/21617 HTTP/1.1" 200 39082 "-" "Mozilla/5.0 (compatible; AhrefsBot/5.2; +http://ahrefs.com/robot/)"
54.211.185.177 - - [22/Feb/2017:00:13:30 +0100] "GET /books/part/486 HTTP/1.1" 200 16873 "-" "Mozilla/5.0 (compatible; linkdexbot/2.2; +http://www.linkdex.com/bots/)"
37.9.118.28 - - [22/Feb/2017:00:14:03 +0100] "GET / HTTP/1.1" 200 27625 "-" "Mozilla/5.0 (compatible; YandexMetrika/2.0; +http://yandex.com/bots mtmon01i.yandex.ru)"
136.243.95.154 - - [22/Feb/2017:00:14:13 +0100] "GET /books/part/18623 HTTP/1.1" 200 42614 "-" "Mozilla/5.0 (Windows NT 6.1; WOW64; rv:38.0) Gecko/20100101 Firefox/38.0"
54.167.181.242 - - [22/Feb/2017:00:14:54 +0100] "GET /robots.txt HTTP/1.0" 200 74 "-" "CCBot/2.0 (http://commoncrawl.org/faq/)"
54.167.181.242 - - [22/Feb/2017:00:14:54 +0100] "GET /books/part/4743 HTTP/1.0" 200 37691 "-" "CCBot/2.0 (http://commoncrawl.org/faq/)"
54.167.181.242 - - [22/Feb/2017:00:15:07 +0100] "GET /books/part/13472 HTTP/1.0" 200 14409 "-" "CCBot/2.0 (http://commoncrawl.org/faq/)"
54.167.181.242 - - [22/Feb/2017:00:15:14 +0100] "GET /books/part/12287 HTTP/1.0" 200 10554 "-" "CCBot/2.0 (http://commoncrawl.org/faq/)"
212.8.236.60 - - [22/Feb/2017:00:15:39 +0100] "GET /books/part/22007 HTTP/1.1" 200 10336 "-" "HybridBot (hybrid.ru/about. If our bot caused problems please contact us. Contact email: m.lyashkov@targetix.net)"
54.167.181.242 - - [22/Feb/2017:00:15:42 +0100] "GET /books/part/16184 HTTP/1.0" 200 11744 "-" "CCBot/2.0 (http://commoncrawl.org/faq/)"
130.193.51.64 - - [22/Feb/2017:00:16:02 +0100] "GET /books/part/16869 HTTP/1.1" 200 21865 "-" "Mozilla/5.0 (iPhone; CPU iPhone OS 8_1 like Mac OS X) AppleWebKit/600.1.4 (KHTML, like Gecko) Version/8.0 Mobile/12B411 Safari/600.1.4 (compatible; YandexMobileBot/3.0; +http://yandex.com/bots)"
54.167.181.242 - - [22/Feb/2017:00:16:13 +0100] "GET /books/part/20151 HTTP/1.0" 200 18375 "-" "CCBot/2.0 (http://commoncrawl.org/faq/)"
157.55.39.239 - - [22/Feb/2017:00:16:14 +0100] "GET /books/part/18003 HTTP/1.1" 200 24650 "-" "Mozilla/5.0 (compatible; bingbot/2.0; +http://www.bing.com/bingbot.htm)"
54.167.181.242 - - [22/Feb/2017:00:16:21 +0100] "GET /books/part/2476 HTTP/1.0" 200 43535 "-" "CCBot/2.0 (http://commoncrawl.org/faq/)"
54.167.181.242 - - [22/Feb/2017:00:16:28 +0100] "GET /books/part/20156 HTTP/1.0" 200 31986 "-" "CCBot/2.0 (http://commoncrawl.org/faq/)"
54.167.181.242 - - [22/Feb/2017:00:16:35 +0100] "GET /books/part/2273 HTTP/1.0" 200 10576 "-" "CCBot/2.0 (http://commoncrawl.org/faq/)"
54.167.181.242 - - [22/Feb/2017:00:16:41 +0100] "GET /books/part/15556 HTTP/1.0" 200 12802 "-" "CCBot/2.0 (http://commoncrawl.org/faq/)"
54.167.181.242 - - [22/Feb/2017:00:16:48 +0100] "GET /books/part/20346 HTTP/1.0" 200 43369 "-" "CCBot/2.0 (http://commoncrawl.org/faq/)"
54.167.181.242 - - [22/Feb/2017:00:16:55 +0100] "GET /books/part/2803 HTTP/1.0" 200 53505 "-" "CCBot/2.0 (http://commoncrawl.org/faq/)"
212.8.236.60 - - [22/Feb/2017:00:16:57 +0100] "GET /books/part/18634 HTTP/1.1" 200 21019 "-" "HybridBot (hybrid.ru/about. If our bot caused problems please contact us. Contact email: m.lyashkov@targetix.net)"
54.167.181.242 - - [22/Feb/2017:00:17:02 +0100] "GET /books/part/15449 HTTP/1.0" 200 11021 "-" "CCBot/2.0 (http://commoncrawl.org/faq/)"
95.108.129.196 - - [22/Feb/2017:00:17:06 +0100] "GET / HTTP/1.1" 200 27625 "-" "Mozilla/5.0 (compatible; YandexMetrika/2.0; +http://yandex.com/bots mtmon01e.yandex.ru)"
54.167.181.242 - - [22/Feb/2017:00:17:09 +0100] "GET /books/part/17462 HTTP/1.0" 200 22574 "-" "CCBot/2.0 (http://commoncrawl.org/faq/)"
40.77.167.45 - - [22/Feb/2017:00:17:09 +0100] "GET /books/part/21673 HTTP/1.1" 200 11020 "-" "Mozilla/5.0 (compatible; bingbot/2.0; +http://www.bing.com/bingbot.htm)"
54.167.181.242 - - [22/Feb/2017:00:17:15 +0100] "GET /books/part/17623 HTTP/1.0" 200 10555 "-" "CCBot/2.0 (http://commoncrawl.org/faq/)"
54.167.181.242 - - [22/Feb/2017:00:17:20 +0100] "GET /books/part/19396 HTTP/1.0" 200 33651 "-" "CCBot/2.0 (http://commoncrawl.org/faq/)"
212.8.236.60 - - [22/Feb/2017:00:17:24 +0100] "GET /books/part/18634 HTTP/1.1" 200 21019 "-" "HybridBot (hybrid.ru/about. If our bot caused problems please contact us. Contact email: m.lyashkov@targetix.net)"
54.167.181.242 - - [22/Feb/2017:00:17:26 +0100] "GET /books/part/14103 HTTP/1.0" 200 29422 "-" "CCBot/2.0 (http://commoncrawl.org/faq/)"
54.167.181.242 - - [22/Feb/2017:00:17:31 +0100] "GET /books/part/20154 HTTP/1.0" 200 19949 "-" "CCBot/2.0 (http://commoncrawl.org/faq/)"
66.249.64.144 - - [22/Feb/2017:00:17:34 +0100] "GET /books/part/9098 HTTP/1.1" 200 10907 "-" "Mozilla/5.0 (compatible; Googlebot/2.1; +http://www.google.com/bot.html)"
54.167.181.242 - - [22/Feb/2017:00:17:36 +0100] "GET /books/part/15104 HTTP/1.0" 200 16318 "-" "CCBot/2.0 (http://commoncrawl.org/faq/)"
54.167.181.242 - - [22/Feb/2017:00:17:40 +0100] "GET /books/part/19225 HTTP/1.0" 200 10821 "-" "CCBot/2.0 (http://commoncrawl.org/faq/)"
54.167.181.242 - - [22/Feb/2017:00:17:46 +0100] "GET /books/part/18504 HTTP/1.0" 200 21173 "-" "CCBot/2.0 (http://commoncrawl.org/faq/)"
51.255.65.15 - - [22/Feb/2017:00:17:50 +0100] "GET /books/part/2474 HTTP/1.1" 200 50305 "-" "Mozilla/5.0 (compatible; AhrefsBot/5.2; +http://ahrefs.com/robot/)"
54.167.181.242 - - [22/Feb/2017:00:17:52 +0100] "GET /books/part/20271 HTTP/1.0" 200 10576 "-" "CCBot/2.0 (http://commoncrawl.org/faq/)"
54.167.181.242 - - [22/Feb/2017:00:17:57 +0100] "GET /books/part/20281 HTTP/1.0" 200 38550 "-" "CCBot/2.0 (http://commoncrawl.org/faq/)"
54.167.181.242 - - [22/Feb/2017:00:18:03 +0100] "GET /books/view/147 HTTP/1.0" 200 20662 "-" "CCBot/2.0 (http://commoncrawl.org/faq/)"
54.167.181.242 - - [22/Feb/2017:00:18:07 +0100] "GET /books/part/18117 HTTP/1.0" 200 10477 "-" "CCBot/2.0 (http://commoncrawl.org/faq/)"
54.167.181.242 - - [22/Feb/2017:00:18:12 +0100] "GET /books/part/2241 HTTP/1.0" 200 19464 "-" "CCBot/2.0 (http://commoncrawl.org/faq/)"
54.167.181.242 - - [22/Feb/2017:00:18:17 +0100] "GET /books/part/16239 HTTP/1.0" 200 10540 "-" "CCBot/2.0 (http://commoncrawl.org/faq/)"
54.167.181.242 - - [22/Feb/2017:00:18:21 +0100] "GET /books/part/17029 HTTP/1.0" 200 42070 "-" "CCBot/2.0 (http://commoncrawl.org/faq/)"
54.167.181.242 - - [22/Feb/2017:00:18:26 +0100] "GET /books/part/11582 HTTP/1.0" 200 14753 "-" "CCBot/2.0 (http://commoncrawl.org/faq/)"
54.167.181.242 - - [22/Feb/2017:00:18:30 +0100] "GET /books/part/22102 HTTP/1.0" 200 10570 "-" "CCBot/2.0 (http://commoncrawl.org/faq/)"
109.254.254.104 - - [22/Feb/2017:00:18:32 +0100] "GET /books/part/21262 HTTP/1.1" 200 33092 "http://econbooks.ru/books/part/21261" "Mozilla/5.0 (Windows NT 6.2; WOW64) AppleWebKit/537.36 (KHTML, like Gecko) Chrome/56.0.2924.87 Safari/537.36"
54.167.181.242 - - [22/Feb/2017:00:18:35 +0100] "GET /books/part/18577 HTTP/1.0" 200 12778 "-" "CCBot/2.0 (http://commoncrawl.org/faq/)"
54.167.181.242 - - [22/Feb/2017:00:18:40 +0100] "GET /books/part/215 HTTP/1.0" 200 10599 "-" "CCBot/2.0 (http://commoncrawl.org/faq/)"
40.77.167.45 - - [22/Feb/2017:00:18:44 +0100] "GET /books/part/22259 HTTP/1.1" 200 26543 "-" "Mozilla/5.0 (compatible; bingbot/2.0; +http://www.bing.com/bingbot.htm)"
54.167.181.242 - - [22/Feb/2017:00:18:46 +0100] "GET /books/part/18538 HTTP/1.0" 200 30942 "-" "CCBot/2.0 (http://commoncrawl.org/faq/)"
54.167.181.242 - - [22/Feb/2017:00:18:51 +0100] "GET /books/part/381 HTTP/1.0" 200 10445 "-" "CCBot/2.0 (http://commoncrawl.org/faq/)"
54.167.181.242 - - [22/Feb/2017:00:18:55 +0100] "GET /books/part/1536 HTTP/1.0" 200 37205 "-" "CCBot/2.0 (http://commoncrawl.org/faq/)"
92.126.23.168 - - [22/Feb/2017:00:18:56 +0100] "GET /favicon.ico HTTP/1.1" 404 9141 "-" "Mozilla/5.0 (Windows NT 5.1) AppleWebKit/537.36 (KHTML, like Gecko) Chrome/55.0.2883.95 YaBrowser/17.1.1.1005 Yowser/2.5 Safari/537.36"
54.167.181.242 - - [22/Feb/2017:00:19:00 +0100] "GET /books/part/15418 HTTP/1.0" 200 25297 "-" "CCBot/2.0 (http://commoncrawl.org/faq/)"
40.77.167.128 - - [22/Feb/2017:00:19:05 +0100] "GET /books/part/18630 HTTP/1.1" 200 16510 "-" "Mozilla/5.0 (compatible; bingbot/2.0; +http://www.bing.com/bingbot.htm)"
54.167.181.242 - - [22/Feb/2017:00:19:05 +0100] "GET /books/part/18963 HTTP/1.0" 200 10681 "-" "CCBot/2.0 (http://commoncrawl.org/faq/)"
40.77.167.128 - - [22/Feb/2017:00:19:09 +0100] "GET /books/part/20162 HTTP/1.1" 200 39327 "-" "Mozilla/5.0 (compatible; bingbot/2.0; +http://www.bing.com/bingbot.htm)"
54.167.181.242 - - [22/Feb/2017:00:19:11 +0100] "GET /books/part/19809 HTTP/1.0" 200 30376 "-" "CCBot/2.0 (http://commoncrawl.org/faq/)"
54.167.181.242 - - [22/Feb/2017:00:19:16 +0100] "GET /books/part/17656 HTTP/1.0" 200 29266 "-" "CCBot/2.0 (http://commoncrawl.org/faq/)"
54.167.181.242 - - [22/Feb/2017:00:19:22 +0100] "GET /books/part/18324 HTTP/1.0" 200 20887 "-" "CCBot/2.0 (http://commoncrawl.org/faq/)"
54.167.181.242 - - [22/Feb/2017:00:19:27 +0100] "GET /books/part/4025 HTTP/1.0" 200 22917 "-" "CCBot/2.0 (http://commoncrawl.org/faq/)"
54.167.181.242 - - [22/Feb/2017:00:19:31 +0100] "GET /books/part/16762 HTTP/1.0" 200 10955 "-" "CCBot/2.0 (http://commoncrawl.org/faq/)"
54.167.181.242 - - [22/Feb/2017:00:19:36 +0100] "GET /books/part/232 HTTP/1.0" 200 28501 "-" "CCBot/2.0 (http://commoncrawl.org/faq/)"
54.167.181.242 - - [22/Feb/2017:00:19:41 +0100] "GET /books/part/18696 HTTP/1.0" 200 10690 "-" "CCBot/2.0 (http://commoncrawl.org/faq/)"
54.167.181.242 - - [22/Feb/2017:00:19:45 +0100] "GET /books/part/15433 HTTP/1.0" 200 43526 "-" "CCBot/2.0 (http://commoncrawl.org/faq/)"
54.167.181.242 - - [22/Feb/2017:00:19:49 +0100] "GET /books/part/20150 HTTP/1.0" 200 37400 "-" "CCBot/2.0 (http://commoncrawl.org/faq/)"
54.167.181.242 - - [22/Feb/2017:00:19:53 +0100] "GET /books/part/10350 HTTP/1.0" 200 32061 "-" "CCBot/2.0 (http://commoncrawl.org/faq/)"
54.167.181.242 - - [22/Feb/2017:00:19:57 +0100] "GET /books/part/15589 HTTP/1.0" 200 35635 "-" "CCBot/2.0 (http://commoncrawl.org/faq/)"
54.167.181.242 - - [22/Feb/2017:00:20:01 +0100] "GET /books/part/18124 HTTP/1.0" 200 10275 "-" "CCBot/2.0 (http://commoncrawl.org/faq/)"
54.167.181.242 - - [22/Feb/2017:00:20:06 +0100] "GET /books/part/17314 HTTP/1.0" 200 21203 "-" "CCBot/2.0 (http://commoncrawl.org/faq/)"
54.167.181.242 - - [22/Feb/2017:00:20:10 +0100] "GET /books/part/16788 HTTP/1.0" 200 15141 "-" "CCBot/2.0 (http://commoncrawl.org/faq/)"
54.167.181.242 - - [22/Feb/2017:00:20:14 +0100] "GET /books/part/17518 HTTP/1.0" 200 19043 "-" "CCBot/2.0 (http://commoncrawl.org/faq/)"
54.167.181.242 - - [22/Feb/2017:00:20:18 +0100] "GET /books/part/21971 HTTP/1.0" 200 17350 "-" "CCBot/2.0 (http://commoncrawl.org/faq/)"
54.167.181.242 - - [22/Feb/2017:00:20:22 +0100] "GET /books/part/8491 HTTP/1.0" 200 28058 "-" "CCBot/2.0 (http://commoncrawl.org/faq/)"
54.167.181.242 - - [22/Feb/2017:00:20:26 +0100] "GET /books/part/19575 HTTP/1.0" 200 17348 "-" "CCBot/2.0 (http://commoncrawl.org/faq/)"
54.167.181.242 - - [22/Feb/2017:00:20:30 +0100] "GET /books/part/20238 HTTP/1.0" 200 21910 "-" "CCBot/2.0 (http://commoncrawl.org/faq/)"
54.167.181.242 - - [22/Feb/2017:00:20:34 +0100] "GET /books/part/15855 HTTP/1.0" 200 25815 "-" "CCBot/2.0 (http://commoncrawl.org/faq/)"
54.167.181.242 - - [22/Feb/2017:00:20:38 +0100] "GET /books/part/15439 HTTP/1.0" 200 13741 "-" "CCBot/2.0 (http://commoncrawl.org/faq/)"
54.167.181.242 - - [22/Feb/2017:00:20:42 +0100] "GET /books/part/4727 HTTP/1.0" 200 10540 "-" "CCBot/2.0 (http://commoncrawl.org/faq/)"
54.167.181.242 - - [22/Feb/2017:00:20:46 +0100] "GET /books/part/4970 HTTP/1.0" 200 41142 "-" "CCBot/2.0 (http://commoncrawl.org/faq/)"
54.167.181.242 - - [22/Feb/2017:00:20:50 +0100] "GET /books/part/17985 HTTP/1.0" 200 26902 "-" "CCBot/2.0 (http://commoncrawl.org/faq/)"
164.132.161.9 - - [22/Feb/2017:00:20:51 +0100] "GET /books/part/20491 HTTP/1.1" 200 25320 "-" "Mozilla/5.0 (compatible; AhrefsBot/5.2; +http://ahrefs.com/robot/)"
207.46.13.57 - - [22/Feb/2017:00:20:52 +0100] "GET /books/part/16526 HTTP/1.1" 200 42785 "-" "Mozilla/5.0 (compatible; bingbot/2.0; +http://www.bing.com/bingbot.htm)"
54.167.181.242 - - [22/Feb/2017:00:20:53 +0100] "GET /books/part/2286 HTTP/1.0" 200 27265 "-" "CCBot/2.0 (http://commoncrawl.org/faq/)"
54.167.181.242 - - [22/Feb/2017:00:20:58 +0100] "GET /books/part/20054 HTTP/1.0" 200 21268 "-" "CCBot/2.0 (http://commoncrawl.org/faq/)"
54.167.181.242 - - [22/Feb/2017:00:21:01 +0100] "GET /books/part/15857 HTTP/1.0" 200 11801 "-" "CCBot/2.0 (http://commoncrawl.org/faq/)"
54.167.181.242 - - [22/Feb/2017:00:21:06 +0100] "GET /books/part/21790 HTTP/1.0" 200 23275 "-" "CCBot/2.0 (http://commoncrawl.org/faq/)"
54.167.181.242 - - [22/Feb/2017:00:21:10 +0100] "GET /books/view/112 HTTP/1.0" 200 17514 "-" "CCBot/2.0 (http://commoncrawl.org/faq/)"
128.75.156.130 - - [22/Feb/2017:00:21:11 +0100] "GET /books/part/21306 HTTP/1.1" 200 42107 "https://www.google.ru/" "Mozilla/5.0 (Windows NT 6.1) AppleWebKit/537.36 (KHTML, like Gecko) Chrome/56.0.2924.87 Safari/537.36"
128.75.156.130 - - [22/Feb/2017:00:21:12 +0100] "GET /css/s.css HTTP/1.1" 200 228 "http://econbooks.ru/books/part/21306" "Mozilla/5.0 (Windows NT 6.1) AppleWebKit/537.36 (KHTML, like Gecko) Chrome/56.0.2924.87 Safari/537.36"
128.75.156.130 - - [22/Feb/2017:00:21:12 +0100] "GET /js/md5-min.js HTTP/1.1" 200 5275 "http://econbooks.ru/books/part/21306" "Mozilla/5.0 (Windows NT 6.1) AppleWebKit/537.36 (KHTML, like Gecko) Chrome/56.0.2924.87 Safari/537.36"
128.75.156.130 - - [22/Feb/2017:00:21:12 +0100] "GET /css/bootstrap-responsive.css HTTP/1.1" 200 22111 "http://econbooks.ru/books/part/21306" "Mozilla/5.0 (Windows NT 6.1) AppleWebKit/537.36 (KHTML, like Gecko) Chrome/56.0.2924.87 Safari/537.36"
128.75.156.130 - - [22/Feb/2017:00:21:12 +0100] "GET /js/bootstrap.min.js HTTP/1.1" 200 28538 "http://econbooks.ru/books/part/21306" "Mozilla/5.0 (Windows NT 6.1) AppleWebKit/537.36 (KHTML, like Gecko) Chrome/56.0.2924.87 Safari/537.36"
128.75.156.130 - - [22/Feb/2017:00:21:12 +0100] "GET /js/jquery.js HTTP/1.1" 200 92635 "http://econbooks.ru/books/part/21306" "Mozilla/5.0 (Windows NT 6.1) AppleWebKit/537.36 (KHTML, like Gecko) Chrome/56.0.2924.87 Safari/537.36"
128.75.156.130 - - [22/Feb/2017:00:21:11 +0100] "GET /css/bootstrap.css HTTP/1.1" 200 146970 "http://econbooks.ru/books/part/21306" "Mozilla/5.0 (Windows NT 6.1) AppleWebKit/537.36 (KHTML, like Gecko) Chrome/56.0.2924.87 Safari/537.36"
128.75.156.130 - - [22/Feb/2017:00:21:12 +0100] "GET /img/logo.png HTTP/1.1" 200 2870 "http://econbooks.ru/css/s.css" "Mozilla/5.0 (Windows NT 6.1) AppleWebKit/537.36 (KHTML, like Gecko) Chrome/56.0.2924.87 Safari/537.36"
54.167.181.242 - - [22/Feb/2017:00:21:14 +0100] "GET /books/part/18643 HTTP/1.0" 200 42564 "-" "CCBot/2.0 (http://commoncrawl.org/faq/)"
40.77.167.128 - - [22/Feb/2017:00:21:18 +0100] "GET /books/part/19526 HTTP/1.1" 200 20640 "-" "Mozilla/5.0 (compatible; bingbot/2.0; +http://www.bing.com/bingbot.htm)"
54.167.181.242 - - [22/Feb/2017:00:21:18 +0100] "GET /books/part/19430 HTTP/1.0" 200 36385 "-" "CCBot/2.0 (http://commoncrawl.org/faq/)"
128.75.156.130 - - [22/Feb/2017:00:21:22 +0100] "GET /favicon.ico HTTP/1.1" 404 9141 "http://econbooks.ru/books/part/21306" "Mozilla/5.0 (Windows NT 6.1) AppleWebKit/537.36 (KHTML, like Gecko) Chrome/56.0.2924.87 Safari/537.36"
54.167.181.242 - - [22/Feb/2017:00:21:22 +0100] "GET /books/part/14112 HTTP/1.0" 200 14745 "-" "CCBot/2.0 (http://commoncrawl.org/faq/)"
54.167.181.242 - - [22/Feb/2017:00:21:25 +0100] "GET /books/part/22171 HTTP/1.0" 200 10324 "-" "CCBot/2.0 (http://commoncrawl.org/faq/)"
54.167.181.242 - - [22/Feb/2017:00:21:29 +0100] "GET /books/part/1199 HTTP/1.0" 200 28183 "-" "CCBot/2.0 (http://commoncrawl.org/faq/)"
54.167.181.242 - - [22/Feb/2017:00:21:33 +0100] "GET /books/part/118 HTTP/1.0" 200 21764 "-" "CCBot/2.0 (http://commoncrawl.org/faq/)"
164.132.161.5 - - [22/Feb/2017:00:21:36 +0100] "GET /books/part/17838 HTTP/1.1" 200 17374 "-" "Mozilla/5.0 (compatible; AhrefsBot/5.2; +http://ahrefs.com/robot/)"
54.167.181.242 - - [22/Feb/2017:00:21:37 +0100] "GET /books/part/16102 HTTP/1.0" 200 27157 "-" "CCBot/2.0 (http://commoncrawl.org/faq/)"
54.167.181.242 - - [22/Feb/2017:00:21:41 +0100] "GET /books/part/16382 HTTP/1.0" 200 10722 "-" "CCBot/2.0 (http://commoncrawl.org/faq/)"
54.167.181.242 - - [22/Feb/2017:00:21:45 +0100] "GET /books/part/21518 HTTP/1.0" 200 40180 "-" "CCBot/2.0 (http://commoncrawl.org/faq/)"
54.167.181.242 - - [22/Feb/2017:00:21:49 +0100] "GET /books/part/18446 HTTP/1.0" 200 19431 "-" "CCBot/2.0 (http://commoncrawl.org/faq/)"
54.167.181.242 - - [22/Feb/2017:00:21:54 +0100] "GET /books/part/20217 HTTP/1.0" 200 10849 "-" "CCBot/2.0 (http://commoncrawl.org/faq/)"
54.167.181.242 - - [22/Feb/2017:00:21:58 +0100] "GET /books/part/2810 HTTP/1.0" 200 23591 "-" "CCBot/2.0 (http://commoncrawl.org/faq/)"
54.167.181.242 - - [22/Feb/2017:00:22:02 +0100] "GET /books/part/20325 HTTP/1.0" 200 42642 "-" "CCBot/2.0 (http://commoncrawl.org/faq/)"
148.251.44.219 - - [22/Feb/2017:00:22:06 +0100] "GET /books/part/21810 HTTP/1.1" 200 23995 "-" "Mozilla/5.0 (Windows NT 6.1; WOW64; rv:38.0) Gecko/20100101 Firefox/38.0"
54.167.181.242 - - [22/Feb/2017:00:22:06 +0100] "GET /books/part/463 HTTP/1.0" 200 11092 "-" "CCBot/2.0 (http://commoncrawl.org/faq/)"
54.167.181.242 - - [22/Feb/2017:00:22:11 +0100] "GET /books/part/18144 HTTP/1.0" 200 10324 "-" "CCBot/2.0 (http://commoncrawl.org/faq/)"
54.167.181.242 - - [22/Feb/2017:00:22:15 +0100] "GET /books/part/16972 HTTP/1.0" 200 10473 "-" "CCBot/2.0 (http://commoncrawl.org/faq/)"
54.167.181.242 - - [22/Feb/2017:00:22:19 +0100] "GET /books/part/11320 HTTP/1.0" 200 24629 "-" "CCBot/2.0 (http://commoncrawl.org/faq/)"
217.69.134.12 - - [22/Feb/2017:00:22:21 +0100] "GET /sitemap.xml HTTP/1.1" 304 0 "-" "Mozilla/5.0 (compatible; Linux x86_64; Mail.RU_Bot/Fast/2.0; +http://go.mail.ru/help/robots)"
54.167.181.242 - - [22/Feb/2017:00:22:23 +0100] "GET /books/part/18462 HTTP/1.0" 200 14908 "-" "CCBot/2.0 (http://commoncrawl.org/faq/)"
54.167.181.242 - - [22/Feb/2017:00:22:28 +0100] "GET /books/part/19855 HTTP/1.0" 200 17934 "-" "CCBot/2.0 (http://commoncrawl.org/faq/)"
54.167.181.242 - - [22/Feb/2017:00:22:32 +0100] "GET /books/part/20999 HTTP/1.0" 200 10727 "-" "CCBot/2.0 (http://commoncrawl.org/faq/)"
163.172.66.150 - - [22/Feb/2017:00:22:35 +0100] "GET /books/part/16904 HTTP/1.1" 200 10386 "-" "Mozilla/5.0 (compatible; AhrefsBot/5.2; +http://ahrefs.com/robot/)"
54.167.181.242 - - [22/Feb/2017:00:22:37 +0100] "GET /books/part/18968 HTTP/1.0" 200 10792 "-" "CCBot/2.0 (http://commoncrawl.org/faq/)"
54.167.181.242 - - [22/Feb/2017:00:22:41 +0100] "GET /books/part/10347 HTTP/1.0" 200 12002 "-" "CCBot/2.0 (http://commoncrawl.org/faq/)"
54.167.181.242 - - [22/Feb/2017:00:22:46 +0100] "GET /books/part/14732 HTTP/1.0" 200 32861 "-" "CCBot/2.0 (http://commoncrawl.org/faq/)"
54.167.181.242 - - [22/Feb/2017:00:22:51 +0100] "GET /books/part/19385 HTTP/1.0" 200 44865 "-" "CCBot/2.0 (http://commoncrawl.org/faq/)"
54.167.181.242 - - [22/Feb/2017:00:22:57 +0100] "GET /books/part/1848 HTTP/1.0" 200 26195 "-" "CCBot/2.0 (http://commoncrawl.org/faq/)"
54.167.181.242 - - [22/Feb/2017:00:23:02 +0100] "GET /books/part/22150 HTTP/1.0" 200 10356 "-" "CCBot/2.0 (http://commoncrawl.org/faq/)"
54.167.181.242 - - [22/Feb/2017:00:23:08 +0100] "GET /books/part/17573 HTTP/1.0" 200 10476 "-" "CCBot/2.0 (http://commoncrawl.org/faq/)"
54.167.181.242 - - [22/Feb/2017:00:23:12 +0100] "GET /books/part/18279 HTTP/1.0" 200 23970 "-" "CCBot/2.0 (http://commoncrawl.org/faq/)"
54.167.181.242 - - [22/Feb/2017:00:23:17 +0100] "GET /books/part/17269 HTTP/1.0" 200 42936 "-" "CCBot/2.0 (http://commoncrawl.org/faq/)"
54.167.181.242 - - [22/Feb/2017:00:23:22 +0100] "GET /books/part/21899 HTTP/1.0" 200 37532 "-" "CCBot/2.0 (http://commoncrawl.org/faq/)"
54.167.181.242 - - [22/Feb/2017:00:23:26 +0100] "GET /books/part/19339 HTTP/1.0" 200 12010 "-" "CCBot/2.0 (http://commoncrawl.org/faq/)"
54.167.181.242 - - [22/Feb/2017:00:23:30 +0100] "GET /books/part/16618 HTTP/1.0" 200 17098 "-" "CCBot/2.0 (http://commoncrawl.org/faq/)"
54.167.181.242 - - [22/Feb/2017:00:23:34 +0100] "GET /books/part/19898 HTTP/1.0" 200 18937 "-" "CCBot/2.0 (http://commoncrawl.org/faq/)"
204.79.180.169 - - [22/Feb/2017:00:23:37 +0100] "GET /books/part/17046 HTTP/1.1" 200 12256 "-" "Mozilla/5.0 (compatible; MSIE 9.0; Windows NT 6.1; Trident/5.0;  Trident/5.0)"
204.79.180.89 - - [22/Feb/2017:00:23:38 +0100] "GET /css/s.css HTTP/1.1" 200 228 "http://econbooks.ru/books/part/17046" "Mozilla/5.0 (compatible; MSIE 9.0; Windows NT 6.1; Trident/5.0;  Trident/5.0)"
204.79.180.227 - - [22/Feb/2017:00:23:38 +0100] "GET /js/md5-min.js HTTP/1.1" 200 5275 "http://econbooks.ru/books/part/17046" "Mozilla/5.0 (compatible; MSIE 9.0; Windows NT 6.1; Trident/5.0;  Trident/5.0)"
204.79.180.58 - - [22/Feb/2017:00:23:38 +0100] "GET /js/jquery.js HTTP/1.1" 200 92635 "http://econbooks.ru/books/part/17046" "Mozilla/5.0 (compatible; MSIE 9.0; Windows NT 6.1; Trident/5.0;  Trident/5.0)"
54.167.181.242 - - [22/Feb/2017:00:23:38 +0100] "GET /books/part/17097 HTTP/1.0" 200 15745 "-" "CCBot/2.0 (http://commoncrawl.org/faq/)"
204.79.180.242 - - [22/Feb/2017:00:23:38 +0100] "GET /css/bootstrap.css HTTP/1.1" 200 146970 "http://econbooks.ru/books/part/17046" "Mozilla/5.0 (compatible; MSIE 9.0; Windows NT 6.1; Trident/5.0;  Trident/5.0)"
204.79.180.144 - - [22/Feb/2017:00:23:38 +0100] "GET /css/bootstrap-responsive.css HTTP/1.1" 200 22111 "http://econbooks.ru/books/part/17046" "Mozilla/5.0 (compatible; MSIE 9.0; Windows NT 6.1; Trident/5.0;  Trident/5.0)"
204.79.180.124 - - [22/Feb/2017:00:23:39 +0100] "GET /js/bootstrap.min.js HTTP/1.1" 200 28538 "http://econbooks.ru/books/part/17046" "Mozilla/5.0 (compatible; MSIE 9.0; Windows NT 6.1; Trident/5.0;  Trident/5.0)"
204.79.180.110 - - [22/Feb/2017:00:23:41 +0100] "GET /js/html5shiv.js HTTP/1.1" 404 9145 "http://econbooks.ru/books/part/17046" "Mozilla/5.0 (compatible; MSIE 9.0; Windows NT 6.1; Trident/5.0;  Trident/5.0)"
54.167.181.242 - - [22/Feb/2017:00:23:42 +0100] "GET /books/part/2260 HTTP/1.0" 200 18505 "-" "CCBot/2.0 (http://commoncrawl.org/faq/)"
66.249.64.134 - - [22/Feb/2017:00:23:46 +0100] "GET /books/part/16701 HTTP/1.1" 200 21823 "-" "Mozilla/5.0 (compatible; Googlebot/2.1; +http://www.google.com/bot.html)"
40.77.167.45 - - [22/Feb/2017:00:23:55 +0100] "GET /books/part/7182 HTTP/1.1" 200 14130 "-" "Mozilla/5.0 (compatible; bingbot/2.0; +http://www.bing.com/bingbot.htm)"
163.172.66.130 - - [22/Feb/2017:00:24:15 +0100] "GET /books/part/409 HTTP/1.1" 200 14695 "-" "Mozilla/5.0 (compatible; AhrefsBot/5.2; +http://ahrefs.com/robot/)"
178.165.32.55 - - [22/Feb/2017:00:24:37 +0100] "GET /books/part/20968 HTTP/1.1" 200 42385 "-" "Mozilla/5.0 (Windows NT 6.3; WOW64) AppleWebKit/537.36 (KHTML, like Gecko) Chrome/53.0.2785.116 Safari/537.36 OPR/40.0.2308.81 (Edition Yx)"
109.63.233.134 - - [22/Feb/2017:00:24:51 +0100] "GET /books/part/19503 HTTP/1.1" 200 31582 "http://yandex.ru/clck/jsredir?from=yandex.ru%3Bsearch%3Bweb%3B%3B&text=&etext=1339.NoCvv-68_keJbzgYOAbxjYvmU5zW45xx5B8CRacLgMwsu_NBVejUFb5dVz6JDauY.126469f4f01a6c23e2c189c9c34d54b42d03794d&uuid=&state=_BLhILn4SxNIvvL0W45KSic66uCIg23qh8iRG98qeIXmeppkgUc0YM1sNxN_KHOPADPyHdOKa1Y&data=UlNrNmk5WktYejR0eWJFYk1LdmtxaTQ0SWtiQ0JRWVZmeTVNTlpFaUV5Y1hTb2tFVWYzSDNUNjZWUmtQVTBmNTh0S05wS3piT3FBSkdGeFJOOHBfNkZ5eVpoUlgwNlJMVUFxcngyMkdCMUVaZW9fTWJaTnRKbktid0w4M3ZxT3c&b64e=2&sign=1b98f212b31e38fdcf8e0e99df7d988f&keyno=0&cst=AiuY0DBWFJ7IXge4WdYJQXbYQp9t5VF6XF_5YPGnEN9ow39Do_Okji1FXoKaB9be4D0T54YrOBvhxVFJYqHjEqR558T7rTnZ_fX0rWHXhB8NtcTyyzk2d8SibNX7ZJ5VKEKBIKFlKdhOzYEP-mHM8TCQ5lWoxlME&ref=orjY4mGPRjk5boDnW0uvlrrd71vZw9kp5uQozpMtKCUrYE_V40103g2AQfVqJkkd0iaCr2eEjdkmAGJzf9wP4L_m9k3KWf6FA2UwvhTqs0f31QjSnsQBCQ&l10n=ru&cts=1487719266886&mc=7.27164684267" "Mozilla/5.0 (Windows NT 6.1; WOW64) AppleWebKit/537.36 (KHTML, like Gecko) Chrome/28.0.1500.95 YaBrowser/13.10.1500.9323 Safari/537.36"
109.63.233.134 - - [22/Feb/2017:00:24:51 +0100] "GET /css/bootstrap.css HTTP/1.1" 200 146970 "http://econbooks.ru/books/part/19503" "Mozilla/5.0 (Windows NT 6.1; WOW64) AppleWebKit/537.36 (KHTML, like Gecko) Chrome/28.0.1500.95 YaBrowser/13.10.1500.9323 Safari/537.36"
109.63.233.134 - - [22/Feb/2017:00:24:52 +0100] "GET /css/s.css HTTP/1.1" 200 228 "http://econbooks.ru/books/part/19503" "Mozilla/5.0 (Windows NT 6.1; WOW64) AppleWebKit/537.36 (KHTML, like Gecko) Chrome/28.0.1500.95 YaBrowser/13.10.1500.9323 Safari/537.36"
109.63.233.134 - - [22/Feb/2017:00:24:52 +0100] "GET /js/md5-min.js HTTP/1.1" 200 5275 "http://econbooks.ru/books/part/19503" "Mozilla/5.0 (Windows NT 6.1; WOW64) AppleWebKit/537.36 (KHTML, like Gecko) Chrome/28.0.1500.95 YaBrowser/13.10.1500.9323 Safari/537.36"
109.63.233.134 - - [22/Feb/2017:00:24:52 +0100] "GET /css/bootstrap-responsive.css HTTP/1.1" 200 22111 "http://econbooks.ru/books/part/19503" "Mozilla/5.0 (Windows NT 6.1; WOW64) AppleWebKit/537.36 (KHTML, like Gecko) Chrome/28.0.1500.95 YaBrowser/13.10.1500.9323 Safari/537.36"
109.63.233.134 - - [22/Feb/2017:00:24:52 +0100] "GET /js/bootstrap.min.js HTTP/1.1" 200 28538 "http://econbooks.ru/books/part/19503" "Mozilla/5.0 (Windows NT 6.1; WOW64) AppleWebKit/537.36 (KHTML, like Gecko) Chrome/28.0.1500.95 YaBrowser/13.10.1500.9323 Safari/537.36"
109.63.233.134 - - [22/Feb/2017:00:24:52 +0100] "GET /js/jquery.js HTTP/1.1" 200 92635 "http://econbooks.ru/books/part/19503" "Mozilla/5.0 (Windows NT 6.1; WOW64) AppleWebKit/537.36 (KHTML, like Gecko) Chrome/28.0.1500.95 YaBrowser/13.10.1500.9323 Safari/537.36"
109.63.233.134 - - [22/Feb/2017:00:24:52 +0100] "GET /img/logo.png HTTP/1.1" 200 2870 "http://econbooks.ru/books/part/19503" "Mozilla/5.0 (Windows NT 6.1; WOW64) AppleWebKit/537.36 (KHTML, like Gecko) Chrome/28.0.1500.95 YaBrowser/13.10.1500.9323 Safari/537.36"
109.63.233.134 - - [22/Feb/2017:00:25:03 +0100] "GET /img/glyphicons-halflings.png HTTP/1.1" 200 12799 "http://econbooks.ru/books/part/19503" "Mozilla/5.0 (Windows NT 6.1; WOW64) AppleWebKit/537.36 (KHTML, like Gecko) Chrome/28.0.1500.95 YaBrowser/13.10.1500.9323 Safari/537.36"
157.55.39.239 - - [22/Feb/2017:00:25:08 +0100] "GET /books/part/11903 HTTP/1.1" 200 43361 "-" "Mozilla/5.0 (compatible; bingbot/2.0; +http://www.bing.com/bingbot.htm)"
40.77.167.45 - - [22/Feb/2017:00:26:46 +0100] "GET /books/part/21664 HTTP/1.1" 200 42607 "-" "Mozilla/5.0 (compatible; bingbot/2.0; +http://www.bing.com/bingbot.htm)"
204.79.180.74 - - [22/Feb/2017:00:27:00 +0100] "GET /books/part/19224 HTTP/1.1" 200 11490 "-" "Mozilla/5.0 (compatible; MSIE 9.0; Windows NT 6.1; Trident/5.0;  Trident/5.0)"
204.79.180.2 - - [22/Feb/2017:00:27:00 +0100] "GET /js/md5-min.js HTTP/1.1" 200 5275 "http://econbooks.ru/books/part/19224" "Mozilla/5.0 (compatible; MSIE 9.0; Windows NT 6.1; Trident/5.0;  Trident/5.0)"
204.79.180.32 - - [22/Feb/2017:00:27:00 +0100] "GET /css/s.css HTTP/1.1" 200 228 "http://econbooks.ru/books/part/19224" "Mozilla/5.0 (compatible; MSIE 9.0; Windows NT 6.1; Trident/5.0;  Trident/5.0)"
204.79.180.233 - - [22/Feb/2017:00:27:00 +0100] "GET /css/bootstrap.css HTTP/1.1" 200 146970 "http://econbooks.ru/books/part/19224" "Mozilla/5.0 (compatible; MSIE 9.0; Windows NT 6.1; Trident/5.0;  Trident/5.0)"
204.79.180.94 - - [22/Feb/2017:00:27:00 +0100] "GET /js/jquery.js HTTP/1.1" 200 92635 "http://econbooks.ru/books/part/19224" "Mozilla/5.0 (compatible; MSIE 9.0; Windows NT 6.1; Trident/5.0;  Trident/5.0)"
204.79.180.209 - - [22/Feb/2017:00:27:01 +0100] "GET /css/bootstrap-responsive.css HTTP/1.1" 200 22111 "http://econbooks.ru/books/part/19224" "Mozilla/5.0 (compatible; MSIE 9.0; Windows NT 6.1; Trident/5.0;  Trident/5.0)"
204.79.180.249 - - [22/Feb/2017:00:27:01 +0100] "GET /js/bootstrap.min.js HTTP/1.1" 200 28538 "http://econbooks.ru/books/part/19224" "Mozilla/5.0 (compatible; MSIE 9.0; Windows NT 6.1; Trident/5.0;  Trident/5.0)"
204.79.180.163 - - [22/Feb/2017:00:27:02 +0100] "GET /js/html5shiv.js HTTP/1.1" 404 9145 "http://econbooks.ru/books/part/19224" "Mozilla/5.0 (compatible; MSIE 9.0; Windows NT 6.1; Trident/5.0;  Trident/5.0)"
193.107.135.180 - - [22/Feb/2017:00:27:47 +0100] "GET /css/s.css HTTP/1.1" 200 228 "http://econbooks.ru/books/part/16165" "Mozilla/5.0 (Windows NT 6.1; WOW64) AppleWebKit/537.36 (KHTML, like Gecko) Chrome/55.0.2883.87 Safari/537.36"
193.107.135.180 - - [22/Feb/2017:00:27:46 +0100] "GET /books/part/16165 HTTP/1.1" 200 42940 "https://www.google.com.ua/" "Mozilla/5.0 (Windows NT 6.1; WOW64) AppleWebKit/537.36 (KHTML, like Gecko) Chrome/55.0.2883.87 Safari/537.36"
193.107.135.180 - - [22/Feb/2017:00:27:47 +0100] "GET /js/md5-min.js HTTP/1.1" 200 5275 "http://econbooks.ru/books/part/16165" "Mozilla/5.0 (Windows NT 6.1; WOW64) AppleWebKit/537.36 (KHTML, like Gecko) Chrome/55.0.2883.87 Safari/537.36"
193.107.135.180 - - [22/Feb/2017:00:27:47 +0100] "GET /css/bootstrap-responsive.css HTTP/1.1" 200 22111 "http://econbooks.ru/books/part/16165" "Mozilla/5.0 (Windows NT 6.1; WOW64) AppleWebKit/537.36 (KHTML, like Gecko) Chrome/55.0.2883.87 Safari/537.36"
