193.107.135.180 - - [22/Feb/2017:00:27:47 +0100] "GET /js/bootstrap.min.js HTTP/1.1" 200 28538 "http://econbooks.ru/books/part/16165" "Mozilla/5.0 (Windows NT 6.1; WOW64) AppleWebKit/537.36 (KHTML, like Gecko) Chrome/55.0.2883.87 Safari/537.36"
193.107.135.180 - - [22/Feb/2017:00:27:47 +0100] "GET /js/jquery.js HTTP/1.1" 200 92635 "http://econbooks.ru/books/part/16165" "Mozilla/5.0 (Windows NT 6.1; WOW64) AppleWebKit/537.36 (KHTML, like Gecko) Chrome/55.0.2883.87 Safari/537.36"
193.107.135.180 - - [22/Feb/2017:00:27:47 +0100] "GET /css/bootstrap.css HTTP/1.1" 200 146970 "http://econbooks.ru/books/part/16165" "Mozilla/5.0 (Windows NT 6.1; WOW64) AppleWebKit/537.36 (KHTML, like Gecko) Chrome/55.0.2883.87 Safari/537.36"
193.107.135.180 - - [22/Feb/2017:00:27:48 +0100] "GET /img/logo.png HTTP/1.1" 200 2870 "http://econbooks.ru/css/s.css" "Mozilla/5.0 (Windows NT 6.1; WOW64) AppleWebKit/537.36 (KHTML, like Gecko) Chrome/55.0.2883.87 Safari/537.36"
193.107.135.180 - - [22/Feb/2017:00:27:50 +0100] "GET /favicon.ico HTTP/1.1" 404 9141 "http://econbooks.ru/books/part/16165" "Mozilla/5.0 (Windows NT 6.1; WOW64) AppleWebKit/537.36 (KHTML, like Gecko) Chrome/55.0.2883.87 Safari/537.36"
195.50.26.157 - - [22/Feb/2017:00:28:14 +0100] "GET /books/part/4660 HTTP/1.1" 200 27887 "https://www.google.by/" "Mozilla/5.0 (Windows NT 6.1; Win64; x64) AppleWebKit/537.36 (KHTML, like Gecko) Chrome/56.0.2924.87 Safari/537.36"
195.50.26.157 - - [22/Feb/2017:00:28:17 +0100] "GET /css/s.css HTTP/1.1" 200 228 "http://econbooks.ru/books/part/4660" "Mozilla/5.0 (Windows NT 6.1; Win64; x64) AppleWebKit/537.36 (KHTML, like Gecko) Chrome/56.0.2924.87 Safari/537.36"
195.50.26.157 - - [22/Feb/2017:00:28:18 +0100] "GET /js/md5-min.js HTTP/1.1" 200 5275 "http://econbooks.ru/books/part/4660" "Mozilla/5.0 (Windows NT 6.1; Win64; x64) AppleWebKit/537.36 (KHTML, like Gecko) Chrome/56.0.2924.87 Safari/537.36"
195.50.26.157 - - [22/Feb/2017:00:28:17 +0100] "GET /css/bootstrap-responsive.css HTTP/1.1" 200 22111 "http://econbooks.ru/books/part/4660" "Mozilla/5.0 (Windows NT 6.1; Win64; x64) AppleWebKit/537.36 (KHTML, like Gecko) Chrome/56.0.2924.87 Safari/537.36"
157.55.39.239 - - [22/Feb/2017:00:28:25 +0100] "GET /books/part/16914 HTTP/1.1" 200 10455 "-" "Mozilla/5.0 (compatible; bingbot/2.0; +http://www.bing.com/bingbot.htm)"
91.108.28.59 - - [22/Feb/2017:00:28:27 +0100] "GET /books/part/6626 HTTP/1.1" 200 24971 "-" "Mozilla/5.0 (Windows NT 6.1; WOW64; rv:38.0) Gecko/20100101 Firefox/38.0"
195.50.26.157 - - [22/Feb/2017:00:28:18 +0100] "GET /js/jquery.js HTTP/1.1" 200 92635 "http://econbooks.ru/books/part/4660" "Mozilla/5.0 (Windows NT 6.1; Win64; x64) AppleWebKit/537.36 (KHTML, like Gecko) Chrome/56.0.2924.87 Safari/537.36"
195.50.26.157 - - [22/Feb/2017:00:28:23 +0100] "GET /js/bootstrap.min.js HTTP/1.1" 200 28538 "http://econbooks.ru/books/part/4660" "Mozilla/5.0 (Windows NT 6.1; Win64; x64) AppleWebKit/537.36 (KHTML, like Gecko) Chrome/56.0.2924.87 Safari/537.36"
195.50.26.157 - - [22/Feb/2017:00:28:16 +0100] "GET /css/bootstrap.css HTTP/1.1" 200 146970 "http://econbooks.ru/books/part/4660" "Mozilla/5.0 (Windows NT 6.1; Win64; x64) AppleWebKit/537.36 (KHTML, like Gecko) Chrome/56.0.2924.87 Safari/537.36"
195.50.26.157 - - [22/Feb/2017:00:28:42 +0100] "GET /img/logo.png HTTP/1.1" 200 2870 "http://econbooks.ru/css/s.css" "Mozilla/5.0 (Windows NT 6.1; Win64; x64) AppleWebKit/537.36 (KHTML, like Gecko) Chrome/56.0.2924.87 Safari/537.36"
195.50.26.157 - - [22/Feb/2017:00:28:43 +0100] "GET /favicon.ico HTTP/1.1" 404 9141 "http://econbooks.ru/books/part/4660" "Mozilla/5.0 (Windows NT 6.1; Win64; x64) AppleWebKit/537.36 (KHTML, like Gecko) Chrome/56.0.2924.87 Safari/537.36"
178.71.249.91 - - [22/Feb/2017:00:28:53 +0100] "GET /books/part/2466 HTTP/1.1" 200 37284 "-" "Mozilla/5.0 (Windows NT 6.1; WOW64; rv:38.0) Gecko/20100101 Firefox/38.0"
40.77.167.45 - - [22/Feb/2017:00:30:01 +0100] "GET /books/part/8460 HTTP/1.1" 200 16266 "-" "Mozilla/5.0 (compatible; bingbot/2.0; +http://www.bing.com/bingbot.htm)"
80.83.235.71 - - [22/Feb/2017:00:30:19 +0100] "GET /books/part/18698 HTTP/1.1" 200 24596 "https://www.google.ru/" "Mozilla/5.0 (Windows NT 6.1; WOW64) AppleWebKit/537.36 (KHTML, like Gecko) Chrome/56.0.2924.87 Safari/537.36"
141.8.142.73 - - [22/Feb/2017:00:30:20 +0100] "GET /books/part/6894 HTTP/1.1" 200 32665 "-" "Mozilla/5.0 (iPhone; CPU iPhone OS 8_1 like Mac OS X) AppleWebKit/600.1.4 (KHTML, like Gecko) Version/8.0 Mobile/12B411 Safari/600.1.4 (compatible; YandexMobileBot/3.0; +http://yandex.com/bots)"
80.83.235.71 - - [22/Feb/2017:00:30:23 +0100] "GET /css/s.css HTTP/1.1" 200 228 "http://econbooks.ru/books/part/18698" "Mozilla/5.0 (Windows NT 6.1; WOW64) AppleWebKit/537.36 (KHTML, like Gecko) Chrome/56.0.2924.87 Safari/537.36"
80.83.235.71 - - [22/Feb/2017:00:30:24 +0100] "GET /js/md5-min.js HTTP/1.1" 200 5275 "http://econbooks.ru/books/part/18698" "Mozilla/5.0 (Windows NT 6.1; WOW64) AppleWebKit/537.36 (KHTML, like Gecko) Chrome/56.0.2924.87 Safari/537.36"
80.83.235.71 - - [22/Feb/2017:00:30:24 +0100] "GET /css/bootstrap-responsive.css HTTP/1.1" 200 22111 "http://econbooks.ru/books/part/18698" "Mozilla/5.0 (Windows NT 6.1; WOW64) AppleWebKit/537.36 (KHTML, like Gecko) Chrome/56.0.2924.87 Safari/537.36"
80.83.235.71 - - [22/Feb/2017:00:30:24 +0100] "GET /js/bootstrap.min.js HTTP/1.1" 200 28538 "http://econbooks.ru/books/part/18698" "Mozilla/5.0 (Windows NT 6.1; WOW64) AppleWebKit/537.36 (KHTML, like Gecko) Chrome/56.0.2924.87 Safari/537.36"
80.83.235.71 - - [22/Feb/2017:00:30:24 +0100] "GET /js/jquery.js HTTP/1.1" 200 92635 "http://econbooks.ru/books/part/18698" "Mozilla/5.0 (Windows NT 6.1; WOW64) AppleWebKit/537.36 (KHTML, like Gecko) Chrome/56.0.2924.87 Safari/537.36"
80.83.235.71 - - [22/Feb/2017:00:30:22 +0100] "GET /css/bootstrap.css HTTP/1.1" 200 146970 "http://econbooks.ru/books/part/18698" "Mozilla/5.0 (Windows NT 6.1; WOW64) AppleWebKit/537.36 (KHTML, like Gecko) Chrome/56.0.2924.87 Safari/537.36"
80.83.235.71 - - [22/Feb/2017:00:30:31 +0100] "GET /img/logo.png HTTP/1.1" 200 2870 "http://econbooks.ru/css/s.css" "Mozilla/5.0 (Windows NT 6.1; WOW64) AppleWebKit/537.36 (KHTML, like Gecko) Chrome/56.0.2924.87 Safari/537.36"
80.83.235.71 - - [22/Feb/2017:00:30:33 +0100] "GET /favicon.ico HTTP/1.1" 404 9141 "http://econbooks.ru/books/part/18698" "Mozilla/5.0 (Windows NT 6.1; WOW64) AppleWebKit/537.36 (KHTML, like Gecko) Chrome/56.0.2924.87 Safari/537.36"
40.77.167.128 - - [22/Feb/2017:00:32:01 +0100] "GET /books/part/17229 HTTP/1.1" 200 18588 "-" "Mozilla/5.0 (compatible; bingbot/2.0; +http://www.bing.com/bingbot.htm)"
40.77.167.45 - - [22/Feb/2017:00:32:07 +0100] "GET /books/part/16570 HTTP/1.1" 200 33260 "-" "Mozilla/5.0 (compatible; bingbot/2.0; +http://www.bing.com/bingbot.htm)"
40.77.167.45 - - [22/Feb/2017:00:32:17 +0100] "GET /books/part/2909 HTTP/1.1" 200 48646 "-" "Mozilla/5.0 (compatible; bingbot/2.0; +http://www.bing.com/bingbot.htm)"
130.193.51.64 - - [22/Feb/2017:00:32:23 +0100] "GET /books/part/6558 HTTP/1.1" 200 25364 "-" "Mozilla/5.0 (iPhone; CPU iPhone OS 8_1 like Mac OS X) AppleWebKit/600.1.4 (KHTML, like Gecko) Version/8.0 Mobile/12B411 Safari/600.1.4 (compatible; YandexMobileBot/3.0; +http://yandex.com/bots)"
157.55.39.239 - - [22/Feb/2017:00:32:40 +0100] "GET /books/part/17449 HTTP/1.1" 200 44169 "-" "Mozilla/5.0 (compatible; bingbot/2.0; +http://www.bing.com/bingbot.htm)"
77.35.102.251 - - [22/Feb/2017:00:33:07 +0100] "GET /books/part/4674 HTTP/1.1" 200 28488 "http://yandex.ru/clck/jsredir?from=yandex.ru%3Bsearch%2F%3Bweb%3B%3B&text=&etext=1339.Mij3-Ol8i5b_mOjUj7IteSmm5ca0knks7roGy64gTKIJ-bUoNUeuQ5UVCT75VcWygzNtMchqyuDIyp2OprVrctn5KTeGTusT8EmRklDpKQ6zCXVDCRSDYgkYNXJ6K-Vd6HVeum8y_zRpID-wh8ZgsQ.d53bbdf4c979658cbb56f4bee42ad6d9f56d80cf&uuid=&state=PEtFfuTeVD5kpHnK9lio9XRXFZbT4Ua2FWo80joDQ0PY982vMS6LPA&data=UlNrNmk5WktYejR0eWJFYk1LdmtxaTQ0SWtiQ0JRWVZmeTVNTlpFaUV5Y1hTb2tFVWYzSDNTNktLTlpsWENuY0hnWEZueGNfaFdKVHJJLXhwbjA5UndLaU4yOFJ3aXB3VHE4cGk0dFk3ZWp2OG5ZWGl1ZS02VlB5ZHRUUWg1ZW8&b64e=2&sign=0168b4ae91abbd518c86d129d59ee48d&keyno=0&cst=AiuY0DBWFJ5Hyx_fyvalFOHn4s8Q7WGnICnIWci159OH6I375TK4raZ5tQgP75e6fhbB24Ft18laWO3yxZeTnXqwpaIZ2VjDNl_JBFI8oUPPAoukOiPt563HbNqvuEqAD-r-qLVwPj1xVDlH6JQuDaoY5D3BCRs_un2E_m88JtlZa2Ft97sqb8cLejSc9RoJCvTp9lqeiXBBRDFR7kVLlSPtjxIfRAKe1xjanSVfVIPW0rPW1L42WsC4OZH3UmjRNFUuRQGpKLc72CGj4vRlXf5AlY5-sN4EgaP9gEv79biLjjcJhZcIWSMP3GtWBg55omeWbFQDwJHqar1vpcMJ7grXWOWRJRCUF5bihmcAnR8thYgB5AlB5DcBumU2lePvvJVEgN4CDtGPFyyEim0wNeL704FnrAqkkU9F_XG-ZQcDGo6tB458A9NqEI1d1tPop0FpnkFh4wce6zgFr_NcUTMyX9Vqxt6stVs6TpAPdYI&ref=orjY4mGPRjk5boDnW0uvlrrd71vZw9kp4AJo67zIhc2hpSRW0OaUKI4PEZ1_5q10VgU8v1fXRQ20PmVi-w-RuNtFGkjxdFYp4W2AU70LoElWRUqao0vFi6aqI03tmh5Z9FSgS3mdUSw7S16T6QFVHP826Z6jwepnzaY2OY27xXZ1jnqpJz0gxBZkFyEPs38JyFil6iBcSVV9NMK1e8dEQ0PqtDTL5R1NhSY4ADfs2qAqiDbUfbkWKrHcUXjQ_Hnpn3DW3ebXVKvNzsTbVETzYa2n8_Escuo_wyXWzNiOOSkuZojXkHkd4pnjd6b1xuI47xzSzmTsWfnazYRW9YR_obBr7AEWemkx0nwz7MbelJbyyKV-oF5TxS414TCKqAJNantzvT8A-t_Jkx2vdCNoTVodnex04oa3wKiEmND_F-ZTgdfFXUBamdoCFFa3wFa1eZ6Rhc1Wm_2v6cb47cP4a1nQHwoVaX0_YOjhaosLZ0viRrBU4puUx7HjZhFdRO6Ps4HFEuTNyoRB9YJal_6ieWGKKZ1tgAhZuBNOtFiZZPQK_eJ1gbbmbmkPrEpaHh0NRWP4MnPhUrDHQUNFjbpnOarscivDXQ1dX6LtEE4qI8fqUeTONDnEzXSyxjLuajZlJ0j9QIUxFqAV-8U4cIQAC8L7DKy7OxMEDzuemTSQarnSvr88wRbvg3FH6Crq_rMEQ80XegQnFDvXMO6YPQCjWQ&l10n=ru&cts=1487719982764&mc=5.690610825631539" "Mozilla/5.0 (Windows NT 6.3; WOW64) AppleWebKit/537.36 (KHTML, like Gecko) Chrome/55.0.2883.95 YaBrowser/17.1.0.2034 Yowser/2.5 Safari/537.36"
77.35.102.251 - - [22/Feb/2017:00:33:07 +0100] "GET /css/s.css HTTP/1.1" 200 228 "http://econbooks.ru/books/part/4674" "Mozilla/5.0 (Windows NT 6.3; WOW64) AppleWebKit/537.36 (KHTML, like Gecko) Chrome/55.0.2883.95 YaBrowser/17.1.0.2034 Yowser/2.5 Safari/537.36"
77.35.102.251 - - [22/Feb/2017:00:33:07 +0100] "GET /js/md5-min.js HTTP/1.1" 200 5275 "http://econbooks.ru/books/part/4674" "Mozilla/5.0 (Windows NT 6.3; WOW64) AppleWebKit/537.36 (KHTML, like Gecko) Chrome/55.0.2883.95 YaBrowser/17.1.0.2034 Yowser/2.5 Safari/537.36"
77.35.102.251 - - [22/Feb/2017:00:33:07 +0100] "GET /css/bootstrap-responsive.css HTTP/1.1" 200 22111 "http://econbooks.ru/books/part/4674" "Mozilla/5.0 (Windows NT 6.3; WOW64) AppleWebKit/537.36 (KHTML, like Gecko) Chrome/55.0.2883.95 YaBrowser/17.1.0.2034 Yowser/2.5 Safari/537.36"
77.35.102.251 - - [22/Feb/2017:00:33:08 +0100] "GET /js/bootstrap.min.js HTTP/1.1" 200 28538 "http://econbooks.ru/books/part/4674" "Mozilla/5.0 (Windows NT 6.3; WOW64) AppleWebKit/537.36 (KHTML, like Gecko) Chrome/55.0.2883.95 YaBrowser/17.1.0.2034 Yowser/2.5 Safari/537.36"
77.35.102.251 - - [22/Feb/2017:00:33:07 +0100] "GET /js/jquery.js HTTP/1.1" 200 92635 "http://econbooks.ru/books/part/4674" "Mozilla/5.0 (Windows NT 6.3; WOW64) AppleWebKit/537.36 (KHTML, like Gecko) Chrome/55.0.2883.95 YaBrowser/17.1.0.2034 Yowser/2.5 Safari/537.36"
77.35.102.251 - - [22/Feb/2017:00:33:08 +0100] "GET /favicon.ico HTTP/1.1" 404 9141 "-" "Mozilla/5.0 (Windows NT 6.3; WOW64) AppleWebKit/537.36 (KHTML, like Gecko) Chrome/55.0.2883.95 YaBrowser/17.1.0.2034 Yowser/2.5 Safari/537.36"
77.35.102.251 - - [22/Feb/2017:00:33:07 +0100] "GET /css/bootstrap.css HTTP/1.1" 200 146970 "http://econbooks.ru/books/part/4674" "Mozilla/5.0 (Windows NT 6.3; WOW64) AppleWebKit/537.36 (KHTML, like Gecko) Chrome/55.0.2883.95 YaBrowser/17.1.0.2034 Yowser/2.5 Safari/537.36"
77.35.102.251 - - [22/Feb/2017:00:33:09 +0100] "GET /img/logo.png HTTP/1.1" 200 2870 "http://econbooks.ru/css/s.css" "Mozilla/5.0 (Windows NT 6.3; WOW64) AppleWebKit/537.36 (KHTML, like Gecko) Chrome/55.0.2883.95 YaBrowser/17.1.0.2034 Yowser/2.5 Safari/537.36"
85.93.91.84 - - [22/Feb/2017:00:33:10 +0100] "GET /books/part/21846 HTTP/1.0" 200 33688 "-" "Mozilla/5.0 (compatible; DeuSu/5.0.2; +https://deusu.de/robot.html)"
77.35.102.251 - - [22/Feb/2017:00:33:11 +0100] "GET /favicon.ico HTTP/1.1" 404 9141 "http://econbooks.ru/books/part/4674" "Mozilla/5.0 (Windows NT 6.3; WOW64) AppleWebKit/537.36 (KHTML, like Gecko) Chrome/55.0.2883.95 YaBrowser/17.1.0.2034 Yowser/2.5 Safari/537.36"
178.212.111.37 - - [22/Feb/2017:00:33:16 +0100] "GET /books/part/17089 HTTP/1.1" 200 25253 "-" "Mozilla/5.0 (Windows NT 6.3; WOW64) AppleWebKit/537.36 (KHTML, like Gecko) Chrome/53.0.2785.116 Safari/537.36 OPR/40.0.2308.81 (Edition Yx)"
141.8.142.73 - - [22/Feb/2017:00:33:31 +0100] "GET /books/part/4674 HTTP/1.1" 200 28488 "-" "Mozilla/5.0 (compatible; YandexBot/3.0; +http://yandex.com/bots)"
40.77.167.128 - - [22/Feb/2017:00:35:12 +0100] "GET /books/part/9063 HTTP/1.1" 200 42714 "-" "Mozilla/5.0 (compatible; bingbot/2.0; +http://www.bing.com/bingbot.htm)"
204.79.180.111 - - [22/Feb/2017:00:35:49 +0100] "GET /books/part/10357 HTTP/1.1" 200 12223 "-" "Mozilla/5.0 (compatible; MSIE 9.0; Windows NT 6.1; Trident/5.0;  Trident/5.0)"
91.103.79.43 - - [22/Feb/2017:00:35:51 +0100] "GET /css/s.css HTTP/1.1" 200 228 "http://econbooks.ru/books/part/14421" "Mozilla/5.0 (Windows NT 10.0; WOW64; rv:51.0) Gecko/20100101 Firefox/51.0"
91.103.79.43 - - [22/Feb/2017:00:35:51 +0100] "GET /js/md5-min.js HTTP/1.1" 200 5275 "http://econbooks.ru/books/part/14421" "Mozilla/5.0 (Windows NT 10.0; WOW64; rv:51.0) Gecko/20100101 Firefox/51.0"
91.103.79.43 - - [22/Feb/2017:00:35:51 +0100] "GET /css/bootstrap-responsive.css HTTP/1.1" 200 22111 "http://econbooks.ru/books/part/14421" "Mozilla/5.0 (Windows NT 10.0; WOW64; rv:51.0) Gecko/20100101 Firefox/51.0"
91.103.79.43 - - [22/Feb/2017:00:35:51 +0100] "GET /books/part/14421 HTTP/1.1" 200 45045 "https://yandex.ru/clck/jsredir?from=yandex.ru%3Bsearch%2F%3Bweb%3B%3B&text=&etext=1339.SxLTYS-2RN2s6mNIdVhYvVfQ-dI4CmD6wAmyHyxBOPdb_8QFOCywtlB-dw5cBcEBvOKchxHa3SZEWag_NpLiPg.34c8c29d027b25142b980dab33030d5e019d5f7b&uuid=&state=PEtFfuTeVD5kpHnK9lio9bb4iM1VPfe4W5x0C0-qwflIRTTifi6VAA&data=UlNrNmk5WktYejR0eWJFYk1LdmtxaTQ0SWtiQ0JRWVZmeTVNTlpFaUV5Y1hTb2tFVWYzSDNUNjZWUmtQVTBmNWdGOWR5SEFlUFo0bFg2V1hLY2FDOVdQeXo4YjdZME91WTFEaTctanMwRzBQWmdQTS1BOHVudjVTOHNhMXVSdWc&b64e=2&sign=d5d5eb59eab99f1b179f37685de7699b&keyno=0&cst=AiuY0DBWFJ5Hyx_fyvalFLoLx3gDLtZSDs7k9pnAcaIPXjgC8WnOAqkbZzZhM6KXOPdG3yran9T3pGuLK4lypS0LslT3dl-Q7OeFVDGy1qiUcVEo3QneErToCRt0_f0q18VlxOPWs1HQFTeXJHnQBMJNNW01waagAmI_wkzJPijvQWAkXD3smDDbbWq8OeMhQ_rvx9a2SfcJv9_VDxY43F7s_zFusJsxpPHI4OuTLv6dPK7bQL4eyakirVgaGT-dAd5dCMyV28XwrDVJW-m_v6IAOaleO0sP5ZZ4gl6LLfJpbAAQsaObQPrgW2vV_MtfVJmo2e2jrUVY8rZKdy4ek71ugAI0YnG5z9zzcQVTX4OPmuN6ZJcR0cCOBa334CrljpFN5PW9eLPwNizFqfH-aXxl8NYvbwP875-Wr6YKZTc4AruDUVVQeHErsuDu0mkAGgnSyOo7KJzdjCXn92H3T8_NsGPwdb8qzEW3pKQ_HEIu5el96fSLElZKy4rR7fU2g1yYSRqSY0TXcRPprDphza6BjuBsFnzE&ref=orjY4mGPRjk5boDnW0uvlrrd71vZw9kptqCR2w1h2Bq22nQAmdKmg0N_haWZsqmFjyABrOMpsvhWphdxK2NDlZQt9HOQw_yEyHUbydgQi3ipF0oUXXBOcgPjWA2kR8XGsMAu9GMsg6uxf2V8-EKt-VYUSYjfg20ULn2xWq9lFbzdnWJHJccRtPfll-yi5TW3a5eAZ5v-MwlqDngrjs4cj8UOX95dQFIbLVeeNJ-AONluvyIZwCiP3_jixGkSRyGVC0uga_VytZ8SeevbqpUp2cyPwD_ymhTvHQgnTRRNyvgjrn6vmVsSSaC-9KcFDZHlOkR6rOmIaOf6QUpQJsGopC-fyED4bJin2aZ2uFX_H20&l10n=ru&cts=1487720147265%40%40externalreferrer%3D1&mc=4.796681290081531" "Mozilla/5.0 (Windows NT 10.0; WOW64; rv:51.0) Gecko/20100101 Firefox/51.0"
91.103.79.43 - - [22/Feb/2017:00:35:51 +0100] "GET /js/jquery.js HTTP/1.1" 200 92635 "http://econbooks.ru/books/part/14421" "Mozilla/5.0 (Windows NT 10.0; WOW64; rv:51.0) Gecko/20100101 Firefox/51.0"
91.103.79.43 - - [22/Feb/2017:00:35:51 +0100] "GET /js/bootstrap.min.js HTTP/1.1" 200 28538 "http://econbooks.ru/books/part/14421" "Mozilla/5.0 (Windows NT 10.0; WOW64; rv:51.0) Gecko/20100101 Firefox/51.0"
91.103.79.43 - - [22/Feb/2017:00:35:51 +0100] "GET /css/bootstrap.css HTTP/1.1" 200 146970 "http://econbooks.ru/books/part/14421" "Mozilla/5.0 (Windows NT 10.0; WOW64; rv:51.0) Gecko/20100101 Firefox/51.0"
91.103.79.43 - - [22/Feb/2017:00:35:51 +0100] "GET /img/logo.png HTTP/1.1" 200 2870 "http://econbooks.ru/css/s.css" "Mozilla/5.0 (Windows NT 10.0; WOW64; rv:51.0) Gecko/20100101 Firefox/51.0"
204.79.180.190 - - [22/Feb/2017:00:35:52 +0100] "GET /js/md5-min.js HTTP/1.1" 200 5275 "http://econbooks.ru/books/part/10357" "Mozilla/5.0 (compatible; MSIE 9.0; Windows NT 6.1; Trident/5.0;  Trident/5.0)"
204.79.180.114 - - [22/Feb/2017:00:35:52 +0100] "GET /css/s.css HTTP/1.1" 200 228 "http://econbooks.ru/books/part/10357" "Mozilla/5.0 (compatible; MSIE 9.0; Windows NT 6.1; Trident/5.0;  Trident/5.0)"
204.79.180.72 - - [22/Feb/2017:00:35:52 +0100] "GET /js/jquery.js HTTP/1.1" 200 92635 "http://econbooks.ru/books/part/10357" "Mozilla/5.0 (compatible; MSIE 9.0; Windows NT 6.1; Trident/5.0;  Trident/5.0)"
204.79.180.249 - - [22/Feb/2017:00:35:52 +0100] "GET /css/bootstrap-responsive.css HTTP/1.1" 200 22111 "http://econbooks.ru/books/part/10357" "Mozilla/5.0 (compatible; MSIE 9.0; Windows NT 6.1; Trident/5.0;  Trident/5.0)"
204.79.180.163 - - [22/Feb/2017:00:35:52 +0100] "GET /js/bootstrap.min.js HTTP/1.1" 200 28538 "http://econbooks.ru/books/part/10357" "Mozilla/5.0 (compatible; MSIE 9.0; Windows NT 6.1; Trident/5.0;  Trident/5.0)"
204.79.180.47 - - [22/Feb/2017:00:35:52 +0100] "GET /css/bootstrap.css HTTP/1.1" 200 146970 "http://econbooks.ru/books/part/10357" "Mozilla/5.0 (compatible; MSIE 9.0; Windows NT 6.1; Trident/5.0;  Trident/5.0)"
91.103.79.43 - - [22/Feb/2017:00:35:53 +0100] "GET /favicon.ico HTTP/1.1" 404 9141 "-" "Mozilla/5.0 (Windows NT 10.0; WOW64; rv:51.0) Gecko/20100101 Firefox/51.0"
91.103.79.43 - - [22/Feb/2017:00:35:53 +0100] "GET /favicon.ico HTTP/1.1" 404 9141 "-" "Mozilla/5.0 (Windows NT 10.0; WOW64; rv:51.0) Gecko/20100101 Firefox/51.0"
204.79.180.214 - - [22/Feb/2017:00:35:55 +0100] "GET /js/html5shiv.js HTTP/1.1" 404 9145 "http://econbooks.ru/books/part/10357" "Mozilla/5.0 (compatible; MSIE 9.0; Windows NT 6.1; Trident/5.0;  Trident/5.0)"
193.19.119.92 - - [22/Feb/2017:00:36:06 +0100] "GET /books/part/17988 HTTP/1.1" 200 30109 "-" "Mozilla/5.0 (Windows NT 6.1; rv:29.0) Gecko/20100101 Firefox/29.0"
78.37.145.255 - - [22/Feb/2017:00:36:08 +0100] "GET /books/part/18634 HTTP/1.1" 200 21019 "https://www.google.ru/" "Mozilla/5.0 (Macintosh; Intel Mac OS X 10_11_6) AppleWebKit/601.7.7 (KHTML, like Gecko) Version/9.1.2 Safari/601.7.7"
78.37.145.255 - - [22/Feb/2017:00:36:08 +0100] "GET /js/md5-min.js HTTP/1.1" 200 5275 "http://econbooks.ru/books/part/18634" "Mozilla/5.0 (Macintosh; Intel Mac OS X 10_11_6) AppleWebKit/601.7.7 (KHTML, like Gecko) Version/9.1.2 Safari/601.7.7"
78.37.145.255 - - [22/Feb/2017:00:36:08 +0100] "GET /css/s.css HTTP/1.1" 200 228 "http://econbooks.ru/books/part/18634" "Mozilla/5.0 (Macintosh; Intel Mac OS X 10_11_6) AppleWebKit/601.7.7 (KHTML, like Gecko) Version/9.1.2 Safari/601.7.7"
78.37.145.255 - - [22/Feb/2017:00:36:08 +0100] "GET /css/bootstrap-responsive.css HTTP/1.1" 200 22111 "http://econbooks.ru/books/part/18634" "Mozilla/5.0 (Macintosh; Intel Mac OS X 10_11_6) AppleWebKit/601.7.7 (KHTML, like Gecko) Version/9.1.2 Safari/601.7.7"
78.37.145.255 - - [22/Feb/2017:00:36:08 +0100] "GET /js/bootstrap.min.js HTTP/1.1" 200 28538 "http://econbooks.ru/books/part/18634" "Mozilla/5.0 (Macintosh; Intel Mac OS X 10_11_6) AppleWebKit/601.7.7 (KHTML, like Gecko) Version/9.1.2 Safari/601.7.7"
78.37.145.255 - - [22/Feb/2017:00:36:08 +0100] "GET /js/jquery.js HTTP/1.1" 200 92635 "http://econbooks.ru/books/part/18634" "Mozilla/5.0 (Macintosh; Intel Mac OS X 10_11_6) AppleWebKit/601.7.7 (KHTML, like Gecko) Version/9.1.2 Safari/601.7.7"
78.37.145.255 - - [22/Feb/2017:00:36:08 +0100] "GET /css/bootstrap.css HTTP/1.1" 200 146970 "http://econbooks.ru/books/part/18634" "Mozilla/5.0 (Macintosh; Intel Mac OS X 10_11_6) AppleWebKit/601.7.7 (KHTML, like Gecko) Version/9.1.2 Safari/601.7.7"
78.37.145.255 - - [22/Feb/2017:00:36:08 +0100] "GET /img/logo.png HTTP/1.1" 200 2870 "http://econbooks.ru/books/part/18634" "Mozilla/5.0 (Macintosh; Intel Mac OS X 10_11_6) AppleWebKit/601.7.7 (KHTML, like Gecko) Version/9.1.2 Safari/601.7.7"
78.37.145.255 - - [22/Feb/2017:00:36:10 +0100] "GET /favicon.ico HTTP/1.1" 404 9141 "http://econbooks.ru/books/part/18634" "Mozilla/5.0 (Macintosh; Intel Mac OS X 10_11_6) AppleWebKit/601.7.7 (KHTML, like Gecko) Version/9.1.2 Safari/601.7.7"
78.37.145.255 - - [22/Feb/2017:00:36:11 +0100] "GET /img/glyphicons-halflings.png HTTP/1.1" 200 12799 "http://econbooks.ru/books/part/18634" "Mozilla/5.0 (Macintosh; Intel Mac OS X 10_11_6) AppleWebKit/601.7.7 (KHTML, like Gecko) Version/9.1.2 Safari/601.7.7"
80.91.166.65 - - [22/Feb/2017:00:36:31 +0100] "GET /books/part/18219 HTTP/1.1" 200 26092 "-" "Mozilla/5.0 (Windows NT 6.1) AppleWebKit/537.36 (KHTML, like Gecko) Chrome/53.0.2785.143 Safari/537.36"
178.154.189.203 - - [22/Feb/2017:00:36:32 +0100] "GET /books/part/21170 HTTP/1.1" 200 34056 "-" "Mozilla/5.0 (compatible; YandexBot/3.0; +http://yandex.com/bots)"
80.83.237.7 - - [22/Feb/2017:00:36:52 +0100] "GET /css/s.css HTTP/1.1" 200 228 "https://www.google.ru/search?q=%D0%9F%D0%BB%D0%B0%D0%BD+%D0%BF%D0%BE+%D1%87%D0%B8%D1%81%D0%BB%D0%B5%D0%BD%D0%BD%D0%BE%D1%81%D1%82%D0%B8+%D1%80%D0%B0%D0%B1%D0%BE%D1%87%D0%B8%D1%85+%D1%8D%D1%82%D0%BE&oq=%D0%9F%D0%BB%D0%B0%D0%BD+%D0%BF%D0%BE+%D1%87%D0%B8%D1%81%D0%BB%D0%B5%D0%BD%D0%BD%D0%BE%D1%81%D1%82%D0%B8+%D1%80%D0%B0%D0%B1%D0%BE%D1%87%D0%B8%D1%85+%D1%8D%D1%82%D0%BE&aqs=chrome..69i57j33.10825j0j4&client=ms-android-sonymobile&sourceid=chrome-mobile&ie=UTF-8" "Mozilla/5.0 (Linux; Android 6.0; F3311 Build/37.0.A.2.108) AppleWebKit/537.36 (KHTML, like Gecko) Chrome/56.0.2924.87 Mobile Safari/537.36"
80.83.237.7 - - [22/Feb/2017:00:36:52 +0100] "GET /js/md5-min.js HTTP/1.1" 200 5275 "https://www.google.ru/search?q=%D0%9F%D0%BB%D0%B0%D0%BD+%D0%BF%D0%BE+%D1%87%D0%B8%D1%81%D0%BB%D0%B5%D0%BD%D0%BD%D0%BE%D1%81%D1%82%D0%B8+%D1%80%D0%B0%D0%B1%D0%BE%D1%87%D0%B8%D1%85+%D1%8D%D1%82%D0%BE&oq=%D0%9F%D0%BB%D0%B0%D0%BD+%D0%BF%D0%BE+%D1%87%D0%B8%D1%81%D0%BB%D0%B5%D0%BD%D0%BD%D0%BE%D1%81%D1%82%D0%B8+%D1%80%D0%B0%D0%B1%D0%BE%D1%87%D0%B8%D1%85+%D1%8D%D1%82%D0%BE&aqs=chrome..69i57j33.10825j0j4&client=ms-android-sonymobile&sourceid=chrome-mobile&ie=UTF-8" "Mozilla/5.0 (Linux; Android 6.0; F3311 Build/37.0.A.2.108) AppleWebKit/537.36 (KHTML, like Gecko) Chrome/56.0.2924.87 Mobile Safari/537.36"
80.83.237.7 - - [22/Feb/2017:00:36:52 +0100] "GET /css/bootstrap-responsive.css HTTP/1.1" 200 22111 "https://www.google.ru/search?q=%D0%9F%D0%BB%D0%B0%D0%BD+%D0%BF%D0%BE+%D1%87%D0%B8%D1%81%D0%BB%D0%B5%D0%BD%D0%BD%D0%BE%D1%81%D1%82%D0%B8+%D1%80%D0%B0%D0%B1%D0%BE%D1%87%D0%B8%D1%85+%D1%8D%D1%82%D0%BE&oq=%D0%9F%D0%BB%D0%B0%D0%BD+%D0%BF%D0%BE+%D1%87%D0%B8%D1%81%D0%BB%D0%B5%D0%BD%D0%BD%D0%BE%D1%81%D1%82%D0%B8+%D1%80%D0%B0%D0%B1%D0%BE%D1%87%D0%B8%D1%85+%D1%8D%D1%82%D0%BE&aqs=chrome..69i57j33.10825j0j4&client=ms-android-sonymobile&sourceid=chrome-mobile&ie=UTF-8" "Mozilla/5.0 (Linux; Android 6.0; F3311 Build/37.0.A.2.108) AppleWebKit/537.36 (KHTML, like Gecko) Chrome/56.0.2924.87 Mobile Safari/537.36"
80.83.237.7 - - [22/Feb/2017:00:36:52 +0100] "GET /books/part/17029 HTTP/1.1" 200 42070 "https://www.google.ru/" "Mozilla/5.0 (Linux; Android 6.0; F3311 Build/37.0.A.2.108) AppleWebKit/537.36 (KHTML, like Gecko) Chrome/56.0.2924.87 Mobile Safari/537.36"
80.83.237.7 - - [22/Feb/2017:00:36:52 +0100] "GET /css/bootstrap.css HTTP/1.1" 200 146970 "https://www.google.ru/search?q=%D0%9F%D0%BB%D0%B0%D0%BD+%D0%BF%D0%BE+%D1%87%D0%B8%D1%81%D0%BB%D0%B5%D0%BD%D0%BD%D0%BE%D1%81%D1%82%D0%B8+%D1%80%D0%B0%D0%B1%D0%BE%D1%87%D0%B8%D1%85+%D1%8D%D1%82%D0%BE&oq=%D0%9F%D0%BB%D0%B0%D0%BD+%D0%BF%D0%BE+%D1%87%D0%B8%D1%81%D0%BB%D0%B5%D0%BD%D0%BD%D0%BE%D1%81%D1%82%D0%B8+%D1%80%D0%B0%D0%B1%D0%BE%D1%87%D0%B8%D1%85+%D1%8D%D1%82%D0%BE&aqs=chrome..69i57j33.10825j0j4&client=ms-android-sonymobile&sourceid=chrome-mobile&ie=UTF-8" "Mozilla/5.0 (Linux; Android 6.0; F3311 Build/37.0.A.2.108) AppleWebKit/537.36 (KHTML, like Gecko) Chrome/56.0.2924.87 Mobile Safari/537.36"
80.83.237.7 - - [22/Feb/2017:00:36:52 +0100] "GET /js/jquery.js HTTP/1.1" 200 92635 "http://econbooks.ru/books/part/17029" "Mozilla/5.0 (Linux; Android 6.0; F3311 Build/37.0.A.2.108) AppleWebKit/537.36 (KHTML, like Gecko) Chrome/56.0.2924.87 Mobile Safari/537.36"
80.83.237.7 - - [22/Feb/2017:00:36:53 +0100] "GET /js/bootstrap.min.js HTTP/1.1" 200 28538 "http://econbooks.ru/books/part/17029" "Mozilla/5.0 (Linux; Android 6.0; F3311 Build/37.0.A.2.108) AppleWebKit/537.36 (KHTML, like Gecko) Chrome/56.0.2924.87 Mobile Safari/537.36"
80.83.237.7 - - [22/Feb/2017:00:36:54 +0100] "GET /img/glyphicons-halflings.png HTTP/1.1" 200 12799 "http://econbooks.ru/css/bootstrap.css" "Mozilla/5.0 (Linux; Android 6.0; F3311 Build/37.0.A.2.108) AppleWebKit/537.36 (KHTML, like Gecko) Chrome/56.0.2924.87 Mobile Safari/537.36"
80.83.237.7 - - [22/Feb/2017:00:36:54 +0100] "GET /img/logo.png HTTP/1.1" 200 2870 "http://econbooks.ru/css/s.css" "Mozilla/5.0 (Linux; Android 6.0; F3311 Build/37.0.A.2.108) AppleWebKit/537.36 (KHTML, like Gecko) Chrome/56.0.2924.87 Mobile Safari/537.36"
35.157.113.251 - - [22/Feb/2017:00:36:54 +0100] "GET /books/part/17029 HTTP/1.1" 200 42070 "-" "Mozilla/5.0 (Macintosh; Intel Mac OS X 10.10; rv:38.0) Gecko/20100101 Firefox/38.0"
80.83.237.7 - - [22/Feb/2017:00:37:05 +0100] "GET /favicon.ico HTTP/1.1" 404 9141 "http://econbooks.ru/books/part/17029" "Mozilla/5.0 (Linux; Android 6.0; F3311 Build/37.0.A.2.108) AppleWebKit/537.36 (KHTML, like Gecko) Chrome/56.0.2924.87 Mobile Safari/537.36"
207.46.13.57 - - [22/Feb/2017:00:37:17 +0100] "GET /books/part/18706 HTTP/1.1" 200 15842 "-" "Mozilla/5.0 (compatible; bingbot/2.0; +http://www.bing.com/bingbot.htm)"
213.180.206.196 - - [22/Feb/2017:00:37:25 +0100] "GET / HTTP/1.1" 200 27625 "-" "Mozilla/5.0 (compatible; YandexMetrika/2.0; +http://yandex.com/bots mtmon01g.yandex.ru)"
164.132.161.2 - - [22/Feb/2017:00:37:26 +0100] "GET /books/part/502 HTTP/1.1" 200 18982 "-" "Mozilla/5.0 (compatible; AhrefsBot/5.2; +http://ahrefs.com/robot/)"
207.46.13.57 - - [22/Feb/2017:00:37:38 +0100] "GET /books/part/18404 HTTP/1.1" 200 10302 "-" "Mozilla/5.0 (compatible; bingbot/2.0; +http://www.bing.com/bingbot.htm)"
207.46.13.57 - - [22/Feb/2017:00:37:39 +0100] "GET /books/part/18200 HTTP/1.1" 200 43245 "-" "Mozilla/5.0 (compatible; bingbot/2.0; +http://www.bing.com/bingbot.htm)"
207.46.13.57 - - [22/Feb/2017:00:37:39 +0100] "GET /books/part/1253 HTTP/1.1" 200 36492 "-" "Mozilla/5.0 (compatible; bingbot/2.0; +http://www.bing.com/bingbot.htm)"
207.46.13.57 - - [22/Feb/2017:00:37:40 +0100] "GET /books/part/18030 HTTP/1.1" 200 24122 "-" "Mozilla/5.0 (compatible; bingbot/2.0; +http://www.bing.com/bingbot.htm)"
95.159.149.104 - - [22/Feb/2017:00:38:13 +0100] "GET /books/part/1530 HTTP/1.1" 200 25353 "https://www.google.ru/" "Mozilla/5.0 (Windows NT 5.1) AppleWebKit/537.36 (KHTML, like Gecko) Chrome/49.0.2623.112 Safari/537.36"
95.159.149.104 - - [22/Feb/2017:00:38:14 +0100] "GET /css/s.css HTTP/1.1" 200 228 "http://econbooks.ru/books/part/1530" "Mozilla/5.0 (Windows NT 5.1) AppleWebKit/537.36 (KHTML, like Gecko) Chrome/49.0.2623.112 Safari/537.36"
207.46.13.57 - - [22/Feb/2017:00:38:14 +0100] "GET /books/part/18207 HTTP/1.1" 200 25267 "-" "Mozilla/5.0 (compatible; bingbot/2.0; +http://www.bing.com/bingbot.htm)"
207.46.13.57 - - [22/Feb/2017:00:38:15 +0100] "GET /books/part/12538 HTTP/1.1" 200 42948 "-" "Mozilla/5.0 (compatible; bingbot/2.0; +http://www.bing.com/bingbot.htm)"
95.159.149.104 - - [22/Feb/2017:00:38:14 +0100] "GET /js/jquery.js HTTP/1.1" 200 92635 "http://econbooks.ru/books/part/1530" "Mozilla/5.0 (Windows NT 5.1) AppleWebKit/537.36 (KHTML, like Gecko) Chrome/49.0.2623.112 Safari/537.36"
204.79.180.106 - - [22/Feb/2017:00:38:16 +0100] "GET /books/part/20511 HTTP/1.1" 200 11603 "-" "Mozilla/5.0 (compatible; MSIE 9.0; Windows NT 6.0; Trident/5.0;  Trident/5.0)"
95.159.149.104 - - [22/Feb/2017:00:38:14 +0100] "GET /css/bootstrap.css HTTP/1.1" 200 146970 "http://econbooks.ru/books/part/1530" "Mozilla/5.0 (Windows NT 5.1) AppleWebKit/537.36 (KHTML, like Gecko) Chrome/49.0.2623.112 Safari/537.36"
204.79.180.96 - - [22/Feb/2017:00:38:17 +0100] "GET /js/md5-min.js HTTP/1.1" 200 5275 "http://econbooks.ru/books/part/20511" "Mozilla/5.0 (compatible; MSIE 9.0; Windows NT 6.0; Trident/5.0;  Trident/5.0)"
95.159.149.104 - - [22/Feb/2017:00:38:17 +0100] "GET /js/md5-min.js HTTP/1.1" 200 5275 "http://econbooks.ru/books/part/1530" "Mozilla/5.0 (Windows NT 5.1) AppleWebKit/537.36 (KHTML, like Gecko) Chrome/49.0.2623.112 Safari/537.36"
204.79.180.227 - - [22/Feb/2017:00:38:17 +0100] "GET /css/s.css HTTP/1.1" 200 228 "http://econbooks.ru/books/part/20511" "Mozilla/5.0 (compatible; MSIE 9.0; Windows NT 6.0; Trident/5.0;  Trident/5.0)"
157.55.39.239 - - [22/Feb/2017:00:38:17 +0100] "GET /books/part/16995 HTTP/1.1" 200 26447 "-" "Mozilla/5.0 (compatible; bingbot/2.0; +http://www.bing.com/bingbot.htm)"
95.159.149.104 - - [22/Feb/2017:00:38:17 +0100] "GET /css/bootstrap-responsive.css HTTP/1.1" 200 22111 "http://econbooks.ru/books/part/1530" "Mozilla/5.0 (Windows NT 5.1) AppleWebKit/537.36 (KHTML, like Gecko) Chrome/49.0.2623.112 Safari/537.36"
204.79.180.250 - - [22/Feb/2017:00:38:17 +0100] "GET /js/jquery.js HTTP/1.1" 200 92635 "http://econbooks.ru/books/part/20511" "Mozilla/5.0 (compatible; MSIE 9.0; Windows NT 6.0; Trident/5.0;  Trident/5.0)"
95.159.149.104 - - [22/Feb/2017:00:38:17 +0100] "GET /js/bootstrap.min.js HTTP/1.1" 200 28538 "http://econbooks.ru/books/part/1530" "Mozilla/5.0 (Windows NT 5.1) AppleWebKit/537.36 (KHTML, like Gecko) Chrome/49.0.2623.112 Safari/537.36"
204.79.180.219 - - [22/Feb/2017:00:38:17 +0100] "GET /css/bootstrap.css HTTP/1.1" 200 146970 "http://econbooks.ru/books/part/20511" "Mozilla/5.0 (compatible; MSIE 9.0; Windows NT 6.0; Trident/5.0;  Trident/5.0)"
204.79.180.239 - - [22/Feb/2017:00:38:18 +0100] "GET /css/bootstrap-responsive.css HTTP/1.1" 200 22111 "http://econbooks.ru/books/part/20511" "Mozilla/5.0 (compatible; MSIE 9.0; Windows NT 6.0; Trident/5.0;  Trident/5.0)"
13.81.112.25 - - [22/Feb/2017:00:38:19 +0100] "GET /books/part/1530 HTTP/1.1" 200 25353 "-" "Mozilla/4.0 (compatible; MSIE 6.0; AOL 8.0; Windows NT 5.1; FunWebProducts; SV1; .NET CLR 1.0.3705)"
204.79.180.221 - - [22/Feb/2017:00:38:19 +0100] "GET /js/bootstrap.min.js HTTP/1.1" 200 28538 "http://econbooks.ru/books/part/20511" "Mozilla/5.0 (compatible; MSIE 9.0; Windows NT 6.0; Trident/5.0;  Trident/5.0)"
204.79.180.239 - - [22/Feb/2017:00:38:22 +0100] "GET /js/html5shiv.js HTTP/1.1" 404 9145 "http://econbooks.ru/books/part/20511" "Mozilla/5.0 (compatible; MSIE 9.0; Windows NT 6.0; Trident/5.0;  Trident/5.0)"
95.159.149.104 - - [22/Feb/2017:00:38:27 +0100] "GET /img/logo.png HTTP/1.1" 200 2870 "http://econbooks.ru/css/s.css" "Mozilla/5.0 (Windows NT 5.1) AppleWebKit/537.36 (KHTML, like Gecko) Chrome/49.0.2623.112 Safari/537.36"
217.69.134.12 - - [22/Feb/2017:00:38:30 +0100] "GET /sitemap.xml HTTP/1.1" 304 0 "-" "Mozilla/5.0 (compatible; Linux x86_64; Mail.RU_Bot/Fast/2.0; +http://go.mail.ru/help/robots)"
95.159.149.104 - - [22/Feb/2017:00:38:37 +0100] "GET /favicon.ico HTTP/1.1" 404 9141 "http://econbooks.ru/books/part/1530" "Mozilla/5.0 (Windows NT 5.1) AppleWebKit/537.36 (KHTML, like Gecko) Chrome/49.0.2623.112 Safari/537.36"
51.255.65.53 - - [22/Feb/2017:00:39:03 +0100] "GET /books/part/15544 HTTP/1.1" 200 14641 "-" "Mozilla/5.0 (compatible; AhrefsBot/5.2; +http://ahrefs.com/robot/)"
212.8.236.60 - - [22/Feb/2017:00:39:15 +0100] "GET /books/part/17029 HTTP/1.1" 200 42070 "-" "HybridBot (hybrid.ru/about. If our bot caused problems please contact us. Contact email: m.lyashkov@targetix.net)"
85.26.241.193 - - [22/Feb/2017:00:39:28 +0100] "GET /books/part/17604 HTTP/1.1" 200 38433 "https://www.yandex.ru/search/touch/?msid=1487720297.78031.22886.16395&lr=77&clid=2267826&text=%D0%BD%D0%B0%D1%86%D0%B8%D0%BE%D0%BD%D0%B0%D0%BB%D1%8C%D0%BD%D0%BE%D0%B5%20%D0%B1%D0%BE%D0%B3%D0%B0%D1%82%D1%81%D1%82%D0%B2%D0%BE%20%D0%BC%D0%BE%D0%B6%D0%BD%D0%BE%20%D1%80%D0%B0%D1%81%D1%81%D0%BC%D0%BE%D1%82%D1%80%D0%B5%D1%82%D1%8C%20%D1%81%20%D1%82%D0%BE%D1%87%D0%BA%D0%B8%20%D0%B7%D1%80%D0%B5%D0%BD%D0%B8%D1%8F%20%D1%81%D0%BE%D0%B2%D0%BE%D0%BA%D1%83%D0%BF%D0%BD%D0%BE%D1%81%D1%82%D0%B8%20%D0%BC%D0%B0%D1%82%D0%B5%D1%80%D0%B8%D0%B0%D0%BB%D1%8C%D0%BD%D1%8B%D1%85%20%D0%B8%20%D0%BD%D0%B5%D0%BC%D0%B0%D1%82%D0%B5%D1%80%D0%B8%D0%B0%D0%BB%D1%8C%D0%BD%D1%8B%D1%85%20%D1%8D%D0%BB%D0%B5%D0%BC%D0%B5%D0%BD%D1%82%D0%BE%D0%B2" "Mozilla/5.0 (iPhone; CPU iPhone OS 10_2_1 like Mac OS X) AppleWebKit/602.4.6 (KHTML, like Gecko) Coast/5.04.110603 Mobile/14D27 Safari/7534.48.3"
85.26.241.193 - - [22/Feb/2017:00:39:28 +0100] "GET /apple-touch-icon.png HTTP/1.1" 404 9150 "-" "Opera%20Coast/5.04.110603 CFNetwork/808.3 Darwin/16.3.0"
85.26.241.193 - - [22/Feb/2017:00:39:28 +0100] "GET /favicon.ico HTTP/1.1" 404 9141 "-" "Opera%20Coast/5.04.110603 CFNetwork/808.3 Darwin/16.3.0"
85.26.241.193 - - [22/Feb/2017:00:39:28 +0100] "GET /apple-touch-icon-precomposed.png HTTP/1.1" 404 9162 "-" "Opera%20Coast/5.04.110603 CFNetwork/808.3 Darwin/16.3.0"
85.26.241.193 - - [22/Feb/2017:00:39:29 +0100] "GET /css/s.css HTTP/1.1" 200 228 "http://econbooks.ru/books/part/17604" "Mozilla/5.0 (iPhone; CPU iPhone OS 10_2_1 like Mac OS X) AppleWebKit/602.4.6 (KHTML, like Gecko) Coast/5.04.110603 Mobile/14D27 Safari/7534.48.3"
85.26.241.193 - - [22/Feb/2017:00:39:29 +0100] "GET /js/md5-min.js HTTP/1.1" 200 5275 "http://econbooks.ru/books/part/17604" "Mozilla/5.0 (iPhone; CPU iPhone OS 10_2_1 like Mac OS X) AppleWebKit/602.4.6 (KHTML, like Gecko) Coast/5.04.110603 Mobile/14D27 Safari/7534.48.3"
85.26.241.193 - - [22/Feb/2017:00:39:29 +0100] "GET /css/bootstrap-responsive.css HTTP/1.1" 200 22111 "http://econbooks.ru/books/part/17604" "Mozilla/5.0 (iPhone; CPU iPhone OS 10_2_1 like Mac OS X) AppleWebKit/602.4.6 (KHTML, like Gecko) Coast/5.04.110603 Mobile/14D27 Safari/7534.48.3"
85.26.241.193 - - [22/Feb/2017:00:39:29 +0100] "GET /js/bootstrap.min.js HTTP/1.1" 200 28538 "http://econbooks.ru/books/part/17604" "Mozilla/5.0 (iPhone; CPU iPhone OS 10_2_1 like Mac OS X) AppleWebKit/602.4.6 (KHTML, like Gecko) Coast/5.04.110603 Mobile/14D27 Safari/7534.48.3"
85.26.241.193 - - [22/Feb/2017:00:39:29 +0100] "GET /js/jquery.js HTTP/1.1" 200 92635 "http://econbooks.ru/books/part/17604" "Mozilla/5.0 (iPhone; CPU iPhone OS 10_2_1 like Mac OS X) AppleWebKit/602.4.6 (KHTML, like Gecko) Coast/5.04.110603 Mobile/14D27 Safari/7534.48.3"
85.26.241.193 - - [22/Feb/2017:00:39:29 +0100] "GET /css/bootstrap.css HTTP/1.1" 200 146970 "http://econbooks.ru/books/part/17604" "Mozilla/5.0 (iPhone; CPU iPhone OS 10_2_1 like Mac OS X) AppleWebKit/602.4.6 (KHTML, like Gecko) Coast/5.04.110603 Mobile/14D27 Safari/7534.48.3"
85.26.241.193 - - [22/Feb/2017:00:39:30 +0100] "GET /img/glyphicons-halflings.png HTTP/1.1" 200 12799 "http://econbooks.ru/books/part/17604" "Mozilla/5.0 (iPhone; CPU iPhone OS 10_2_1 like Mac OS X) AppleWebKit/602.4.6 (KHTML, like Gecko) Coast/5.04.110603 Mobile/14D27 Safari/7534.48.3"
85.26.241.193 - - [22/Feb/2017:00:39:31 +0100] "GET /img/logo.png HTTP/1.1" 200 2870 "http://econbooks.ru/books/part/17604" "Mozilla/5.0 (iPhone; CPU iPhone OS 10_2_1 like Mac OS X) AppleWebKit/602.4.6 (KHTML, like Gecko) Coast/5.04.110603 Mobile/14D27 Safari/7534.48.3"
52.169.234.43 - - [22/Feb/2017:00:39:31 +0100] "GET /books/part/17604 HTTP/1.1" 200 38433 "-" "Mozilla/5.0 (Macintosh; U; PPC Mac OS X 10_5_8; ja-jp) AppleWebKit/533.20.25 (KHTML, like Gecko) Version/5.0.4 Safari/533.20.27"
212.8.236.60 - - [22/Feb/2017:00:39:32 +0100] "GET /books/part/17029 HTTP/1.1" 200 42070 "-" "HybridBot (hybrid.ru/about. If our bot caused problems please contact us. Contact email: m.lyashkov@targetix.net)"
66.249.64.144 - - [22/Feb/2017:00:39:37 +0100] "GET /books/part/17698 HTTP/1.1" 200 27843 "-" "Mozilla/5.0 (compatible; Googlebot/2.1; +http://www.google.com/bot.html)"
40.77.167.45 - - [22/Feb/2017:00:40:59 +0100] "GET /books/part/10999 HTTP/1.1" 200 43810 "-" "Mozilla/5.0 (compatible; bingbot/2.0; +http://www.bing.com/bingbot.htm)"
204.79.180.179 - - [22/Feb/2017:00:41:02 +0100] "GET /books/part/17793 HTTP/1.1" 200 14755 "-" "Mozilla/5.0 (compatible; MSIE 9.0; Windows NT 6.0; Trident/5.0;  Trident/5.0)"
204.79.180.249 - - [22/Feb/2017:00:41:03 +0100] "GET /js/md5-min.js HTTP/1.1" 200 5275 "http://econbooks.ru/books/part/17793" "Mozilla/5.0 (compatible; MSIE 9.0; Windows NT 6.0; Trident/5.0;  Trident/5.0)"
204.79.180.172 - - [22/Feb/2017:00:41:03 +0100] "GET /css/s.css HTTP/1.1" 200 228 "http://econbooks.ru/books/part/17793" "Mozilla/5.0 (compatible; MSIE 9.0; Windows NT 6.0; Trident/5.0;  Trident/5.0)"
204.79.180.186 - - [22/Feb/2017:00:41:03 +0100] "GET /js/jquery.js HTTP/1.1" 200 92635 "http://econbooks.ru/books/part/17793" "Mozilla/5.0 (compatible; MSIE 9.0; Windows NT 6.0; Trident/5.0;  Trident/5.0)"
204.79.180.142 - - [22/Feb/2017:00:41:04 +0100] "GET /css/bootstrap-responsive.css HTTP/1.1" 200 22111 "http://econbooks.ru/books/part/17793" "Mozilla/5.0 (compatible; MSIE 9.0; Windows NT 6.0; Trident/5.0;  Trident/5.0)"
204.79.180.219 - - [22/Feb/2017:00:41:03 +0100] "GET /css/bootstrap.css HTTP/1.1" 200 146970 "http://econbooks.ru/books/part/17793" "Mozilla/5.0 (compatible; MSIE 9.0; Windows NT 6.0; Trident/5.0;  Trident/5.0)"
204.79.180.161 - - [22/Feb/2017:00:41:04 +0100] "GET /js/bootstrap.min.js HTTP/1.1" 200 28538 "http://econbooks.ru/books/part/17793" "Mozilla/5.0 (compatible; MSIE 9.0; Windows NT 6.0; Trident/5.0;  Trident/5.0)"
204.79.180.138 - - [22/Feb/2017:00:41:06 +0100] "GET /js/html5shiv.js HTTP/1.1" 404 9145 "http://econbooks.ru/books/part/17793" "Mozilla/5.0 (compatible; MSIE 9.0; Windows NT 6.0; Trident/5.0;  Trident/5.0)"
46.229.61.16 - - [22/Feb/2017:00:41:31 +0100] "GET /books/part/5296 HTTP/1.1" 200 43792 "http://www.yandex.ua/clck/jsredir?from=www.yandex.ua%3Byandsearch%3Bweb%3B%3B&text=&etext=1339.l-KFDneFbabAASOBTlFjZ54kdM27-nP76sI4ABf7srRzY1iozgqJ-FyrXZbYuHm398Futv8-GeEUhf675KcLDC3iy96K45fF_6QqI3TIxD4.6cdbbb10fb09b8a422c153ab0857ed733964532a&uuid=&state=PEtFfuTeVD5kpHnK9lio9dFa2ePbDzX7fH_cbK-eu2V8J4cbFpzDXVHZJKQvpytSBi7SbuSahnTc4BEsgiAm4g&data=UlNrNmk5WktYejR0eWJFYk1LdmtxaTQ0SWtiQ0JRWVZmeTVNTlpFaUV5Y1hTb2tFVWYzSDNXS3JzLTVHenU2SzNRRWFlQmZPWXpwSURmUTczeFhuT01TOG1nU09hcnRrQW1PTk1ia3NzR2N2UnNNZlNQZVI0RE80amdrdTkzbzA&b64e=2&sign=ad9249528a5a10a6c3eede3f9765da2b&keyno=0&cst=AiuY0DBWFJ5Hyx_fyvalFOM5Ab1Zmj4k2uUQwwX_jqLxZtAnah1T90aNyUW86beA0Pjn1-pjksQp8T4kXhsuf0Pa4T38ItPL_aJR9vdBO7YPSj4J_U-D9yZi7AtDieVbJDZNfgF8Hv5xDs4Iv68YsXMyh4Fr4lLqfW4TW8deof5QeHvEmi3P__4ulrnIyAHb&ref=orjY4mGPRjlSKyJlbRuxUrM81v2Of8qOLBx_KLqAdr4EjMB13kJLzKqcP8ariX8TPOUgYJmvhgVW94VtzOUQOcPheZ-OHuj6EmK6BrLbuA1JJjQT8LeCAR8WtHT-XB-N7he2P5mojjieNUHdYJYVXuOriWNPfsWmFdahLa_yF31eTvyQNx8_knNF8sI3jc9dVXI6Dyo0meJXWYKXtJ8zxYcFHsd8fx0lqJwM-N4aOXr-Q9vOcObNCvM5K2S-jUWUsBxpMf0vB2EktLi3ARVub6VrJdeoV-mmQskH-XeLk7U&l10n=uk&cts=1487720493521&mc=3.787143960698142" "Opera/9.80 (Windows NT 5.1) Presto/2.12.388 Version/12.14"
46.229.61.16 - - [22/Feb/2017:00:41:31 +0100] "GET /css/s.css HTTP/1.1" 200 228 "http://econbooks.ru/books/part/5296" "Opera/9.80 (Windows NT 5.1) Presto/2.12.388 Version/12.14"
46.229.61.16 - - [22/Feb/2017:00:41:31 +0100] "GET /js/jquery.js HTTP/1.1" 200 92635 "http://econbooks.ru/books/part/5296" "Opera/9.80 (Windows NT 5.1) Presto/2.12.388 Version/12.14"
46.229.61.16 - - [22/Feb/2017:00:41:31 +0100] "GET /css/bootstrap.css HTTP/1.1" 200 146970 "http://econbooks.ru/books/part/5296" "Opera/9.80 (Windows NT 5.1) Presto/2.12.388 Version/12.14"
46.229.61.16 - - [22/Feb/2017:00:41:32 +0100] "GET /js/md5-min.js HTTP/1.1" 200 5275 "http://econbooks.ru/books/part/5296" "Opera/9.80 (Windows NT 5.1) Presto/2.12.388 Version/12.14"
46.229.61.16 - - [22/Feb/2017:00:41:32 +0100] "GET /css/bootstrap-responsive.css HTTP/1.1" 200 22111 "http://econbooks.ru/books/part/5296" "Opera/9.80 (Windows NT 5.1) Presto/2.12.388 Version/12.14"
46.229.61.16 - - [22/Feb/2017:00:41:33 +0100] "GET /img/logo.png HTTP/1.1" 200 2870 "http://econbooks.ru/books/part/5296" "Opera/9.80 (Windows NT 5.1) Presto/2.12.388 Version/12.14"
46.229.61.16 - - [22/Feb/2017:00:41:33 +0100] "GET /favicon.ico HTTP/1.1" 404 9141 "http://econbooks.ru/books/part/5296" "Opera/9.80 (Windows NT 5.1) Presto/2.12.388 Version/12.14"
66.249.89.67 - - [22/Feb/2017:00:41:34 +0100] "GET /books/part/5296 HTTP/1.1" 200 43792 "-" "Mediapartners-Google"
46.229.61.16 - - [22/Feb/2017:00:41:35 +0100] "GET /js/bootstrap.min.js HTTP/1.1" 200 28538 "http://econbooks.ru/books/part/5296" "Opera/9.80 (Windows NT 5.1) Presto/2.12.388 Version/12.14"
66.249.64.139 - - [22/Feb/2017:00:42:14 +0100] "GET /books/part/18491 HTTP/1.1" 200 15470 "-" "Mozilla/5.0 (compatible; Googlebot/2.1; +http://www.google.com/bot.html)"
157.55.39.239 - - [22/Feb/2017:00:42:17 +0100] "GET /books/part/13479 HTTP/1.1" 200 10662 "-" "Mozilla/5.0 (compatible; bingbot/2.0; +http://www.bing.com/bingbot.htm)"
130.193.51.64 - - [22/Feb/2017:00:43:25 +0100] "GET /books/part/20162 HTTP/1.1" 200 39327 "-" "Mozilla/5.0 (iPhone; CPU iPhone OS 8_1 like Mac OS X) AppleWebKit/600.1.4 (KHTML, like Gecko) Version/8.0 Mobile/12B411 Safari/600.1.4 (compatible; YandexMobileBot/3.0; +http://yandex.com/bots)"
40.77.167.128 - - [22/Feb/2017:00:43:37 +0100] "GET /books/part/17518 HTTP/1.1" 200 19043 "-" "Mozilla/5.0 (compatible; bingbot/2.0; +http://www.bing.com/bingbot.htm)"
109.162.81.31 - - [22/Feb/2017:00:44:38 +0100] "GET /books/part/228 HTTP/1.1" 200 14423 "http://yandex.ua/clck/jsredir?from=yandex.ua%3Bsearch%2F%3Bweb%3B%3B&text=&etext=1339.9aC5kn8HhNCrJCCCfmpsiX5XdUVOmusuy4hvMHa6n-S0uDM5YaFFZVP8mrT0vmqeTl4kyOfpm5L6a81TLZ14q_GYmeolGtumyNNnih_j-TIFGa-PHGF6wyqQouUidITV.43edb8aafb9cb2d46c211015aa3abbb3cf2fe97b&uuid=&state=PEtFfuTeVD5kpHnK9lio9dFa2ePbDzX7fH_cbK-eu2V8J4cbFpzDXS9pg3_VX0QdjCrETSvRn2Y-7D0p1XBAbg&data=UlNrNmk5WktYejR0eWJFYk1LdmtxaTQ0SWtiQ0JRWVZmeTVNTlpFaUV5Y1hTb2tFVWYzSDNTOXg1SExaZllQS0owVGtldnNFNDQ4R1VhcGc1bGE4blUzTlBONlNwenFOMVVySmVvczNILW9KNlJlczc4Y0podw&b64e=2&sign=0adaa9bdc371e9f6e1661d633a97bde1&keyno=0&cst=AiuY0DBWFJ4RhQyBNHa0i0am5aucr9qn5oWpu23NUQ8cd1bCBAJCnxESlUhSXHDwOHDRLf_Sfu9-1aa3c1f66ONJ9m-k3_wzdiQU9mj04R5Hlkhd7EYVLRNw0duj0xTGS7fSfE_MB1sZD7y_hGF827kTBm3K7EbFGcbi2gQVKeQiPd_CeiIQyA_bsan74wdw&ref=orjY4mGPRjmt1xzYuZsDZSKx6sHOF1RVmY08tb9pIaeZpnKMcjSeXzDCfzYyuBCoEhQtUKJgwK2ELyqmgIZZgM9Ve9D51c1Lh6MYHnr8l-bmePrXtSivUgwqM89Btdxgx418ue_Thobqz2sacjdBl0zZxoIUHjRTnglHH9P66mgKb5sMXrGltf9c1Y-D1vIe6sV6GxyL8hueaF1H_yVjjZdkPvH-cdhm8WdZ2wZgF5ipTpWUIiSTRvIKaOA02SY8jZmBuwWDXbJsCvu2UFl_XavuJwXRVNG0tgUWy5P9KjaBPto6i7Ixubhv361wVWlzCNpxykjT_fQgp6CmBmXrrhbE-Kp9iasVbrncvBayr0i5qeowEMD45sA4RLMxkO8Ov0cGaYTb6Hx4zmmvY2F1BNl_z_e5s4_O2fcCbhjz9YVhi5BdqCZ6my6DZPHkQ4Y6QIXO4tVRiJwuqU7CW43ymJNmcbqGlIzu7GPs4qJ048YvfCN39zyRFO4L09hTyVW35TLH985jQW_2h92oZB1Ohvv3nLQ1Fu1UBVUk2dfBpwzHx0OXeeJ1jznnEYUy8zQQNxI1PhMRFi9xcPaXNbi-k6BRiZPeYtjiZpyON5knlBA1dHQkxXCM_yebNxdYX5OeV8hnn-3GPflGdMMo_Wo_zHrRHupHvegW5g465QCqzlXxJAixNRP8F1okVrEfdwhf7jAtbQ7zg7jJTn8WjIQnNEEPQDRtlvUL&l10n=uk&cts=1487720681298&mc=4.98750040613921" "Mozilla/5.0 (Windows NT 6.1) AppleWebKit/537.36 (KHTML, like Gecko) Chrome/55.0.2883.95 YaBrowser/17.1.1.1004 Yowser/2.5 Safari/537.36"
109.162.81.31 - - [22/Feb/2017:00:44:38 +0100] "GET /css/s.css HTTP/1.1" 200 228 "http://econbooks.ru/books/part/228" "Mozilla/5.0 (Windows NT 6.1) AppleWebKit/537.36 (KHTML, like Gecko) Chrome/55.0.2883.95 YaBrowser/17.1.1.1004 Yowser/2.5 Safari/537.36"
109.162.81.31 - - [22/Feb/2017:00:44:38 +0100] "GET /js/md5-min.js HTTP/1.1" 200 5275 "http://econbooks.ru/books/part/228" "Mozilla/5.0 (Windows NT 6.1) AppleWebKit/537.36 (KHTML, like Gecko) Chrome/55.0.2883.95 YaBrowser/17.1.1.1004 Yowser/2.5 Safari/537.36"
109.162.81.31 - - [22/Feb/2017:00:44:38 +0100] "GET /css/bootstrap-responsive.css HTTP/1.1" 200 22111 "http://econbooks.ru/books/part/228" "Mozilla/5.0 (Windows NT 6.1) AppleWebKit/537.36 (KHTML, like Gecko) Chrome/55.0.2883.95 YaBrowser/17.1.1.1004 Yowser/2.5 Safari/537.36"
109.162.81.31 - - [22/Feb/2017:00:44:38 +0100] "GET /js/bootstrap.min.js HTTP/1.1" 200 28538 "http://econbooks.ru/books/part/228" "Mozilla/5.0 (Windows NT 6.1) AppleWebKit/537.36 (KHTML, like Gecko) Chrome/55.0.2883.95 YaBrowser/17.1.1.1004 Yowser/2.5 Safari/537.36"
109.162.81.31 - - [22/Feb/2017:00:44:38 +0100] "GET /js/jquery.js HTTP/1.1" 200 92635 "http://econbooks.ru/books/part/228" "Mozilla/5.0 (Windows NT 6.1) AppleWebKit/537.36 (KHTML, like Gecko) Chrome/55.0.2883.95 YaBrowser/17.1.1.1004 Yowser/2.5 Safari/537.36"
109.162.81.31 - - [22/Feb/2017:00:44:38 +0100] "GET /css/bootstrap.css HTTP/1.1" 200 146970 "http://econbooks.ru/books/part/228" "Mozilla/5.0 (Windows NT 6.1) AppleWebKit/537.36 (KHTML, like Gecko) Chrome/55.0.2883.95 YaBrowser/17.1.1.1004 Yowser/2.5 Safari/537.36"
109.162.81.31 - - [22/Feb/2017:00:44:39 +0100] "GET /img/logo.png HTTP/1.1" 200 2870 "http://econbooks.ru/css/s.css" "Mozilla/5.0 (Windows NT 6.1) AppleWebKit/537.36 (KHTML, like Gecko) Chrome/55.0.2883.95 YaBrowser/17.1.1.1004 Yowser/2.5 Safari/537.36"
109.162.81.31 - - [22/Feb/2017:00:44:40 +0100] "GET /favicon.ico HTTP/1.1" 404 9141 "-" "Mozilla/5.0 (Windows NT 6.1) AppleWebKit/537.36 (KHTML, like Gecko) Chrome/55.0.2883.95 YaBrowser/17.1.1.1004 Yowser/2.5 Safari/537.36"
109.162.81.31 - - [22/Feb/2017:00:44:43 +0100] "GET /favicon.ico HTTP/1.1" 404 9141 "http://econbooks.ru/books/part/228" "Mozilla/5.0 (Windows NT 6.1) AppleWebKit/537.36 (KHTML, like Gecko) Chrome/55.0.2883.95 YaBrowser/17.1.1.1004 Yowser/2.5 Safari/537.36"
46.147.160.24 - - [22/Feb/2017:00:45:19 +0100] "GET /books/part/20856 HTTP/1.1" 200 27193 "http://yandex.ru/clck/jsredir?from=yandex.ru%3Bsearch%2F%3Bweb%3B%3B&text=&etext=1339.q2DNtght7wJ_EYlXGUf5hTDJKgmsyK7hxcP7AUNyjDqcVvS-K1xYWTNqz06Ez3WMDhQ9_SW8EyQgyBoh3276vv226_V7Hk6WhhsNLzG8ejsAHNm1-NB2MNd4cFSdxrlv8XJMEh6tKXB15XT8DhrPN2RCDW2C_QuMILwFtpHrEGOrtdendA19H4KysUQ4AwbLP9Ng4SxQ4Zjg2Vin7FKIqQ.e159c2e8b0cc07c7a9fe18ea93f75d7737494538&uuid=&state=PEtFfuTeVD5kpHnK9lio9bb4iM1VPfe4W5x0C0-qwflIRTTifi6VAA&data=UlNrNmk5WktYejR0eWJFYk1LdmtxaTQ0SWtiQ0JRWVZmeTVNTlpFaUV5Y1hTb2tFVWYzSDNTOXg1SExaZllQS0lIOUtRemlIUlE2aWlycnhpV0h0NnZ2cEZOX1JNN2VESF9RUEc1aVlUYkxyeFZNR2ttSGFiUnR1LWthRGRyNnQ&b64e=2&sign=8c59cf895e702d986a89be53074de487&keyno=0&cst=AiuY0DBWFJ4CiF6OxvZkNNmCV3rgq4WqpWCvCZHfOcw1t3ZCHNPhHqDKXnMEWVSTzeNs_Fw9EYgDrzZVAs8PS50w2Fj-D8x8NY92n5rpw9CYMq5YIxdWXvMwaczhuiXcrHJl-CR10KQjPYwk9g9_7Es5ORe0JE4aE_LMwqTxlYe2hpAGOuLofRqKUutQFOmkb3-Htq3PoOi49VvfrgkTtUriOazSSZD5fMo_cnaiUrCp4ZE0wopf17xxF1pSLupbQFhFjr5lxcd0KCy66se8Uu74H9LFWheRzzM-tRc-JQCUq6r2R2jenuLH3gA0vqdsIbREVrPMKidhbRWA_hjKcJnPsTG4xPehaYrfylHqKm5jim5bbiyQ8e5KrTUF2kOdUl8BVuWMWUjH99CrxhF7PNpTAxwZvBYQquDFG4mTX5Xb66V8iRYQwYUENMv7BGCrUjCf_-H96QGSumEbDtcueO9qHGvtQ9mEkME5eq3BFZvypymyrP5OplivQnXzUk8OiB5iW3Ff2MagQOKreAQ858iqLy1MRC4nR5Ee7CNjqnLqLUJvuX-8OA&ref=orjY4mGPRjk5boDnW0uvlrrd71vZw9kpdkgrI1YUbkXxXhm-tjmlnmxv0pLak6XKqkjKkxwIWoxffJfkDzJQLLbA7xC2HVugNskNuV0vslHEyCiG0QijFIrO3bs2iFeIOHTCiwA4ZTlvKuRct68RGyjOXmlJ41ckhqJkg7Xb8yZq7krkmK-LlWG0zaTeAAhs7fQu-TmzS_fp50GN3kKdErrOYXbtvurcuYMw9DWH0W9hkBFvSWOyeSvHoSDMO8OGqvmLCplk0xq5aIdnaasd5W5vTYimyBI33p3MYucKTotrRJo_wdhKQe9Crgu4BEmEf9kTCcs5nCOFzYCDnonjpM0fS1M-s4bOYZjtH3gzkfjwyafBK6D0Gr792gAGTsHxOOnNtouVfeo3IccA_-AKzc0cnzNnNophIcP_PcicIveQUDLMWvhnLQeAHPWv83iREL5ROAn7-tge5VwGhXqE_WnNQfWSOL5jSmjciGWxOZqZIks0h9Z_AYU4lSjE5sGFaf0UFuRq9ZONuLZgAVo2YU8ifspxhKt98J_SMQkRdzPRoCP2lat1y7QwlSNLkR8K1MYRWo-nVkY&l10n=ru&cts=1487720717874&mc=3.7264741182543752" "Mozilla/5.0 (Windows NT 6.3; Win64; x64) AppleWebKit/537.36 (KHTML, like Gecko) Chrome/56.0.2924.87 Safari/537.36"
46.147.160.24 - - [22/Feb/2017:00:45:20 +0100] "GET /css/s.css HTTP/1.1" 200 228 "http://econbooks.ru/books/part/20856" "Mozilla/5.0 (Windows NT 6.3; Win64; x64) AppleWebKit/537.36 (KHTML, like Gecko) Chrome/56.0.2924.87 Safari/537.36"
46.147.160.24 - - [22/Feb/2017:00:45:20 +0100] "GET /js/md5-min.js HTTP/1.1" 200 5275 "http://econbooks.ru/books/part/20856" "Mozilla/5.0 (Windows NT 6.3; Win64; x64) AppleWebKit/537.36 (KHTML, like Gecko) Chrome/56.0.2924.87 Safari/537.36"
46.147.160.24 - - [22/Feb/2017:00:45:20 +0100] "GET /css/bootstrap-responsive.css HTTP/1.1" 200 22111 "http://econbooks.ru/books/part/20856" "Mozilla/5.0 (Windows NT 6.3; Win64; x64) AppleWebKit/537.36 (KHTML, like Gecko) Chrome/56.0.2924.87 Safari/537.36"
46.147.160.24 - - [22/Feb/2017:00:45:20 +0100] "GET /js/bootstrap.min.js HTTP/1.1" 200 28538 "http://econbooks.ru/books/part/20856" "Mozilla/5.0 (Windows NT 6.3; Win64; x64) AppleWebKit/537.36 (KHTML, like Gecko) Chrome/56.0.2924.87 Safari/537.36"
46.147.160.24 - - [22/Feb/2017:00:45:20 +0100] "GET /js/jquery.js HTTP/1.1" 200 92635 "http://econbooks.ru/books/part/20856" "Mozilla/5.0 (Windows NT 6.3; Win64; x64) AppleWebKit/537.36 (KHTML, like Gecko) Chrome/56.0.2924.87 Safari/537.36"
46.147.160.24 - - [22/Feb/2017:00:45:20 +0100] "GET /css/bootstrap.css HTTP/1.1" 200 146970 "http://econbooks.ru/books/part/20856" "Mozilla/5.0 (Windows NT 6.3; Win64; x64) AppleWebKit/537.36 (KHTML, like Gecko) Chrome/56.0.2924.87 Safari/537.36"
46.147.160.24 - - [22/Feb/2017:00:45:21 +0100] "GET /img/logo.png HTTP/1.1" 200 2870 "http://econbooks.ru/css/s.css" "Mozilla/5.0 (Windows NT 6.3; Win64; x64) AppleWebKit/537.36 (KHTML, like Gecko) Chrome/56.0.2924.87 Safari/537.36"
46.147.160.24 - - [22/Feb/2017:00:45:22 +0100] "GET /favicon.ico HTTP/1.1" 404 9141 "http://econbooks.ru/books/part/20856" "Mozilla/5.0 (Windows NT 6.3; Win64; x64) AppleWebKit/537.36 (KHTML, like Gecko) Chrome/56.0.2924.87 Safari/537.36"
178.164.44.65 - - [22/Feb/2017:00:45:30 +0100] "GET / HTTP/1.1" 200 27625 "-" "Mozilla/5.0 (Macintosh; Intel Mac OS X 10_11_6) AppleWebKit/602.2.14 (KHTML, like Gecko)"
178.164.44.65 - - [22/Feb/2017:00:45:30 +0100] "GET /apple-touch-icon-precomposed.png HTTP/1.1" 404 9162 "-" "Safari/11602.2.14.0.7 CFNetwork/760.6.3 Darwin/15.6.0 (x86_64)"
178.164.44.65 - - [22/Feb/2017:00:45:30 +0100] "GET /apple-touch-icon.png HTTP/1.1" 404 9150 "-" "Safari/11602.2.14.0.7 CFNetwork/760.6.3 Darwin/15.6.0 (x86_64)"
178.164.44.65 - - [22/Feb/2017:00:45:30 +0100] "GET /favicon.ico HTTP/1.1" 404 9141 "-" "Safari/11602.2.14.0.7 CFNetwork/760.6.3 Darwin/15.6.0 (x86_64)"
178.164.44.65 - - [22/Feb/2017:00:45:30 +0100] "GET /apple-touch-icon-precomposed.png HTTP/1.1" 404 9162 "-" "Safari/11602.2.14.0.7 CFNetwork/760.6.3 Darwin/15.6.0 (x86_64)"
