204.79.180.5 - - [22/Feb/2017:03:20:40 +0100] "GET /js/bootstrap.min.js HTTP/1.1" 200 28538 "http://econbooks.ru/books/part/19472" "Mozilla/5.0 (compatible; MSIE 9.0; Windows NT 6.0; Trident/5.0;  Trident/5.0)"
204.79.180.105 - - [22/Feb/2017:03:21:00 +0100] "GET /css/s.css HTTP/1.1" 200 228 "http://econbooks.ru/books/part/19472" "Mozilla/5.0 (compatible; MSIE 9.0; Windows NT 6.0; Trident/5.0;  Trident/5.0)"
204.79.180.164 - - [22/Feb/2017:03:21:00 +0100] "GET /js/jquery.js HTTP/1.1" 200 92635 "http://econbooks.ru/books/part/19472" "Mozilla/5.0 (compatible; MSIE 9.0; Windows NT 6.0; Trident/5.0;  Trident/5.0)"
204.79.180.126 - - [22/Feb/2017:03:21:02 +0100] "GET /js/html5shiv.js HTTP/1.1" 404 9145 "http://econbooks.ru/books/part/19472" "Mozilla/5.0 (compatible; MSIE 9.0; Windows NT 6.0; Trident/5.0;  Trident/5.0)"
204.79.180.197 - - [22/Feb/2017:03:21:19 +0100] "GET /books/part/3397 HTTP/1.1" 200 13029 "-" "Mozilla/5.0 (compatible; MSIE 9.0; Windows NT 6.1; Trident/5.0;  Trident/5.0)"
204.79.180.50 - - [22/Feb/2017:03:21:19 +0100] "GET /js/md5-min.js HTTP/1.1" 200 5275 "http://econbooks.ru/books/part/3397" "Mozilla/5.0 (compatible; MSIE 9.0; Windows NT 6.1; Trident/5.0;  Trident/5.0)"
204.79.180.66 - - [22/Feb/2017:03:21:19 +0100] "GET /css/s.css HTTP/1.1" 200 228 "http://econbooks.ru/books/part/3397" "Mozilla/5.0 (compatible; MSIE 9.0; Windows NT 6.1; Trident/5.0;  Trident/5.0)"
204.79.180.53 - - [22/Feb/2017:03:21:19 +0100] "GET /js/jquery.js HTTP/1.1" 200 92635 "http://econbooks.ru/books/part/3397" "Mozilla/5.0 (compatible; MSIE 9.0; Windows NT 6.1; Trident/5.0;  Trident/5.0)"
204.79.180.216 - - [22/Feb/2017:03:21:19 +0100] "GET /css/bootstrap.css HTTP/1.1" 200 146970 "http://econbooks.ru/books/part/3397" "Mozilla/5.0 (compatible; MSIE 9.0; Windows NT 6.1; Trident/5.0;  Trident/5.0)"
204.79.180.205 - - [22/Feb/2017:03:21:20 +0100] "GET /css/bootstrap-responsive.css HTTP/1.1" 200 22111 "http://econbooks.ru/books/part/3397" "Mozilla/5.0 (compatible; MSIE 9.0; Windows NT 6.1; Trident/5.0;  Trident/5.0)"
204.79.180.185 - - [22/Feb/2017:03:21:20 +0100] "GET /js/bootstrap.min.js HTTP/1.1" 200 28538 "http://econbooks.ru/books/part/3397" "Mozilla/5.0 (compatible; MSIE 9.0; Windows NT 6.1; Trident/5.0;  Trident/5.0)"
204.79.180.199 - - [22/Feb/2017:03:21:23 +0100] "GET /js/html5shiv.js HTTP/1.1" 404 9145 "http://econbooks.ru/books/part/3397" "Mozilla/5.0 (compatible; MSIE 9.0; Windows NT 6.1; Trident/5.0;  Trident/5.0)"
91.208.187.70 - - [22/Feb/2017:03:21:25 +0100] "GET /css/s.css HTTP/1.1" 200 228 "http://econbooks.ru/books/part/16441" "Mozilla/5.0 (Linux; Android 5.0.1; ZTE T320 Build/LRX21M) AppleWebKit/537.36 (KHTML, like Gecko) Chrome/55.0.2883.91 Mobile Safari/537.36"
91.208.187.70 - - [22/Feb/2017:03:21:26 +0100] "GET /js/md5-min.js HTTP/1.1" 200 5275 "http://econbooks.ru/books/part/16441" "Mozilla/5.0 (Linux; Android 5.0.1; ZTE T320 Build/LRX21M) AppleWebKit/537.36 (KHTML, like Gecko) Chrome/55.0.2883.91 Mobile Safari/537.36"
91.208.187.70 - - [22/Feb/2017:03:21:24 +0100] "GET /books/part/16441 HTTP/1.1" 200 38674 "http://www.google.ru/" "Mozilla/5.0 (Linux; Android 5.0.1; ZTE T320 Build/LRX21M) AppleWebKit/537.36 (KHTML, like Gecko) Chrome/55.0.2883.91 Mobile Safari/537.36"
91.208.187.70 - - [22/Feb/2017:03:21:26 +0100] "GET /css/bootstrap-responsive.css HTTP/1.1" 200 22111 "http://econbooks.ru/books/part/16441" "Mozilla/5.0 (Linux; Android 5.0.1; ZTE T320 Build/LRX21M) AppleWebKit/537.36 (KHTML, like Gecko) Chrome/55.0.2883.91 Mobile Safari/537.36"
89.187.142.208 - - [22/Feb/2017:03:21:38 +0100] "GET / HTTP/1.1" 200 27625 "http://econbooks.ru/" "Mozilla/5.0 (compatible; MSIE 10.0; Windows NT 6.1; Trident/6.0)"
40.77.167.128 - - [22/Feb/2017:03:21:40 +0100] "GET /books/part/15617 HTTP/1.1" 200 11938 "-" "Mozilla/5.0 (compatible; bingbot/2.0; +http://www.bing.com/bingbot.htm)"
91.208.187.70 - - [22/Feb/2017:03:21:26 +0100] "GET /js/jquery.js HTTP/1.1" 200 92635 "http://econbooks.ru/books/part/16441" "Mozilla/5.0 (Linux; Android 5.0.1; ZTE T320 Build/LRX21M) AppleWebKit/537.36 (KHTML, like Gecko) Chrome/55.0.2883.91 Mobile Safari/537.36"
157.55.39.239 - - [22/Feb/2017:03:21:51 +0100] "GET /books/part/20170 HTTP/1.1" 200 35828 "-" "Mozilla/5.0 (compatible; bingbot/2.0; +http://www.bing.com/bingbot.htm)"
163.172.64.254 - - [22/Feb/2017:03:22:14 +0100] "GET /books/part/21646 HTTP/1.1" 200 10712 "-" "Mozilla/5.0 (compatible; AhrefsBot/5.2; +http://ahrefs.com/robot/)"
217.69.134.11 - - [22/Feb/2017:03:22:30 +0100] "GET /sitemap.xml HTTP/1.1" 304 0 "-" "Mozilla/5.0 (compatible; Linux x86_64; Mail.RU_Bot/Fast/2.0; +http://go.mail.ru/help/robots)"
91.208.187.70 - - [22/Feb/2017:03:21:27 +0100] "GET /css/bootstrap.css HTTP/1.1" 200 146970 "http://econbooks.ru/books/part/16441" "Mozilla/5.0 (Linux; Android 5.0.1; ZTE T320 Build/LRX21M) AppleWebKit/537.36 (KHTML, like Gecko) Chrome/55.0.2883.91 Mobile Safari/537.36"
207.46.13.214 - - [22/Feb/2017:03:22:32 +0100] "GET /robots.txt HTTP/1.1" 200 74 "-" "Mozilla/5.0 (compatible; bingbot/2.0; +http://www.bing.com/bingbot.htm)"
91.208.187.70 - - [22/Feb/2017:03:22:33 +0100] "GET /img/logo.png HTTP/1.1" 200 2870 "http://econbooks.ru/css/s.css" "Mozilla/5.0 (Linux; Android 5.0.1; ZTE T320 Build/LRX21M) AppleWebKit/537.36 (KHTML, like Gecko) Chrome/55.0.2883.91 Mobile Safari/537.36"
91.208.187.70 - - [22/Feb/2017:03:22:33 +0100] "GET /img/glyphicons-halflings.png HTTP/1.1" 200 12799 "http://econbooks.ru/css/bootstrap.css" "Mozilla/5.0 (Linux; Android 5.0.1; ZTE T320 Build/LRX21M) AppleWebKit/537.36 (KHTML, like Gecko) Chrome/55.0.2883.91 Mobile Safari/537.36"
157.55.39.239 - - [22/Feb/2017:03:22:35 +0100] "GET /books/part/16862 HTTP/1.1" 200 18711 "-" "Mozilla/5.0 (compatible; bingbot/2.0; +http://www.bing.com/bingbot.htm)"
66.249.89.72 - - [22/Feb/2017:03:22:39 +0100] "GET /books/part/16441 HTTP/1.1" 200 38674 "-" "Mediapartners-Google"
46.251.194.12 - - [22/Feb/2017:03:22:51 +0100] "GET /css/s.css HTTP/1.1" 200 228 "https://www.google.com/" "Mozilla/5.0 (Linux; Android 4.4.2; SM-G800H Build/KOT49H) AppleWebKit/537.36 (KHTML, like Gecko) Chrome/55.0.2883.91 Mobile Safari/537.36"
46.251.194.12 - - [22/Feb/2017:03:22:51 +0100] "GET /js/md5-min.js HTTP/1.1" 200 5275 "https://www.google.com/" "Mozilla/5.0 (Linux; Android 4.4.2; SM-G800H Build/KOT49H) AppleWebKit/537.36 (KHTML, like Gecko) Chrome/55.0.2883.91 Mobile Safari/537.36"
46.251.194.12 - - [22/Feb/2017:03:22:51 +0100] "GET /books/part/6900 HTTP/1.1" 200 27597 "https://www.google.com/" "Mozilla/5.0 (Linux; Android 4.4.2; SM-G800H Build/KOT49H) AppleWebKit/537.36 (KHTML, like Gecko) Chrome/55.0.2883.91 Mobile Safari/537.36"
46.251.194.12 - - [22/Feb/2017:03:22:51 +0100] "GET /css/bootstrap-responsive.css HTTP/1.1" 200 22111 "https://www.google.com/" "Mozilla/5.0 (Linux; Android 4.4.2; SM-G800H Build/KOT49H) AppleWebKit/537.36 (KHTML, like Gecko) Chrome/55.0.2883.91 Mobile Safari/537.36"
46.251.194.12 - - [22/Feb/2017:03:22:51 +0100] "GET /css/bootstrap.css HTTP/1.1" 200 146970 "https://www.google.com/" "Mozilla/5.0 (Linux; Android 4.4.2; SM-G800H Build/KOT49H) AppleWebKit/537.36 (KHTML, like Gecko) Chrome/55.0.2883.91 Mobile Safari/537.36"
46.251.194.12 - - [22/Feb/2017:03:22:52 +0100] "GET /js/bootstrap.min.js HTTP/1.1" 200 28538 "http://econbooks.ru/books/part/6900" "Mozilla/5.0 (Linux; Android 4.4.2; SM-G800H Build/KOT49H) AppleWebKit/537.36 (KHTML, like Gecko) Chrome/55.0.2883.91 Mobile Safari/537.36"
46.251.194.12 - - [22/Feb/2017:03:22:52 +0100] "GET /js/jquery.js HTTP/1.1" 200 92635 "http://econbooks.ru/books/part/6900" "Mozilla/5.0 (Linux; Android 4.4.2; SM-G800H Build/KOT49H) AppleWebKit/537.36 (KHTML, like Gecko) Chrome/55.0.2883.91 Mobile Safari/537.36"
46.251.194.12 - - [22/Feb/2017:03:22:54 +0100] "GET /img/glyphicons-halflings.png HTTP/1.1" 200 12799 "http://econbooks.ru/css/bootstrap.css" "Mozilla/5.0 (Linux; Android 4.4.2; SM-G800H Build/KOT49H) AppleWebKit/537.36 (KHTML, like Gecko) Chrome/55.0.2883.91 Mobile Safari/537.36"
46.251.194.12 - - [22/Feb/2017:03:22:54 +0100] "GET /img/logo.png HTTP/1.1" 200 2870 "http://econbooks.ru/css/s.css" "Mozilla/5.0 (Linux; Android 4.4.2; SM-G800H Build/KOT49H) AppleWebKit/537.36 (KHTML, like Gecko) Chrome/55.0.2883.91 Mobile Safari/537.36"
91.208.187.70 - - [22/Feb/2017:03:21:33 +0100] "GET /js/bootstrap.min.js HTTP/1.1" 200 28538 "http://econbooks.ru/books/part/16441" "Mozilla/5.0 (Linux; Android 5.0.1; ZTE T320 Build/LRX21M) AppleWebKit/537.36 (KHTML, like Gecko) Chrome/55.0.2883.91 Mobile Safari/537.36"
46.251.194.12 - - [22/Feb/2017:03:23:08 +0100] "GET /favicon.ico HTTP/1.1" 404 9141 "http://econbooks.ru/books/part/6900" "Mozilla/5.0 (Linux; Android 4.4.2; SM-G800H Build/KOT49H) AppleWebKit/537.36 (KHTML, like Gecko) Chrome/55.0.2883.91 Mobile Safari/537.36"
66.249.64.139 - - [22/Feb/2017:03:23:49 +0100] "GET /books/part/18878 HTTP/1.1" 200 23274 "-" "Mozilla/5.0 (compatible; Googlebot/2.1; +http://www.google.com/bot.html)"
31.173.242.86 - - [22/Feb/2017:03:23:49 +0100] "GET /books/part/19546 HTTP/1.1" 200 27521 "https://www.google.ru/" "Mozilla/5.0 (iPhone; CPU iPhone OS 10_2 like Mac OS X) AppleWebKit/602.3.12 (KHTML, like Gecko) Version/10.0 Mobile/14C92 Safari/602.1"
31.173.242.86 - - [22/Feb/2017:03:23:50 +0100] "GET /css/s.css HTTP/1.1" 200 228 "http://econbooks.ru/books/part/19546" "Mozilla/5.0 (iPhone; CPU iPhone OS 10_2 like Mac OS X) AppleWebKit/602.3.12 (KHTML, like Gecko) Version/10.0 Mobile/14C92 Safari/602.1"
31.173.242.86 - - [22/Feb/2017:03:23:50 +0100] "GET /js/md5-min.js HTTP/1.1" 200 5275 "http://econbooks.ru/books/part/19546" "Mozilla/5.0 (iPhone; CPU iPhone OS 10_2 like Mac OS X) AppleWebKit/602.3.12 (KHTML, like Gecko) Version/10.0 Mobile/14C92 Safari/602.1"
31.173.242.86 - - [22/Feb/2017:03:23:50 +0100] "GET /js/jquery.js HTTP/1.1" 200 92635 "http://econbooks.ru/books/part/19546" "Mozilla/5.0 (iPhone; CPU iPhone OS 10_2 like Mac OS X) AppleWebKit/602.3.12 (KHTML, like Gecko) Version/10.0 Mobile/14C92 Safari/602.1"
31.173.242.86 - - [22/Feb/2017:03:23:50 +0100] "GET /css/bootstrap.css HTTP/1.1" 200 146970 "http://econbooks.ru/books/part/19546" "Mozilla/5.0 (iPhone; CPU iPhone OS 10_2 like Mac OS X) AppleWebKit/602.3.12 (KHTML, like Gecko) Version/10.0 Mobile/14C92 Safari/602.1"
31.173.242.86 - - [22/Feb/2017:03:23:51 +0100] "GET /js/bootstrap.min.js HTTP/1.1" 200 28538 "http://econbooks.ru/books/part/19546" "Mozilla/5.0 (iPhone; CPU iPhone OS 10_2 like Mac OS X) AppleWebKit/602.3.12 (KHTML, like Gecko) Version/10.0 Mobile/14C92 Safari/602.1"
31.173.242.86 - - [22/Feb/2017:03:23:51 +0100] "GET /css/bootstrap-responsive.css HTTP/1.1" 200 22111 "http://econbooks.ru/books/part/19546" "Mozilla/5.0 (iPhone; CPU iPhone OS 10_2 like Mac OS X) AppleWebKit/602.3.12 (KHTML, like Gecko) Version/10.0 Mobile/14C92 Safari/602.1"
31.173.242.86 - - [22/Feb/2017:03:23:51 +0100] "GET /img/logo.png HTTP/1.1" 200 2870 "http://econbooks.ru/books/part/19546" "Mozilla/5.0 (iPhone; CPU iPhone OS 10_2 like Mac OS X) AppleWebKit/602.3.12 (KHTML, like Gecko) Version/10.0 Mobile/14C92 Safari/602.1"
31.173.242.86 - - [22/Feb/2017:03:23:51 +0100] "GET /img/glyphicons-halflings.png HTTP/1.1" 200 12799 "http://econbooks.ru/books/part/19546" "Mozilla/5.0 (iPhone; CPU iPhone OS 10_2 like Mac OS X) AppleWebKit/602.3.12 (KHTML, like Gecko) Version/10.0 Mobile/14C92 Safari/602.1"
52.169.234.43 - - [22/Feb/2017:03:23:52 +0100] "GET /books/part/19546 HTTP/1.1" 200 27521 "-" "Mozilla/4.0 (compatible; MSIE 7.0; Windows NT 5.1; GTB6.5; .NET CLR 1.1.4322; .NET CLR 2.0.50727; .NET CLR 3.0.4506.2152; .NET CLR 3.5.30729; Lunascape 6.2.0.22177)"
66.249.89.72 - - [22/Feb/2017:03:23:52 +0100] "GET /books/part/19546 HTTP/1.1" 200 27521 "-" "Mediapartners-Google"
217.118.79.44 - - [22/Feb/2017:03:24:01 +0100] "GET /js/md5-min.js HTTP/1.1" 200 5275 "https://www.google.ru/" "Mozilla/5.0 (Linux; Android 5.0.2; Lenovo A6010 Build/LRX22G) AppleWebKit/537.36 (KHTML, like Gecko) Chrome/55.0.2883.91 Mobile Safari/537.36"
217.118.79.44 - - [22/Feb/2017:03:24:01 +0100] "GET /css/s.css HTTP/1.1" 200 228 "https://www.google.ru/" "Mozilla/5.0 (Linux; Android 5.0.2; Lenovo A6010 Build/LRX22G) AppleWebKit/537.36 (KHTML, like Gecko) Chrome/55.0.2883.91 Mobile Safari/537.36"
217.118.79.44 - - [22/Feb/2017:03:24:01 +0100] "GET /css/bootstrap-responsive.css HTTP/1.1" 200 22111 "https://www.google.ru/" "Mozilla/5.0 (Linux; Android 5.0.2; Lenovo A6010 Build/LRX22G) AppleWebKit/537.36 (KHTML, like Gecko) Chrome/55.0.2883.91 Mobile Safari/537.36"
217.118.79.44 - - [22/Feb/2017:03:24:01 +0100] "GET /books/part/18406 HTTP/1.1" 200 15398 "https://www.google.ru/" "Mozilla/5.0 (Linux; Android 5.0.2; Lenovo A6010 Build/LRX22G) AppleWebKit/537.36 (KHTML, like Gecko) Chrome/55.0.2883.91 Mobile Safari/537.36"
217.118.79.44 - - [22/Feb/2017:03:24:01 +0100] "GET /css/bootstrap.css HTTP/1.1" 200 146970 "https://www.google.ru/" "Mozilla/5.0 (Linux; Android 5.0.2; Lenovo A6010 Build/LRX22G) AppleWebKit/537.36 (KHTML, like Gecko) Chrome/55.0.2883.91 Mobile Safari/537.36"
217.118.79.44 - - [22/Feb/2017:03:24:02 +0100] "GET /js/bootstrap.min.js HTTP/1.1" 200 28538 "http://econbooks.ru/books/part/18406" "Mozilla/5.0 (Linux; Android 5.0.2; Lenovo A6010 Build/LRX22G) AppleWebKit/537.36 (KHTML, like Gecko) Chrome/55.0.2883.91 Mobile Safari/537.36"
217.118.79.44 - - [22/Feb/2017:03:24:02 +0100] "GET /js/jquery.js HTTP/1.1" 200 92635 "http://econbooks.ru/books/part/18406" "Mozilla/5.0 (Linux; Android 5.0.2; Lenovo A6010 Build/LRX22G) AppleWebKit/537.36 (KHTML, like Gecko) Chrome/55.0.2883.91 Mobile Safari/537.36"
217.118.79.44 - - [22/Feb/2017:03:24:03 +0100] "GET /img/logo.png HTTP/1.1" 200 2870 "http://econbooks.ru/css/s.css" "Mozilla/5.0 (Linux; Android 5.0.2; Lenovo A6010 Build/LRX22G) AppleWebKit/537.36 (KHTML, like Gecko) Chrome/55.0.2883.91 Mobile Safari/537.36"
217.118.79.44 - - [22/Feb/2017:03:24:03 +0100] "GET /img/glyphicons-halflings.png HTTP/1.1" 200 12799 "http://econbooks.ru/css/bootstrap.css" "Mozilla/5.0 (Linux; Android 5.0.2; Lenovo A6010 Build/LRX22G) AppleWebKit/537.36 (KHTML, like Gecko) Chrome/55.0.2883.91 Mobile Safari/537.36"
217.118.79.44 - - [22/Feb/2017:03:24:09 +0100] "GET /favicon.ico HTTP/1.1" 404 9141 "http://econbooks.ru/books/part/18406" "Mozilla/5.0 (Linux; Android 5.0.2; Lenovo A6010 Build/LRX22G) AppleWebKit/537.36 (KHTML, like Gecko) Chrome/55.0.2883.91 Mobile Safari/537.36"
95.213.218.35 - - [22/Feb/2017:03:24:15 +0100] "GET /img/glyphicons-halflings.png HTTP/1.1" 304 0 "http://econbooks.ru/books/part/17473" "Mozilla/5.0 (Linux; U; Android 7.0; en-US; F8131 Build/39.2.A.0.386) AppleWebKit/534.30 (KHTML, like Gecko) Version/4.0 UCBrowser/11.2.0.915 U3/0.8.0 Mobile Safari/534.30"
95.213.218.35 - - [22/Feb/2017:03:24:15 +0100] "GET /img/logo.png HTTP/1.1" 304 0 "http://econbooks.ru/books/part/17473" "Mozilla/5.0 (Linux; U; Android 7.0; en-US; F8131 Build/39.2.A.0.386) AppleWebKit/534.30 (KHTML, like Gecko) Version/4.0 UCBrowser/11.2.0.915 U3/0.8.0 Mobile Safari/534.30"
207.46.13.214 - - [22/Feb/2017:03:24:31 +0100] "GET /robots.txt HTTP/1.1" 301 320 "-" "Mozilla/5.0 (compatible; bingbot/2.0; +http://www.bing.com/bingbot.htm)"
207.46.13.214 - - [22/Feb/2017:03:24:32 +0100] "GET /robots.txt HTTP/1.1" 200 74 "-" "Mozilla/5.0 (compatible; bingbot/2.0; +http://www.bing.com/bingbot.htm)"
40.77.167.128 - - [22/Feb/2017:03:24:39 +0100] "GET /books/part/2446 HTTP/1.1" 301 325 "-" "msnbot-media/1.1 (+http://search.msn.com/msnbot.htm)"
40.77.167.45 - - [22/Feb/2017:03:24:41 +0100] "GET /books/part/21432 HTTP/1.1" 200 27066 "-" "Mozilla/5.0 (compatible; bingbot/2.0; +http://www.bing.com/bingbot.htm)"
95.213.218.35 - - [22/Feb/2017:03:24:56 +0100] "GET /favicon.ico HTTP/1.1" 404 9141 "http://econbooks.ru/books/part/17473" "Mozilla/5.0 (Linux; U; Android 7.0; en-US; F8131 Build/39.2.A.0.386) AppleWebKit/534.30 (KHTML, like Gecko) Version/4.0 UCBrowser/11.2.0.915 U3/0.8.0 Mobile Safari/534.30"
40.77.167.45 - - [22/Feb/2017:03:24:56 +0100] "GET /books/part/17821 HTTP/1.1" 200 18090 "-" "Mozilla/5.0 (compatible; bingbot/2.0; +http://www.bing.com/bingbot.htm)"
40.77.167.45 - - [22/Feb/2017:03:25:23 +0100] "GET /books/part/20188 HTTP/1.1" 200 42639 "-" "Mozilla/5.0 (compatible; bingbot/2.0; +http://www.bing.com/bingbot.htm)"
40.77.167.90 - - [22/Feb/2017:03:25:33 +0100] "GET /books/part/21306 HTTP/1.1" 200 42107 "-" "Mozilla/5.0 (compatible; bingbot/2.0; +http://www.bing.com/bingbot.htm)"
5.18.234.215 - - [22/Feb/2017:03:27:11 +0100] "GET /books/part/21889 HTTP/1.1" 200 31408 "-" "Mozilla/5.0 (Windows NT 6.3; WOW64) AppleWebKit/537.36 (KHTML, like Gecko) Chrome/56.0.2924.76 Safari/537.36 OPR/43.0.2442.806"
5.18.234.215 - - [22/Feb/2017:03:27:11 +0100] "GET /favicon.ico HTTP/1.1" 404 9141 "-" "Mozilla/5.0 (Windows NT 6.3; WOW64) AppleWebKit/537.36 (KHTML, like Gecko) Chrome/56.0.2924.76 Safari/537.36 OPR/43.0.2442.806"
93.158.152.76 - - [22/Feb/2017:03:27:15 +0100] "GET /books/part/20436 HTTP/1.1" 200 19153 "-" "Mozilla/5.0 (iPhone; CPU iPhone OS 8_1 like Mac OS X) AppleWebKit/600.1.4 (KHTML, like Gecko) Version/8.0 Mobile/12B411 Safari/600.1.4 (compatible; YandexMobileBot/3.0; +http://yandex.com/bots)"
176.194.52.95 - - [22/Feb/2017:03:27:25 +0100] "GET /books/part/11922 HTTP/1.1" 200 44067 "http://yandex.ru/clck/jsredir?from=yandex.ru%3Bsearch%3Bweb%3B%3B&text=&etext=1339.sOksArczh1wNh2-MtwI06aHfzLR21Z-ka2aiHiGEIPgOq00fkZqJZMTY2BAqu-mw.b9806a5afaafb00b4f6971e39b58003353996b8c&uuid=&state=_BLhILn4SxNIvvL0W45KSic66uCIg23qh8iRG98qeIXmeppkgUc0YKCJkrjchpDstTwxTkjwGrA&data=UlNrNmk5WktYejR0eWJFYk1LdmtxaTQ0SWtiQ0JRWVZmeTVNTlpFaUV5Y1hTb2tFVWYzSDNUNjZWUmtQVTBmNWw0bm1ETWt6azZkVXRvQmszdWctTHNCUG1ScldXZldWc240TEw0MlBZdk9hS19fclZ1N0pjYm5wS1NZRWlIREY&b64e=2&sign=cd42cc33b2170fa0b399039dc7f1dc2a&keyno=0&cst=AiuY0DBWFJ7IXge4WdYJQYuwSQLovbTTJA1lAh7amI0a0grt1yKg_hpNFdG4oMHPKVjNFP1Gx_4KXHjkTUD43DKPmBsy2-cN_C0ff1PNKI3h8maYo1kI-GHC8y8RU4HiCTFo5xRoYy6XMNiammzwCSH5pM5hmF-C&ref=orjY4mGPRjk5boDnW0uvlrrd71vZw9kp5uQozpMtKCWLmUMpz38pRPczgEwFksQCAqm-p2-JnO-4MBGNdgENy-9AfB24hZHbwuimpLBTPZ35yyun1ESaNA&l10n=ru&cts=1487730185605&mc=6.77151625061" "Mozilla/5.0 (Windows NT 6.1; WOW64) AppleWebKit/537.36 (KHTML, like Gecko) Chrome/28.0.1500.95 YaBrowser/13.10.1500.9323 Safari/537.36"
176.194.52.95 - - [22/Feb/2017:03:27:25 +0100] "GET /css/s.css HTTP/1.1" 200 228 "http://econbooks.ru/books/part/11922" "Mozilla/5.0 (Windows NT 6.1; WOW64) AppleWebKit/537.36 (KHTML, like Gecko) Chrome/28.0.1500.95 YaBrowser/13.10.1500.9323 Safari/537.36"
176.194.52.95 - - [22/Feb/2017:03:27:25 +0100] "GET /js/md5-min.js HTTP/1.1" 200 5275 "http://econbooks.ru/books/part/11922" "Mozilla/5.0 (Windows NT 6.1; WOW64) AppleWebKit/537.36 (KHTML, like Gecko) Chrome/28.0.1500.95 YaBrowser/13.10.1500.9323 Safari/537.36"
176.194.52.95 - - [22/Feb/2017:03:27:25 +0100] "GET /css/bootstrap-responsive.css HTTP/1.1" 200 22111 "http://econbooks.ru/books/part/11922" "Mozilla/5.0 (Windows NT 6.1; WOW64) AppleWebKit/537.36 (KHTML, like Gecko) Chrome/28.0.1500.95 YaBrowser/13.10.1500.9323 Safari/537.36"
176.194.52.95 - - [22/Feb/2017:03:27:25 +0100] "GET /js/bootstrap.min.js HTTP/1.1" 200 28538 "http://econbooks.ru/books/part/11922" "Mozilla/5.0 (Windows NT 6.1; WOW64) AppleWebKit/537.36 (KHTML, like Gecko) Chrome/28.0.1500.95 YaBrowser/13.10.1500.9323 Safari/537.36"
176.194.52.95 - - [22/Feb/2017:03:27:25 +0100] "GET /js/jquery.js HTTP/1.1" 200 92635 "http://econbooks.ru/books/part/11922" "Mozilla/5.0 (Windows NT 6.1; WOW64) AppleWebKit/537.36 (KHTML, like Gecko) Chrome/28.0.1500.95 YaBrowser/13.10.1500.9323 Safari/537.36"
176.194.52.95 - - [22/Feb/2017:03:27:25 +0100] "GET /css/bootstrap.css HTTP/1.1" 200 146970 "http://econbooks.ru/books/part/11922" "Mozilla/5.0 (Windows NT 6.1; WOW64) AppleWebKit/537.36 (KHTML, like Gecko) Chrome/28.0.1500.95 YaBrowser/13.10.1500.9323 Safari/537.36"
176.194.52.95 - - [22/Feb/2017:03:27:26 +0100] "GET /img/logo.png HTTP/1.1" 200 2870 "http://econbooks.ru/books/part/11922" "Mozilla/5.0 (Windows NT 6.1; WOW64) AppleWebKit/537.36 (KHTML, like Gecko) Chrome/28.0.1500.95 YaBrowser/13.10.1500.9323 Safari/537.36"
163.172.66.52 - - [22/Feb/2017:03:27:29 +0100] "GET /books/part/17605 HTTP/1.1" 200 17828 "-" "Mozilla/5.0 (compatible; AhrefsBot/5.2; +http://ahrefs.com/robot/)"
176.194.52.95 - - [22/Feb/2017:03:27:37 +0100] "GET /img/glyphicons-halflings.png HTTP/1.1" 200 12799 "http://econbooks.ru/books/part/11922" "Mozilla/5.0 (Windows NT 6.1; WOW64) AppleWebKit/537.36 (KHTML, like Gecko) Chrome/28.0.1500.95 YaBrowser/13.10.1500.9323 Safari/537.36"
89.145.95.77 - - [22/Feb/2017:03:27:57 +0100] "GET /books/part/11922 HTTP/1.1" 200 44067 "-" "Mozilla/5.0 (compatible; GrapeshotCrawler/2.0; +http://www.grapeshot.co.uk/crawler.php)"
119.40.97.94 - - [22/Feb/2017:03:28:17 +0100] "GET /books/part/15806 HTTP/1.1" 200 37605 "https://www.google.mn/" "Mozilla/5.0 (Windows NT 10.0; Win64; x64) AppleWebKit/537.36 (KHTML, like Gecko) Chrome/56.0.2924.87 Safari/537.36"
119.40.97.94 - - [22/Feb/2017:03:28:18 +0100] "GET /css/s.css HTTP/1.1" 200 228 "http://econbooks.ru/books/part/15806" "Mozilla/5.0 (Windows NT 10.0; Win64; x64) AppleWebKit/537.36 (KHTML, like Gecko) Chrome/56.0.2924.87 Safari/537.36"
119.40.97.94 - - [22/Feb/2017:03:28:18 +0100] "GET /js/md5-min.js HTTP/1.1" 200 5275 "http://econbooks.ru/books/part/15806" "Mozilla/5.0 (Windows NT 10.0; Win64; x64) AppleWebKit/537.36 (KHTML, like Gecko) Chrome/56.0.2924.87 Safari/537.36"
119.40.97.94 - - [22/Feb/2017:03:28:18 +0100] "GET /css/bootstrap-responsive.css HTTP/1.1" 200 22111 "http://econbooks.ru/books/part/15806" "Mozilla/5.0 (Windows NT 10.0; Win64; x64) AppleWebKit/537.36 (KHTML, like Gecko) Chrome/56.0.2924.87 Safari/537.36"
119.40.97.94 - - [22/Feb/2017:03:28:18 +0100] "GET /js/bootstrap.min.js HTTP/1.1" 200 28538 "http://econbooks.ru/books/part/15806" "Mozilla/5.0 (Windows NT 10.0; Win64; x64) AppleWebKit/537.36 (KHTML, like Gecko) Chrome/56.0.2924.87 Safari/537.36"
119.40.97.94 - - [22/Feb/2017:03:28:18 +0100] "GET /js/jquery.js HTTP/1.1" 200 92635 "http://econbooks.ru/books/part/15806" "Mozilla/5.0 (Windows NT 10.0; Win64; x64) AppleWebKit/537.36 (KHTML, like Gecko) Chrome/56.0.2924.87 Safari/537.36"
119.40.97.94 - - [22/Feb/2017:03:28:18 +0100] "GET /css/bootstrap.css HTTP/1.1" 200 146970 "http://econbooks.ru/books/part/15806" "Mozilla/5.0 (Windows NT 10.0; Win64; x64) AppleWebKit/537.36 (KHTML, like Gecko) Chrome/56.0.2924.87 Safari/537.36"
119.40.97.94 - - [22/Feb/2017:03:28:18 +0100] "GET /img/logo.png HTTP/1.1" 200 2870 "http://econbooks.ru/css/s.css" "Mozilla/5.0 (Windows NT 10.0; Win64; x64) AppleWebKit/537.36 (KHTML, like Gecko) Chrome/56.0.2924.87 Safari/537.36"
119.40.97.94 - - [22/Feb/2017:03:28:22 +0100] "GET /favicon.ico HTTP/1.1" 404 9141 "http://econbooks.ru/books/part/15806" "Mozilla/5.0 (Windows NT 10.0; Win64; x64) AppleWebKit/537.36 (KHTML, like Gecko) Chrome/56.0.2924.87 Safari/537.36"
13.85.82.164 - - [22/Feb/2017:03:28:48 +0100] "GET /?author=1 HTTP/1.0" 200 27625 "-" "Googlebot/2.1 (+http://www.google.com/bot.html)"
66.249.64.134 - - [22/Feb/2017:03:29:01 +0100] "GET /books/part/19476 HTTP/1.1" 200 20310 "-" "Mozilla/5.0 (compatible; Googlebot/2.1; +http://www.google.com/bot.html)"
40.77.167.90 - - [22/Feb/2017:03:29:21 +0100] "GET /books/part/20922 HTTP/1.1" 200 24858 "-" "Mozilla/5.0 (compatible; bingbot/2.0; +http://www.bing.com/bingbot.htm)"
95.108.129.196 - - [22/Feb/2017:03:30:29 +0100] "GET / HTTP/1.1" 200 27625 "-" "Mozilla/5.0 (compatible; YandexMetrika/2.0; +http://yandex.com/bots mtmon01e.yandex.ru)"
95.159.149.104 - - [22/Feb/2017:03:30:45 +0100] "GET /books/part/1530 HTTP/1.1" 200 25353 "https://www.google.ru/" "Mozilla/5.0 (Windows NT 5.1) AppleWebKit/537.36 (KHTML, like Gecko) Chrome/49.0.2623.112 Safari/537.36"
40.77.167.128 - - [22/Feb/2017:03:30:47 +0100] "GET /books/part/7846 HTTP/1.1" 200 43294 "-" "Mozilla/5.0 (compatible; bingbot/2.0; +http://www.bing.com/bingbot.htm)"
35.157.113.251 - - [22/Feb/2017:03:30:51 +0100] "GET /books/part/1530 HTTP/1.1" 200 25353 "-" "Mozilla/5.0 (Macintosh; Intel Mac OS X 10.10; rv:38.0) Gecko/20100101 Firefox/38.0"
37.9.118.28 - - [22/Feb/2017:03:31:05 +0100] "GET / HTTP/1.1" 200 27625 "-" "Mozilla/5.0 (compatible; YandexMetrika/2.0; +http://yandex.com/bots mtmon01i.yandex.ru)"
164.132.161.38 - - [22/Feb/2017:03:31:40 +0100] "GET /books/part/21562 HTTP/1.1" 200 10774 "-" "Mozilla/5.0 (compatible; AhrefsBot/5.2; +http://ahrefs.com/robot/)"
178.34.198.116 - - [22/Feb/2017:03:31:57 +0100] "GET /books/part/337 HTTP/1.1" 200 14438 "-" "Mozilla/5.0 (Windows NT 6.3; WOW64) AppleWebKit/537.36 (KHTML, like Gecko) Chrome/53.0.2785.143 Safari/537.36"
68.180.230.235 - - [22/Feb/2017:03:34:08 +0100] "GET /books/part/11649 HTTP/1.1" 200 10844 "-" "Mozilla/5.0 (compatible; Yahoo! Slurp; http://help.yahoo.com/help/us/ysearch/slurp)"
212.8.236.60 - - [22/Feb/2017:03:34:31 +0100] "GET /books/part/17862 HTTP/1.1" 200 42757 "-" "HybridBot (hybrid.ru/about. If our bot caused problems please contact us. Contact email: m.lyashkov@targetix.net)"
212.8.236.60 - - [22/Feb/2017:03:34:32 +0100] "GET /books/part/17862 HTTP/1.1" 200 42757 "-" "HybridBot (hybrid.ru/about. If our bot caused problems please contact us. Contact email: m.lyashkov@targetix.net)"
176.14.197.130 - - [22/Feb/2017:03:34:33 +0100] "GET /books/part/21532 HTTP/1.1" 200 15150 "http://yandex.ru/clck/jsredir?from=yandex.ru%3Bsearch%3Bweb%3B%3B&text=&etext=1339.HYBLjBpnrnrow-0Eo3cUJYxds_GcVw5Vs_lsPh2DX4D7iAenFNrcMqYjpOCtJxI9.b473656ce566ba3d764b6e2bdfd2dbde0d9b17ed&uuid=&state=_BLhILn4SxNIvvL0W45KSic66uCIg23qh8iRG98qeIXmeppkgUc0YGHEttDsYq_w3pSJtejupWg&data=UlNrNmk5WktYejR0eWJFYk1LdmtxaTQ0SWtiQ0JRWVZmeTVNTlpFaUV5Y1hTb2tFVWYzSDNTOXg1SExaZllQS3FxcnhCREhWcXFybVNhbE5DRzFQLW4ydi1pR2RUcUVnWjl6aHVvZnY2TjljSHVyUFpETXN1S2lKS0ZFYnNDc2Y&b64e=2&sign=5ffa610bbbfdb1a59614d97063e11952&keyno=0&cst=AiuY0DBWFJ7IXge4WdYJQa9gkHE_3kbiQLGYpm04-7P_SQrlhezqqvQEF6wDvBpcFPT5irGpTZifvcVtjaNPQtLx-Lvtb_M3QAB8Gt2LAaeFGTFyzWwgzKdB6xJ0HtZdBrNibOjlqGX6FXwToVyeej44ExrtL0Bi&ref=orjY4mGPRjk5boDnW0uvlrrd71vZw9kp5uQozpMtKCXboeqr305aIKB004aFkQ5M7gjMIMie3TFm1x1_jvIk88HmgfUAGyjlG3ExbnC4FFGSsu6JJrghDQ&l10n=ru&cts=1487730127343&mc=5.02593001797" "Mozilla/4.0 (compatible; MSIE 8.0; Windows NT 5.1; Trident/4.0; .NET CLR 1.1.4322; .NET CLR 2.0.50727; .NET CLR 3.0.4506.2152; .NET CLR 3.5.30729; .NET4.0C; .NET4.0E)"
176.14.197.130 - - [22/Feb/2017:03:34:33 +0100] "GET /css/s.css HTTP/1.1" 200 228 "http://econbooks.ru/books/part/21532" "Mozilla/4.0 (compatible; MSIE 8.0; Windows NT 5.1; Trident/4.0; .NET CLR 1.1.4322; .NET CLR 2.0.50727; .NET CLR 3.0.4506.2152; .NET CLR 3.5.30729; .NET4.0C; .NET4.0E)"
176.14.197.130 - - [22/Feb/2017:03:34:33 +0100] "GET /css/bootstrap.css HTTP/1.1" 200 146970 "http://econbooks.ru/books/part/21532" "Mozilla/4.0 (compatible; MSIE 8.0; Windows NT 5.1; Trident/4.0; .NET CLR 1.1.4322; .NET CLR 2.0.50727; .NET CLR 3.0.4506.2152; .NET CLR 3.5.30729; .NET4.0C; .NET4.0E)"
176.14.197.130 - - [22/Feb/2017:03:34:33 +0100] "GET /js/jquery.js HTTP/1.1" 200 92635 "http://econbooks.ru/books/part/21532" "Mozilla/4.0 (compatible; MSIE 8.0; Windows NT 5.1; Trident/4.0; .NET CLR 1.1.4322; .NET CLR 2.0.50727; .NET CLR 3.0.4506.2152; .NET CLR 3.5.30729; .NET4.0C; .NET4.0E)"
176.14.197.130 - - [22/Feb/2017:03:34:33 +0100] "GET /js/md5-min.js HTTP/1.1" 200 5275 "http://econbooks.ru/books/part/21532" "Mozilla/4.0 (compatible; MSIE 8.0; Windows NT 5.1; Trident/4.0; .NET CLR 1.1.4322; .NET CLR 2.0.50727; .NET CLR 3.0.4506.2152; .NET CLR 3.5.30729; .NET4.0C; .NET4.0E)"
176.14.197.130 - - [22/Feb/2017:03:34:33 +0100] "GET /css/bootstrap-responsive.css HTTP/1.1" 200 22111 "http://econbooks.ru/books/part/21532" "Mozilla/4.0 (compatible; MSIE 8.0; Windows NT 5.1; Trident/4.0; .NET CLR 1.1.4322; .NET CLR 2.0.50727; .NET CLR 3.0.4506.2152; .NET CLR 3.5.30729; .NET4.0C; .NET4.0E)"
176.14.197.130 - - [22/Feb/2017:03:34:33 +0100] "GET /js/html5shiv.js HTTP/1.1" 404 9145 "http://econbooks.ru/books/part/21532" "Mozilla/4.0 (compatible; MSIE 8.0; Windows NT 5.1; Trident/4.0; .NET CLR 1.1.4322; .NET CLR 2.0.50727; .NET CLR 3.0.4506.2152; .NET CLR 3.5.30729; .NET4.0C; .NET4.0E)"
176.14.197.130 - - [22/Feb/2017:03:34:34 +0100] "GET /js/bootstrap.min.js HTTP/1.1" 200 28538 "http://econbooks.ru/books/part/21532" "Mozilla/4.0 (compatible; MSIE 8.0; Windows NT 5.1; Trident/4.0; .NET CLR 1.1.4322; .NET CLR 2.0.50727; .NET CLR 3.0.4506.2152; .NET CLR 3.5.30729; .NET4.0C; .NET4.0E)"
40.77.167.128 - - [22/Feb/2017:03:34:42 +0100] "GET /books/part/22358 HTTP/1.1" 200 43228 "-" "Mozilla/5.0 (compatible; bingbot/2.0; +http://www.bing.com/bingbot.htm)"
163.172.64.177 - - [22/Feb/2017:03:35:00 +0100] "GET /books/part/11344 HTTP/1.1" 200 25514 "-" "Mozilla/5.0 (compatible; AhrefsBot/5.2; +http://ahrefs.com/robot/)"
217.69.134.11 - - [22/Feb/2017:03:35:48 +0100] "GET /sitemap.xml HTTP/1.1" 304 0 "-" "Mozilla/5.0 (compatible; Linux x86_64; Mail.RU_Bot/Fast/2.0; +http://go.mail.ru/help/robots)"
150.70.173.8 - - [22/Feb/2017:03:36:06 +0100] "GET / HTTP/1.1" 200 27625 "-" "Mozilla/4.0 (compatible; MSIE 8.0; Windows NT 5.1; Trident/4.0)"
40.77.167.90 - - [22/Feb/2017:03:37:16 +0100] "GET /books/part/16078 HTTP/1.1" 200 29302 "-" "Mozilla/5.0 (compatible; bingbot/2.0; +http://www.bing.com/bingbot.htm)"
188.244.47.215 - - [22/Feb/2017:03:37:18 +0100] "GET /books/part/16610 HTTP/1.1" 200 29046 "http://yandex.ru/clck/jsredir?from=yandex.ru%3Bsearch%3Bweb%3B%3B&text=&etext=1339.NoGYBAm4c5ksY0nXxEM8QRMtHLVQ-AseVVHKtPNWv4Sjbxkg81hdTeUAF2xpLjcg.489da6ff67ccd6a35bf52bb419ae4e26adf50b8f&uuid=&state=_BLhILn4SxNIvvL0W45KSic66uCIg23qh8iRG98qeIXmeppkgUc0YL_nDC5hqtEQ6WayFoZKRZE&data=UlNrNmk5WktYejR0eWJFYk1LdmtxaTQ0SWtiQ0JRWVZmeTVNTlpFaUV5Y1hTb2tFVWYzSDNUNjZWUmtQVTBmNWZISVpnVE1ENnZYWkloX2dNUVROUFVFOHFwUEY4NEJ4OHF0YU1rczF1clpWaVFJUzZmWHNoQy1idFk4eEVRY1Q&b64e=2&sign=36cc8664040dac585602caf0a70f8b83&keyno=0&cst=AiuY0DBWFJ7IXge4WdYJQXbYQp9t5VF6wtUe3zbMmeBzdyqknRFh-JQkwblD3pXXoBRXk3AF83Akv6lyxXEbj6yVdsAXOoNAiZkd5GwWV4n_cPvFMWNLYVw9rBXwA_O81CHNrCn2MacviibIMdQzlCOQuvd7Qtv2&ref=orjY4mGPRjk5boDnW0uvlrrd71vZw9kp5uQozpMtKCV-bB70LKhDfLXncPaT9jJJNvt1pRTTzTmMssWjguQkIBJYfzQEg05150z_CcpuHV3GpUrqvzKtLQ&l10n=ru&cts=1487730678363&mc=7.11989219188" "Mozilla/4.0 (compatible; MSIE 8.0; Windows NT 6.1; Trident/4.0; SLCC2; .NET CLR 2.0.50727; .NET CLR 3.5.30729; .NET CLR 3.0.30729; Media Center PC 6.0; Tablet PC 2.0)"
188.244.47.215 - - [22/Feb/2017:03:37:19 +0100] "GET /css/s.css HTTP/1.1" 200 228 "http://econbooks.ru/books/part/16610" "Mozilla/4.0 (compatible; MSIE 8.0; Windows NT 6.1; Trident/4.0; SLCC2; .NET CLR 2.0.50727; .NET CLR 3.5.30729; .NET CLR 3.0.30729; Media Center PC 6.0; Tablet PC 2.0)"
188.244.47.215 - - [22/Feb/2017:03:37:19 +0100] "GET /js/jquery.js HTTP/1.1" 200 92635 "http://econbooks.ru/books/part/16610" "Mozilla/4.0 (compatible; MSIE 8.0; Windows NT 6.1; Trident/4.0; SLCC2; .NET CLR 2.0.50727; .NET CLR 3.5.30729; .NET CLR 3.0.30729; Media Center PC 6.0; Tablet PC 2.0)"
188.244.47.215 - - [22/Feb/2017:03:37:19 +0100] "GET /js/md5-min.js HTTP/1.1" 200 5275 "http://econbooks.ru/books/part/16610" "Mozilla/4.0 (compatible; MSIE 8.0; Windows NT 6.1; Trident/4.0; SLCC2; .NET CLR 2.0.50727; .NET CLR 3.5.30729; .NET CLR 3.0.30729; Media Center PC 6.0; Tablet PC 2.0)"
188.244.47.215 - - [22/Feb/2017:03:37:19 +0100] "GET /css/bootstrap.css HTTP/1.1" 200 146970 "http://econbooks.ru/books/part/16610" "Mozilla/4.0 (compatible; MSIE 8.0; Windows NT 6.1; Trident/4.0; SLCC2; .NET CLR 2.0.50727; .NET CLR 3.5.30729; .NET CLR 3.0.30729; Media Center PC 6.0; Tablet PC 2.0)"
188.244.47.215 - - [22/Feb/2017:03:37:19 +0100] "GET /css/bootstrap-responsive.css HTTP/1.1" 200 22111 "http://econbooks.ru/books/part/16610" "Mozilla/4.0 (compatible; MSIE 8.0; Windows NT 6.1; Trident/4.0; SLCC2; .NET CLR 2.0.50727; .NET CLR 3.5.30729; .NET CLR 3.0.30729; Media Center PC 6.0; Tablet PC 2.0)"
188.244.47.215 - - [22/Feb/2017:03:37:19 +0100] "GET /js/html5shiv.js HTTP/1.1" 404 9145 "http://econbooks.ru/books/part/16610" "Mozilla/4.0 (compatible; MSIE 8.0; Windows NT 6.1; Trident/4.0; SLCC2; .NET CLR 2.0.50727; .NET CLR 3.5.30729; .NET CLR 3.0.30729; Media Center PC 6.0; Tablet PC 2.0)"
188.244.47.215 - - [22/Feb/2017:03:37:21 +0100] "GET /js/jquery.js HTTP/1.1" 200 92635 "http://econbooks.ru/books/part/16610" "Mozilla/4.0 (compatible; MSIE 8.0; Windows NT 6.1; Trident/4.0; SLCC2; .NET CLR 2.0.50727; .NET CLR 3.5.30729; .NET CLR 3.0.30729; Media Center PC 6.0; Tablet PC 2.0)"
188.244.47.215 - - [22/Feb/2017:03:37:21 +0100] "GET /js/bootstrap.min.js HTTP/1.1" 200 28538 "http://econbooks.ru/books/part/16610" "Mozilla/4.0 (compatible; MSIE 8.0; Windows NT 6.1; Trident/4.0; SLCC2; .NET CLR 2.0.50727; .NET CLR 3.5.30729; .NET CLR 3.0.30729; Media Center PC 6.0; Tablet PC 2.0)"
157.55.39.239 - - [22/Feb/2017:03:37:31 +0100] "GET /books/part/15698 HTTP/1.1" 200 34118 "-" "Mozilla/5.0 (compatible; bingbot/2.0; +http://www.bing.com/bingbot.htm)"
83.149.21.227 - - [22/Feb/2017:03:37:47 +0100] "GET /favicon.ico HTTP/1.1" 404 9141 "-" "Mozilla/5.0 (Windows NT 6.1; WOW64) AppleWebKit/537.36 (KHTML, like Gecko) Chrome/55.0.2883.95 YaBrowser/17.1.1.1003 Yowser/2.5 Safari/537.36"
163.172.66.161 - - [22/Feb/2017:03:38:06 +0100] "GET /books/part/18592 HTTP/1.1" 200 38594 "-" "Mozilla/5.0 (compatible; AhrefsBot/5.2; +http://ahrefs.com/robot/)"
213.87.121.103 - - [22/Feb/2017:03:38:48 +0100] "GET /books/part/21241 HTTP/1.1" 200 19304 "https://www.google.ru/" "Mozilla/5.0 (Linux; Android 4.4.2; GT-I9301I Build/KOT49H) AppleWebKit/537.36 (KHTML, like Gecko) Chrome/55.0.2883.91 Mobile Safari/537.36"
213.87.121.103 - - [22/Feb/2017:03:38:49 +0100] "GET /css/s.css HTTP/1.1" 200 228 "http://econbooks.ru/books/part/21241" "Mozilla/5.0 (Linux; Android 4.4.2; GT-I9301I Build/KOT49H) AppleWebKit/537.36 (KHTML, like Gecko) Chrome/55.0.2883.91 Mobile Safari/537.36"
213.87.121.103 - - [22/Feb/2017:03:38:49 +0100] "GET /css/bootstrap-responsive.css HTTP/1.1" 200 22111 "http://econbooks.ru/books/part/21241" "Mozilla/5.0 (Linux; Android 4.4.2; GT-I9301I Build/KOT49H) AppleWebKit/537.36 (KHTML, like Gecko) Chrome/55.0.2883.91 Mobile Safari/537.36"
213.87.121.103 - - [22/Feb/2017:03:38:49 +0100] "GET /js/md5-min.js HTTP/1.1" 200 5275 "http://econbooks.ru/books/part/21241" "Mozilla/5.0 (Linux; Android 4.4.2; GT-I9301I Build/KOT49H) AppleWebKit/537.36 (KHTML, like Gecko) Chrome/55.0.2883.91 Mobile Safari/537.36"
213.87.121.103 - - [22/Feb/2017:03:38:49 +0100] "GET /js/bootstrap.min.js HTTP/1.1" 200 28538 "http://econbooks.ru/books/part/21241" "Mozilla/5.0 (Linux; Android 4.4.2; GT-I9301I Build/KOT49H) AppleWebKit/537.36 (KHTML, like Gecko) Chrome/55.0.2883.91 Mobile Safari/537.36"
213.87.121.103 - - [22/Feb/2017:03:38:49 +0100] "GET /js/jquery.js HTTP/1.1" 200 92635 "http://econbooks.ru/books/part/21241" "Mozilla/5.0 (Linux; Android 4.4.2; GT-I9301I Build/KOT49H) AppleWebKit/537.36 (KHTML, like Gecko) Chrome/55.0.2883.91 Mobile Safari/537.36"
213.87.121.103 - - [22/Feb/2017:03:38:49 +0100] "GET /css/bootstrap.css HTTP/1.1" 200 146970 "http://econbooks.ru/books/part/21241" "Mozilla/5.0 (Linux; Android 4.4.2; GT-I9301I Build/KOT49H) AppleWebKit/537.36 (KHTML, like Gecko) Chrome/55.0.2883.91 Mobile Safari/537.36"
213.87.121.103 - - [22/Feb/2017:03:38:50 +0100] "GET /img/logo.png HTTP/1.1" 200 2870 "http://econbooks.ru/css/s.css" "Mozilla/5.0 (Linux; Android 4.4.2; GT-I9301I Build/KOT49H) AppleWebKit/537.36 (KHTML, like Gecko) Chrome/55.0.2883.91 Mobile Safari/537.36"
213.87.121.103 - - [22/Feb/2017:03:38:50 +0100] "GET /img/glyphicons-halflings.png HTTP/1.1" 200 12799 "http://econbooks.ru/css/bootstrap.css" "Mozilla/5.0 (Linux; Android 4.4.2; GT-I9301I Build/KOT49H) AppleWebKit/537.36 (KHTML, like Gecko) Chrome/55.0.2883.91 Mobile Safari/537.36"
35.157.113.251 - - [22/Feb/2017:03:38:51 +0100] "GET /books/part/21241 HTTP/1.1" 200 19304 "-" "Mozilla/5.0 (Macintosh; Intel Mac OS X 10.10; rv:38.0) Gecko/20100101 Firefox/38.0"
213.87.121.103 - - [22/Feb/2017:03:38:57 +0100] "GET /favicon.ico HTTP/1.1" 404 9141 "http://econbooks.ru/books/part/21241" "Mozilla/5.0 (Linux; Android 4.4.2; GT-I9301I Build/KOT49H) AppleWebKit/537.36 (KHTML, like Gecko) Chrome/55.0.2883.91 Mobile Safari/537.36"
95.156.72.245 - - [22/Feb/2017:03:39:19 +0100] "GET /books/part/16601 HTTP/1.1" 200 18312 "http://yandex.ru/clck/jsredir?from=yandex.ru%3Byandsearch%3Bweb%3B%3B&text=&etext=1339.2SfA-4MQVZ8AVx0Qw_F9uAnl6uJKLaytoPnUZXQK8Lgk6p83iYhdiKu5uEhuWUOLcrOIV--tbv5kmhlRgjLg18Y96LJ41wW8kBDjc2SwZr2esiUsMGXhhGLksPU3r80m1d8iBFmtcVFHLtzivuEldw.923f870edd6581a0514b8ac4cb4124f09449ef3b&uuid=&state=PEtFfuTeVD5kpHnK9lio9cUEbBkAQk_OOdnS3yGICl6Zd40IL1pIMg,,&&cst=AiuY0DBWFJ5Hyx_fyvalFJsf49PT3r47bU07aJDafk9ECZsvha-W1BZogxI6dsUnkl5YnpD57e3B9HAdJtyuRE9H83xjIfsKg7zHfAgYwgjpdwWoeBJxl5akCOb_OFJsqYo2B2EJME4Gag7mVOQ6aF-HehYil8dnuQosCXqkZoDImxXY664dNyk2aU3ymA_Hp-LWheZ18pw8EPQZTfqjBMTU0IwNXjgXFIKFFUid5QL1P-y7Ih6tIoEAmoPXSZ5oxetod6qJyVaIdLN1dNKDijc1OIMcOCfp5yL1zswedNxzc1Ilo2fFFQ,,&data=UlNrNmk5WktYejdOT2w3NU1xVUY1R3FOV0pXbTBndVdobkV6ZERHc09pTXFEX0loTDJ1ZU1RcGt0LV9NU0s0MUt3RlJaOGxoWjEtRUFHWERfTjM2LUhkcHJoSU91UjlUTjFYQjE3YjJVS3FEaWVtbmVIQ0Ffdyws&sign=e4bf3fe014cbf6f1d30b7414fb4eab2a&keyno=0&b64e=2&ref=orjY4mGPRjk5boDnW0uvlpAgqs5Jg3qugxMaS29Lcl5m0sDKD17hklH5f_VWwvwV3qDpDxftLtppobG_mK60Tz7TabkDJFfMy4rS_4tATD2MFRpbGAwcCm2OnB3Ao6Xy_mBs1bWd5P9NZVuS5gxIub6Ba0T262Ck895odrGkWfDzh0ddLNzfVcE9Zn1kOSMiyW7ZdqlB2BeEB3AAWFn0g-MgEWVSGM4D8PzQp3_I-V7DKiuM9Hpr9j2CLZyc7pypqHguXXQjdvmns3Fj03rak_s6PsBev9-NPjWlwsvYqeRLRJdQ2SXGHjia5JXjVNUrpsHOwqM2e8eJMvzGwggOOtFv0UFuCyuZD2GsQ59rxRuoD_7F8Mi7MWBkEcmiOz_3KXINIffuEt0,&l10n=ru&cts=1487731157787" "Mozilla/4.0 (compatible; MSIE 6.0; Windows NT 5.1; Trident/4.0; .NET CLR 2.0.50727; InfoPath.1; .NET CLR 3.0.4506.2152; .NET CLR 3.5.30729; .NET4.0C; .NET4.0E)"
95.156.72.245 - - [22/Feb/2017:03:39:19 +0100] "GET /js/jquery.js HTTP/1.1" 200 92635 "http://econbooks.ru/books/part/16601" "Mozilla/4.0 (compatible; MSIE 6.0; Windows NT 5.1; Trident/4.0; .NET CLR 2.0.50727; InfoPath.1; .NET CLR 3.0.4506.2152; .NET CLR 3.5.30729; .NET4.0C; .NET4.0E)"
95.156.72.245 - - [22/Feb/2017:03:39:19 +0100] "GET /css/bootstrap.css HTTP/1.1" 200 146970 "http://econbooks.ru/books/part/16601" "Mozilla/4.0 (compatible; MSIE 6.0; Windows NT 5.1; Trident/4.0; .NET CLR 2.0.50727; InfoPath.1; .NET CLR 3.0.4506.2152; .NET CLR 3.5.30729; .NET4.0C; .NET4.0E)"
95.156.72.245 - - [22/Feb/2017:03:39:20 +0100] "GET /css/s.css HTTP/1.1" 200 228 "http://econbooks.ru/books/part/16601" "Mozilla/4.0 (compatible; MSIE 6.0; Windows NT 5.1; Trident/4.0; .NET CLR 2.0.50727; InfoPath.1; .NET CLR 3.0.4506.2152; .NET CLR 3.5.30729; .NET4.0C; .NET4.0E)"
95.156.72.245 - - [22/Feb/2017:03:39:20 +0100] "GET /js/md5-min.js HTTP/1.1" 200 5275 "http://econbooks.ru/books/part/16601" "Mozilla/4.0 (compatible; MSIE 6.0; Windows NT 5.1; Trident/4.0; .NET CLR 2.0.50727; InfoPath.1; .NET CLR 3.0.4506.2152; .NET CLR 3.5.30729; .NET4.0C; .NET4.0E)"
95.156.72.245 - - [22/Feb/2017:03:39:20 +0100] "GET /css/bootstrap-responsive.css HTTP/1.1" 200 22111 "http://econbooks.ru/books/part/16601" "Mozilla/4.0 (compatible; MSIE 6.0; Windows NT 5.1; Trident/4.0; .NET CLR 2.0.50727; InfoPath.1; .NET CLR 3.0.4506.2152; .NET CLR 3.5.30729; .NET4.0C; .NET4.0E)"
95.156.72.245 - - [22/Feb/2017:03:39:20 +0100] "GET /js/html5shiv.js HTTP/1.1" 404 9145 "http://econbooks.ru/books/part/16601" "Mozilla/4.0 (compatible; MSIE 6.0; Windows NT 5.1; Trident/4.0; .NET CLR 2.0.50727; InfoPath.1; .NET CLR 3.0.4506.2152; .NET CLR 3.5.30729; .NET4.0C; .NET4.0E)"
95.156.72.245 - - [22/Feb/2017:03:39:20 +0100] "GET /js/bootstrap.min.js HTTP/1.1" 200 28538 "http://econbooks.ru/books/part/16601" "Mozilla/4.0 (compatible; MSIE 6.0; Windows NT 5.1; Trident/4.0; .NET CLR 2.0.50727; InfoPath.1; .NET CLR 3.0.4506.2152; .NET CLR 3.5.30729; .NET4.0C; .NET4.0E)"
124.158.112.2 - - [22/Feb/2017:03:39:21 +0100] "GET /wp-login.php HTTP/1.1" 404 9142 "-" "Mozilla/5.0 (Windows NT 6.1; WOW64; rv:40.0) Gecko/20100101 Firefox/40.1"
124.158.112.2 - - [22/Feb/2017:03:39:21 +0100] "GET / HTTP/1.1" 200 27625 "-" "Mozilla/5.0 (Windows NT 6.1; WOW64; rv:40.0) Gecko/20100101 Firefox/40.1"
95.156.72.245 - - [22/Feb/2017:03:39:22 +0100] "GET /img/logo.png HTTP/1.1" 200 2870 "http://econbooks.ru/books/part/16601" "Mozilla/4.0 (compatible; MSIE 6.0; Windows NT 5.1; Trident/4.0; .NET CLR 2.0.50727; InfoPath.1; .NET CLR 3.0.4506.2152; .NET CLR 3.5.30729; .NET4.0C; .NET4.0E)"
95.156.72.245 - - [22/Feb/2017:03:39:22 +0100] "GET /img/glyphicons-halflings.png HTTP/1.1" 200 12799 "http://econbooks.ru/books/part/16601" "Mozilla/4.0 (compatible; MSIE 6.0; Windows NT 5.1; Trident/4.0; .NET CLR 2.0.50727; InfoPath.1; .NET CLR 3.0.4506.2152; .NET CLR 3.5.30729; .NET4.0C; .NET4.0E)"
66.249.89.67 - - [22/Feb/2017:03:39:22 +0100] "GET /books/part/16601 HTTP/1.1" 200 18312 "-" "Mediapartners-Google"
141.8.142.161 - - [22/Feb/2017:03:39:24 +0100] "GET /books/part/16601 HTTP/1.1" 200 18312 "-" "Mozilla/5.0 (compatible; YandexBot/3.0; +http://yandex.com/bots)"
40.77.167.90 - - [22/Feb/2017:03:39:24 +0100] "GET /books/view/29 HTTP/1.1" 200 24527 "-" "Mozilla/5.0 (compatible; bingbot/2.0; +http://www.bing.com/bingbot.htm)"
95.156.72.245 - - [22/Feb/2017:03:39:27 +0100] "GET /favicon.ico HTTP/1.1" 404 9141 "-" "Mozilla/4.0 (compatible; MSIE 6.0; Windows NT 5.1; Trident/4.0; .NET CLR 2.0.50727; InfoPath.1; .NET CLR 3.0.4506.2152; .NET CLR 3.5.30729; .NET4.0C; .NET4.0E)"
66.249.64.139 - - [22/Feb/2017:03:39:28 +0100] "GET /books/part/16398 HTTP/1.1" 200 26820 "-" "Mozilla/5.0 (Linux; Android 6.0.1; Nexus 5X Build/MMB29P) AppleWebKit/537.36 (KHTML, like Gecko) Chrome/41.0.2272.96 Mobile Safari/537.36 (compatible; Googlebot/2.1; +http://www.google.com/bot.html)"
52.166.187.2 - - [22/Feb/2017:03:39:28 +0100] "GET /books/part/16601 HTTP/1.1" 200 18312 "-" "Opera/9.51 (Windows NT 5.1; U; en)"
157.55.39.239 - - [22/Feb/2017:03:39:35 +0100] "GET /books/part/16546 HTTP/1.1" 200 10672 "-" "Mozilla/5.0 (compatible; bingbot/2.0; +http://www.bing.com/bingbot.htm)"
176.69.60.17 - - [22/Feb/2017:03:40:51 +0100] "GET /books/part/20968 HTTP/1.1" 200 42385 "-" "Mozilla/5.0 (Linux; Android 4.2.2; GT-I9082 Build/JDQ39) AppleWebKit/537.36 (KHTML, like Gecko) Chrome/55.0.2883.91 Mobile Safari/537.36"
176.69.60.17 - - [22/Feb/2017:03:40:52 +0100] "GET /css/s.css HTTP/1.1" 200 228 "http://econbooks.ru/books/part/20968" "Mozilla/5.0 (Linux; Android 4.2.2; GT-I9082 Build/JDQ39) AppleWebKit/537.36 (KHTML, like Gecko) Chrome/55.0.2883.91 Mobile Safari/537.36"
176.69.60.17 - - [22/Feb/2017:03:40:52 +0100] "GET /js/md5-min.js HTTP/1.1" 200 5275 "http://econbooks.ru/books/part/20968" "Mozilla/5.0 (Linux; Android 4.2.2; GT-I9082 Build/JDQ39) AppleWebKit/537.36 (KHTML, like Gecko) Chrome/55.0.2883.91 Mobile Safari/537.36"
176.69.60.17 - - [22/Feb/2017:03:40:52 +0100] "GET /css/bootstrap-responsive.css HTTP/1.1" 200 22111 "http://econbooks.ru/books/part/20968" "Mozilla/5.0 (Linux; Android 4.2.2; GT-I9082 Build/JDQ39) AppleWebKit/537.36 (KHTML, like Gecko) Chrome/55.0.2883.91 Mobile Safari/537.36"
176.69.60.17 - - [22/Feb/2017:03:40:52 +0100] "GET /js/bootstrap.min.js HTTP/1.1" 200 28538 "http://econbooks.ru/books/part/20968" "Mozilla/5.0 (Linux; Android 4.2.2; GT-I9082 Build/JDQ39) AppleWebKit/537.36 (KHTML, like Gecko) Chrome/55.0.2883.91 Mobile Safari/537.36"
176.69.60.17 - - [22/Feb/2017:03:40:52 +0100] "GET /js/jquery.js HTTP/1.1" 200 92635 "http://econbooks.ru/books/part/20968" "Mozilla/5.0 (Linux; Android 4.2.2; GT-I9082 Build/JDQ39) AppleWebKit/537.36 (KHTML, like Gecko) Chrome/55.0.2883.91 Mobile Safari/537.36"
176.69.60.17 - - [22/Feb/2017:03:40:51 +0100] "GET /css/bootstrap.css HTTP/1.1" 200 146970 "http://econbooks.ru/books/part/20968" "Mozilla/5.0 (Linux; Android 4.2.2; GT-I9082 Build/JDQ39) AppleWebKit/537.36 (KHTML, like Gecko) Chrome/55.0.2883.91 Mobile Safari/537.36"
176.69.60.17 - - [22/Feb/2017:03:40:54 +0100] "GET /img/glyphicons-halflings.png HTTP/1.1" 200 12799 "http://econbooks.ru/css/bootstrap.css" "Mozilla/5.0 (Linux; Android 4.2.2; GT-I9082 Build/JDQ39) AppleWebKit/537.36 (KHTML, like Gecko) Chrome/55.0.2883.91 Mobile Safari/537.36"
176.69.60.17 - - [22/Feb/2017:03:40:54 +0100] "GET /img/logo.png HTTP/1.1" 200 2870 "http://econbooks.ru/css/s.css" "Mozilla/5.0 (Linux; Android 4.2.2; GT-I9082 Build/JDQ39) AppleWebKit/537.36 (KHTML, like Gecko) Chrome/55.0.2883.91 Mobile Safari/537.36"
176.69.60.17 - - [22/Feb/2017:03:41:01 +0100] "GET /favicon.ico HTTP/1.1" 404 9141 "http://econbooks.ru/books/part/20968" "Mozilla/5.0 (Linux; Android 4.2.2; GT-I9082 Build/JDQ39) AppleWebKit/537.36 (KHTML, like Gecko) Chrome/55.0.2883.91 Mobile Safari/537.36"
40.77.167.45 - - [22/Feb/2017:03:41:02 +0100] "GET /books/part/17420 HTTP/1.1" 200 10740 "-" "Mozilla/5.0 (compatible; bingbot/2.0; +http://www.bing.com/bingbot.htm)"
51.255.65.4 - - [22/Feb/2017:03:41:14 +0100] "GET /books/part/18549 HTTP/1.1" 200 10436 "-" "Mozilla/5.0 (compatible; AhrefsBot/5.2; +http://ahrefs.com/robot/)"
141.8.132.14 - - [22/Feb/2017:03:41:21 +0100] "GET /books/part/21235 HTTP/1.1" 200 20376 "-" "Mozilla/5.0 (iPhone; CPU iPhone OS 8_1 like Mac OS X) AppleWebKit/600.1.4 (KHTML, like Gecko) Version/8.0 Mobile/12B411 Safari/600.1.4 (compatible; YandexMobileBot/3.0; +http://yandex.com/bots)"
40.77.167.128 - - [22/Feb/2017:03:41:35 +0100] "GET /books/category/Ekonomika HTTP/1.1" 200 9435 "-" "Mozilla/5.0 (compatible; bingbot/2.0; +http://www.bing.com/bingbot.htm)"
80.83.237.107 - - [22/Feb/2017:03:41:39 +0100] "GET /books/part/5285 HTTP/1.1" 200 46950 "https://www.google.ru/" "Mozilla/5.0 (Linux; Android 4.2.2; KENEKSI_Zeta Build/JDQ39) AppleWebKit/537.36 (KHTML, like Gecko) Chrome/56.0.2924.87 Mobile Safari/537.36"
80.83.237.107 - - [22/Feb/2017:03:41:39 +0100] "GET /css/s.css HTTP/1.1" 200 228 "http://econbooks.ru/books/part/5285" "Mozilla/5.0 (Linux; Android 4.2.2; KENEKSI_Zeta Build/JDQ39) AppleWebKit/537.36 (KHTML, like Gecko) Chrome/56.0.2924.87 Mobile Safari/537.36"
80.83.237.107 - - [22/Feb/2017:03:41:39 +0100] "GET /js/md5-min.js HTTP/1.1" 200 5275 "http://econbooks.ru/books/part/5285" "Mozilla/5.0 (Linux; Android 4.2.2; KENEKSI_Zeta Build/JDQ39) AppleWebKit/537.36 (KHTML, like Gecko) Chrome/56.0.2924.87 Mobile Safari/537.36"
80.83.237.107 - - [22/Feb/2017:03:41:39 +0100] "GET /css/bootstrap-responsive.css HTTP/1.1" 200 22111 "http://econbooks.ru/books/part/5285" "Mozilla/5.0 (Linux; Android 4.2.2; KENEKSI_Zeta Build/JDQ39) AppleWebKit/537.36 (KHTML, like Gecko) Chrome/56.0.2924.87 Mobile Safari/537.36"
80.83.237.107 - - [22/Feb/2017:03:41:39 +0100] "GET /css/bootstrap.css HTTP/1.1" 200 146970 "http://econbooks.ru/books/part/5285" "Mozilla/5.0 (Linux; Android 4.2.2; KENEKSI_Zeta Build/JDQ39) AppleWebKit/537.36 (KHTML, like Gecko) Chrome/56.0.2924.87 Mobile Safari/537.36"
80.83.237.107 - - [22/Feb/2017:03:41:39 +0100] "GET /js/jquery.js HTTP/1.1" 200 92635 "http://econbooks.ru/books/part/5285" "Mozilla/5.0 (Linux; Android 4.2.2; KENEKSI_Zeta Build/JDQ39) AppleWebKit/537.36 (KHTML, like Gecko) Chrome/56.0.2924.87 Mobile Safari/537.36"
80.83.237.107 - - [22/Feb/2017:03:41:40 +0100] "GET /js/bootstrap.min.js HTTP/1.1" 200 28538 "http://econbooks.ru/books/part/5285" "Mozilla/5.0 (Linux; Android 4.2.2; KENEKSI_Zeta Build/JDQ39) AppleWebKit/537.36 (KHTML, like Gecko) Chrome/56.0.2924.87 Mobile Safari/537.36"
80.83.237.107 - - [22/Feb/2017:03:41:41 +0100] "GET /img/glyphicons-halflings.png HTTP/1.1" 200 12799 "http://econbooks.ru/css/bootstrap.css" "Mozilla/5.0 (Linux; Android 4.2.2; KENEKSI_Zeta Build/JDQ39) AppleWebKit/537.36 (KHTML, like Gecko) Chrome/56.0.2924.87 Mobile Safari/537.36"
80.83.237.107 - - [22/Feb/2017:03:41:41 +0100] "GET /img/logo.png HTTP/1.1" 200 2870 "http://econbooks.ru/css/s.css" "Mozilla/5.0 (Linux; Android 4.2.2; KENEKSI_Zeta Build/JDQ39) AppleWebKit/537.36 (KHTML, like Gecko) Chrome/56.0.2924.87 Mobile Safari/537.36"
80.83.237.107 - - [22/Feb/2017:03:41:48 +0100] "GET /favicon.ico HTTP/1.1" 404 9141 "http://econbooks.ru/books/part/5285" "Mozilla/5.0 (Linux; Android 4.2.2; KENEKSI_Zeta Build/JDQ39) AppleWebKit/537.36 (KHTML, like Gecko) Chrome/56.0.2924.87 Mobile Safari/537.36"
178.91.21.131 - - [22/Feb/2017:03:42:16 +0100] "GET /books/part/2490 HTTP/1.1" 200 20185 "http://yandex.kz/clck/jsredir?from=yandex.kz%3Bsearch%2F%3Bweb%3B%3B&text=&etext=1339.k6Y62bE7vEHHad1_T9z60jVlQ03b0-Q18_9TjgaABE3in6FXkdu1BppUT39sOx4UFrEYzq08EIxFc_vAAZtAPtYAi31vlC8ViYC0yIT_1FIZNm3iTjdyD2YW3dgKKXBaZ5ljf2usWmPHLITjTqVxIc-gCNRFlU6M_ZoJLMDJqno.f1ef3ca31d7c32169eca9a0d185b4a199e901f2e&uuid=&state=PEtFfuTeVD5kpHnK9lio9XRXFZbT4Ua2FWo80joDQ0PY982vMS6LPA&data=UlNrNmk5WktYejR0eWJFYk1LdmtxaTQ0SWtiQ0JRWVZmeTVNTlpFaUV5Y1hTb2tFVWYzSDNTOXg1SExaZllQS3FMVjJUU1RCMHRKX1RvQi1Eb2htZmlQcFVUOE9qWFk0b0EzRFpoZzdMUEVyZ3REYXB0Vnl1ZHYzb0UtN0tTcTQ&b64e=2&sign=585ee4d4b7db37db6ebe5dd36e74be5d&keyno=0&cst=AiuY0DBWFJ5Hyx_fyvalFPz6J5n1zSqlLVXCWEkWWo9jJbustMHqt4kBdmhA7RZWSbZPqET5kV5i81pwJnnsVcBPsD_jya91qkA5wjxVufzSeboiDxT-OoKztP47hK-zYVhW5R_FqEs59OU3fX7LavmFzFKIyfrr88N7NMKZZtx3igvzVfem-7VuLXggebpaVbEmWZyp47ObfQ3gqz6Xy48suUS5KNpYZ5b3Ou-nwz7sEDsvVQ_j3tZAzBGm9NaXps1mR_AC5ftrx_wai1VTOVIMK4CDlajFpkO4yNrJEC3ECJIA4xQatokfrvzV3215o5u5zIhBT3VilE_8x3dhaY8coK8UUBdxLCKJ7VUnZFmMiSldgMBa9fzcQutf9KWZ7fVzBQGN_Diovv9faX0mgDQ63YHhW9g7&ref=orjY4mGPRjkm1GYumWD8VpzF_kJ2sVs5SN5U_WP76IUHQFRw1vVGjnhONh0gXFLjWxiXbhGUvJK2ndTQNWVGHETvtr_b3ht0btr6-WkFGJoTDRr69L3odk9ljsvLTOViRofvwu4RVAy4aQDlf6mIQp-k-gijFiTtDVRAB9OgcLv2LyEBVB3PeEA__F9VTa27FpIbnlFLXr86kNDCGGjgbi8UZ3o3U5L1C17xroFY1ZamqZi6-Ng5c3WtmJhJBx8x5_Kmoj2Y7om0PVHCImBNOSUr-hwIBi8XthlXmdEVyD0tQDoLtTOoFyMQz43rXDk0zJnnmcb1L0tuhD3RrwCLkzJlLxJAoFDlcNYrHm6NZndFsEdsZRW4nww0Lu927XJIqLI9jsxQnS1W_4yJsEXkWhB5LjLsjUfjt5OvUgCmsSSpZFPD4rLrGjj8bJVbwpBceFr5ahLmVx1OiZm19CndPBg9PnTPACdbumzPJmVRSkTBtItQB8xoyrCsqDktSNMAKiBR9HVZ955gnq4alnNDgDnIZC9otBbc&l10n=ru&cts=1487686390678&mc=4.793150069657034" "Mozilla/5.0 (Windows NT 6.1; WOW64) AppleWebKit/537.36 (KHTML, like Gecko) Chrome/55.0.2883.95 YaBrowser/17.1.0.2034 Safari/537.36"
